Archive member included because of file (symbol)

../../ecrobot/../ecrobot/libecrobot.a(ecrobot_interface.o)
                              build/nxt_interface.o (ecrobot_set_light_sensor_active)
../../ecrobot/../ecrobot/libecrobot.a(colorsensor.o)
                              ../../ecrobot/../ecrobot/libecrobot.a(ecrobot_interface.o) (colorsensor_init)
../../ecrobot/../ecrobot/libecrobot.a(osek_hook.o)
                              build/kernel/osctl.o (StartupHook)
../../ecrobot/../ecrobot/libecrobot.a(uart.oram)
                              build/config/at91sam7s-gnu/irq.oram (uart_isr_C_0)
../../ecrobot/../ecrobot/libecrobot.a(systick.oram)
                              build/syslib/at91sam7s-gnu/lego_nxt/hw_sys_timer.oram (systick_low_priority_C)
../../ecrobot/../ecrobot/libecrobot.a(byte_fifo.oram)
                              ../../ecrobot/../ecrobot/libecrobot.a(uart.oram) (byte_fifo_put)
../../ecrobot/../ecrobot/libecrobot.a(aic.oram)
                              ../../ecrobot/../ecrobot/libecrobot.a(uart.oram) (aic_set_vector)
../../ecrobot/../ecrobot/libecrobot.a(udp.oram)
                              build/config/at91sam7s-gnu/irq.oram (udp_isr_C)
../../ecrobot/../ecrobot/libecrobot.a(twi.oram)
                              build/config/at91sam7s-gnu/irq.oram (twi_isr_C)
../../ecrobot/../ecrobot/libecrobot.a(nxt_spi.oram)
                              build/config/at91sam7s-gnu/irq.oram (spi_isr_C)
../../ecrobot/../ecrobot/libecrobot.a(nxt_motors.oram)
                              build/nxt_interface.o (nxt_motor_get_count)
../../ecrobot/../ecrobot/libecrobot.a(data_abort.oram)
                              build/ecrobot_init.o (data_abort_C)
../../ecrobot/../ecrobot/libecrobot.a(display.oram)
                              build/ecrobot_base.o (display_update)
../../ecrobot/../ecrobot/libecrobot.a(i2c.oram)
                              build/config/at91sam7s-gnu/irq.oram (i2c_timer_isr_C)
../../ecrobot/../ecrobot/libecrobot.a(sound.oram)
                              ../../ecrobot/../ecrobot/libecrobot.a(ecrobot_interface.o) (sound_get_time)
../../ecrobot/../ecrobot/libecrobot.a(bt.oram)
                              build/ecrobot_bluetooth.o (bt_send)
../../ecrobot/../ecrobot/libecrobot.a(nxt_avr.oram)
                              build/ecrobot_base.o (nxt_avr_power_down)
../../ecrobot/../ecrobot/libecrobot.a(sensors.oram)
                              ../../ecrobot/../ecrobot/libecrobot.a(ecrobot_interface.o) (unset_digi0)
../../ecrobot/../ecrobot/libecrobot.a(sensors1.oram)
                              ../../ecrobot/../ecrobot/libecrobot.a(colorsensor.o) (sensor_pins)
../../ecrobot/../ecrobot/libecrobot.a(nxt_lcd.oram)
                              ../../ecrobot/../ecrobot/libecrobot.a(display.oram) (nxt_lcd_force_update)
../../ecrobot/../ecrobot/libecrobot.a(flash_loader.oram)
                              build/ecrobot_base.o (set_flash_request)
../../ecrobot/../ecrobot/libecrobot.a(interrupts.oram)
                              ../../ecrobot/../ecrobot/libecrobot.a(uart.oram) (interrupts_get_and_disable)
../../ecrobot/../ecrobot/libecrobot.a(nxtosek_splash.obmp)
                              build/ecrobot_base.o (nxtosek_splash_bmp_start)
../../ecrobot/../ecrobot/libecrobot.a(ecrobot_usb.o)
                              ../../ecrobot/../ecrobot/libecrobot.a(flash_loader.oram) (ecrobot_init_usb)
../../ecrobot/../ecrobot/libecrobot.a(flashprog.oram)
                              ../../ecrobot/../ecrobot/libecrobot.a(flash_loader.oram) (flash_write_page)
/cygdrive/C/cygwin/GNUARM/bin/../lib/gcc/arm-elf/4.0.2/../../../../arm-elf/lib/thumb/interwork/libm.a(s_atan.o)
                              build/eaeb.o (atan)
/cygdrive/C/cygwin/GNUARM/bin/../lib/gcc/arm-elf/4.0.2/../../../../arm-elf/lib/thumb/interwork/libm.a(s_fabs.o)
                              build/abs.o (fabs)
/cygdrive/C/cygwin/GNUARM/bin/../lib/gcc/arm-elf/4.0.2/../../../../arm-elf/lib/thumb/interwork/libm.a(w_pow.o)
                              build/main.o (pow)
/cygdrive/C/cygwin/GNUARM/bin/../lib/gcc/arm-elf/4.0.2/../../../../arm-elf/lib/thumb/interwork/libm.a(w_sqrt.o)
                              build/aeb.o (sqrt)
/cygdrive/C/cygwin/GNUARM/bin/../lib/gcc/arm-elf/4.0.2/../../../../arm-elf/lib/thumb/interwork/libm.a(e_pow.o)
                              /cygdrive/C/cygwin/GNUARM/bin/../lib/gcc/arm-elf/4.0.2/../../../../arm-elf/lib/thumb/interwork/libm.a(w_pow.o) (__ieee754_pow)
/cygdrive/C/cygwin/GNUARM/bin/../lib/gcc/arm-elf/4.0.2/../../../../arm-elf/lib/thumb/interwork/libm.a(e_sqrt.o)
                              /cygdrive/C/cygwin/GNUARM/bin/../lib/gcc/arm-elf/4.0.2/../../../../arm-elf/lib/thumb/interwork/libm.a(w_sqrt.o) (__ieee754_sqrt)
/cygdrive/C/cygwin/GNUARM/bin/../lib/gcc/arm-elf/4.0.2/../../../../arm-elf/lib/thumb/interwork/libm.a(s_finite.o)
                              /cygdrive/C/cygwin/GNUARM/bin/../lib/gcc/arm-elf/4.0.2/../../../../arm-elf/lib/thumb/interwork/libm.a(w_pow.o) (finite)
[...]
Memory Configuration

Name             Origin             Length             Attributes
rom              0x00108000         0x00038000
vector_ram       0x00200000         0x00000040
ram              0x00200040         0x0000ffc0
*default*        0x00000000         0xffffffff

Linker script and memory map

LOAD build/kernel/alarm.o
LOAD build/kernel/event.o
LOAD build/kernel/interrupt.o
LOAD build/kernel/osctl.o
LOAD build/kernel/resource.o
LOAD build/kernel/task.o
LOAD build/kernel/task_manage.o
LOAD build/config/at91sam7s-gnu/cpu_config.o
LOAD build/config/at91sam7s-gnu/lego_nxt/sys_config.o
LOAD build/./kernel_cfg.o
LOAD build/syscalls.o
LOAD build/ecrobot_bluetooth.o
LOAD build/ecrobot_base.o
LOAD build/ecrobot.o
LOAD build/main.o
LOAD build/nxt_interface.o
LOAD build/abs.o
LOAD build/datalog.o
LOAD build/controller.o
LOAD build/aeb.o
LOAD build/eaeb.o
LOAD build/speedometer.o
LOAD build/syslib/at91sam7s-gnu/lego_nxt/hw_sys_timer.oram
LOAD build/nxtvm/platform/nxt/vectors.o
LOAD build/config/at91sam7s-gnu/debug.o
LOAD build/config/at91sam7s-gnu/lego_nxt/sys_support.o
LOAD build/nxt_binary_header.o
LOAD build/nxt_entry_point.o
LOAD build/ecrobot_init.o
LOAD build/config/at91sam7s-gnu/cpu_support.oram
LOAD build/config/at91sam7s-gnu/irq.oram
LOAD ../../ecrobot/../c++/liblejososek.a
LOAD ../../ecrobot/../ecrobot/libecrobot.a
LOAD /cygdrive/C/cygwin/GNUARM/bin/../lib/gcc/arm-elf/4.0.2/../../../../arm-elf/lib/thumb/interwork/libstdc++.a
LOAD /cygdrive/C/cygwin/GNUARM/bin/../lib/gcc/arm-elf/4.0.2/../../../../arm-elf/lib/thumb/interwork/libm.a
LOAD /cygdrive/C/cygwin/GNUARM/bin/../lib/gcc/arm-elf/4.0.2/thumb/interwork/libgcc.a
LOAD /cygdrive/C/cygwin/GNUARM/bin/../lib/gcc/arm-elf/4.0.2/../../../../arm-elf/lib/thumb/interwork/libc.a
LOAD /cygdrive/C/cygwin/GNUARM/bin/../lib/gcc/arm-elf/4.0.2/thumb/interwork/libgcc.a
                0x00108000                ROM_BASE = 0x108000
                0x00038000                ROM_SIZE = 0x38000
                0x00200000                RAM_BASE = 0x200000
                0x00010000                RAM_SIZE = 0x10000

.vectors        0x00200000       0x40 load address 0x00108000
 vectors.o(*.text *.text.*)
 .text          0x00200000       0x38 build/nxtvm/platform/nxt/vectors.o
                0x00200040                . = ALIGN (0x10)
 *fill*         0x00200038        0x8 00
                0x00200000                __vectors_ram_start__ = ADDR (.vectors)
                0x00200040                __vectors_ram_end__ = (ADDR (.vectors) + SIZEOF (.vectors))
                0x00108000                __vectors_load_start__ = LOADADDR (.vectors)
                0x00108040                __vectors_load_end__ = (LOADADDR (.vectors) + SIZEOF (.vectors))

.init           0x00108040      0x280
 *ecrobot_init.o(*.text *.text.*)
 .text          0x00108040      0x280 build/ecrobot_init.o
                0x001081ac                undef_handler
                0x001081b4                prefetch_abort_handler
                0x001081b8                data_abort_handler
                0x001081b0                swi_handler
                0x00108040                start
                0x001081d4                reserved_handler
                0x001082c0                . = ALIGN (0x10)

.ram_text       0x00200040     0x34b0 load address 0x001082c0
                0x00200040                . = ALIGN (0x10)
 *.oram(*.text *.text.* *.glue*)
 .text.systick_isr_C1
                0x00200040       0x28 build/syslib/at91sam7s-gnu/lego_nxt/hw_sys_timer.oram
                0x00200040                systick_isr_C1
 *fill*         0x00200068        0x8 00
 .text          0x00200070      0x230 build/config/at91sam7s-gnu/cpu_support.oram
                0x00200250                enable_int
                0x002000f0                start_dispatch
                0x002000b0                activate_r
                0x00200248                disable_int
                0x00200070                dispatch
                0x0020021c                int_return
                0x002001ac                _interrupt
                0x002000e0                exit_and_dispatch
                0x00200258                nop
 .text          0x002002a0      0x2c0 build/config/at91sam7s-gnu/irq.oram
                0x002002a0                default_isr
                0x0020042c                uart_isr_entry_0
                0x002003ac                twi_isr_entry
                0x0020046c                uart_isr_entry_1
                0x0020036c                spi_isr_entry
                0x002002ec                systick_low_priority_entry
                0x002004ac                nxt_motor_isr_entry
                0x002004ec                i2c_timer_isr_entry
                0x002002a0                default_fiq
                0x002002a4                systick_isr_entry
                0x002002a0                spurious_isr
                0x002003ec                sound_isr_entry
                0x0020032c                udp_isr_entry
 .text.uart_process_isr
                0x00200560       0x88 ../../ecrobot/../ecrobot/libecrobot.a(uart.oram)
 .text.uart_isr_C_0
                0x002005e8        0xc ../../ecrobot/../ecrobot/libecrobot.a(uart.oram)
                0x002005e8                uart_isr_C_0
 .text.uart_isr_C_1
                0x002005f4        0xc ../../ecrobot/../ecrobot/libecrobot.a(uart.oram)
                0x002005f4                uart_isr_C_1
 .text.systick_low_priority_C
                0x00200600       0x1c ../../ecrobot/../ecrobot/libecrobot.a(systick.oram)
                0x00200600                systick_low_priority_C
 .text.systick_isr_C
                0x0020061c       0x24 ../../ecrobot/../ecrobot/libecrobot.a(systick.oram)
                0x0020061c                systick_isr_C
 .text.systick_get_ms
                0x00200640        0xc ../../ecrobot/../ecrobot/libecrobot.a(systick.oram)
                0x00200640                systick_get_ms
 .text.systick_wait_ms
                0x0020064c       0x1c ../../ecrobot/../ecrobot/libecrobot.a(systick.oram)
                0x0020064c                systick_wait_ms
 .text.systick_wait_ns
                0x00200668       0x1c ../../ecrobot/../ecrobot/libecrobot.a(systick.oram)
                0x00200668                systick_wait_ns
 .text.systick_init
                0x00200684       0x58 ../../ecrobot/../ecrobot/libecrobot.a(systick.oram)
                0x00200684                systick_init
 .text.systick_suspend
                0x002006dc        0xc ../../ecrobot/../ecrobot/libecrobot.a(systick.oram)
                0x002006dc                systick_suspend
 .text.systick_resume
                0x002006e8        0xc ../../ecrobot/../ecrobot/libecrobot.a(systick.oram)
                0x002006e8                systick_resume
 .text.byte_fifo_put
                0x002006f4       0x58 ../../ecrobot/../ecrobot/libecrobot.a(byte_fifo.oram)
                0x002006f4                byte_fifo_put
 .text.byte_fifo_get
                0x0020074c       0x2c ../../ecrobot/../ecrobot/libecrobot.a(byte_fifo.oram)
                0x0020074c                byte_fifo_get
 .text.aic_initialise
                0x00200778       0x5c ../../ecrobot/../ecrobot/libecrobot.a(aic.oram)
                0x00200778                aic_initialise
 .text.aic_set_vector
                0x002007d4       0x30 ../../ecrobot/../ecrobot/libecrobot.a(aic.oram)
                0x002007d4                aic_set_vector
 .text.aic_mask_on
                0x00200804       0x24 ../../ecrobot/../ecrobot/libecrobot.a(aic.oram)
                0x00200804                aic_mask_on
 .text.aic_mask_off
                0x00200828       0x24 ../../ecrobot/../ecrobot/libecrobot.a(aic.oram)
                0x00200828                aic_mask_off
 .text.aic_clear
                0x0020084c       0x24 ../../ecrobot/../ecrobot/libecrobot.a(aic.oram)
                0x0020084c                aic_clear
 .text.reset    0x00200870       0x4c ../../ecrobot/../ecrobot/libecrobot.a(udp.oram)
 .text.udp_send_null
                0x002008bc       0x2c ../../ecrobot/../ecrobot/libecrobot.a(udp.oram)
 .text.udp_send_stall
                0x002008e8       0x2c ../../ecrobot/../ecrobot/libecrobot.a(udp.oram)
 .text.udp_send_control
                0x00200914       0x60 ../../ecrobot/../ecrobot/libecrobot.a(udp.oram)
 .text.udp_isr_C
                0x00200974      0x7d0 ../../ecrobot/../ecrobot/libecrobot.a(udp.oram)
                0x00200974                udp_isr_C
 .text.twi_status
                0x00201144       0x20 ../../ecrobot/../ecrobot/libecrobot.a(twi.oram)
                0x00201144                twi_status
 .text.twi_isr_C
                0x00201164       0xc4 ../../ecrobot/../ecrobot/libecrobot.a(twi.oram)
                0x00201164                twi_isr_C
 .text.twi_reset
                0x00201228       0xb4 ../../ecrobot/../ecrobot/libecrobot.a(twi.oram)
                0x00201228                twi_reset
 .text.twi_init
                0x002012dc       0x4c ../../ecrobot/../ecrobot/libecrobot.a(twi.oram)
                0x002012dc                twi_init
 .text.twi_start_read
                0x00201328       0x60 ../../ecrobot/../ecrobot/libecrobot.a(twi.oram)
                0x00201328                twi_start_read
 .text.twi_start_write
                0x00201388       0x64 ../../ecrobot/../ecrobot/libecrobot.a(twi.oram)
                0x00201388                twi_start_write
 .text.spi_set_mode
                0x002013ec       0x40 ../../ecrobot/../ecrobot/libecrobot.a(nxt_spi.oram)
 .text.spi_isr_C
                0x0020142c       0x8c ../../ecrobot/../ecrobot/libecrobot.a(nxt_spi.oram)
                0x0020142c                spi_isr_C
 .text.nxt_spi_init
                0x002014b8      0x12c ../../ecrobot/../ecrobot/libecrobot.a(nxt_spi.oram)
                0x002014b8                nxt_spi_init
 .text.nxt_spi_write
                0x002015e4       0x44 ../../ecrobot/../ecrobot/libecrobot.a(nxt_spi.oram)
                0x002015e4                nxt_spi_write
 .text.nxt_spi_set_display
                0x00201628       0x10 ../../ecrobot/../ecrobot/libecrobot.a(nxt_spi.oram)
                0x00201628                nxt_spi_set_display
 .text.nxt_spi_refresh
                0x00201638       0x24 ../../ecrobot/../ecrobot/libecrobot.a(nxt_spi.oram)
                0x00201638                nxt_spi_refresh
 .text.nxt_motor_get_count
                0x0020165c       0x14 ../../ecrobot/../ecrobot/libecrobot.a(nxt_motors.oram)
                0x0020165c                nxt_motor_get_count
 .text.nxt_motor_set_count
                0x00201670       0x10 ../../ecrobot/../ecrobot/libecrobot.a(nxt_motors.oram)
                0x00201670                nxt_motor_set_count
 .text.nxt_motor_set_speed
                0x00201680       0x34 ../../ecrobot/../ecrobot/libecrobot.a(nxt_motors.oram)
                0x00201680                nxt_motor_set_speed
 .text.nxt_motor_1kHz_process
                0x002016b4       0x28 ../../ecrobot/../ecrobot/libecrobot.a(nxt_motors.oram)
                0x002016b4                nxt_motor_1kHz_process
 .text.nxt_motor_quad_decode
                0x002016dc       0x30 ../../ecrobot/../ecrobot/libecrobot.a(nxt_motors.oram)
                0x002016dc                nxt_motor_quad_decode
 .text.nxt_motor_isr_C
                0x0020170c       0x88 ../../ecrobot/../ecrobot/libecrobot.a(nxt_motors.oram)
                0x0020170c                nxt_motor_isr_C
 .text.nxt_motor_init
                0x00201794       0x68 ../../ecrobot/../ecrobot/libecrobot.a(nxt_motors.oram)
                0x00201794                nxt_motor_init
 .text.data_abort_C
                0x002017fc       0x7c ../../ecrobot/../ecrobot/libecrobot.a(data_abort.oram)
                0x002017fc                data_abort_C
 .text.display_update
                0x00201878       0x14 ../../ecrobot/../ecrobot/libecrobot.a(display.oram)
                0x00201878                display_update
 .text.display_force_update
                0x0020188c        0xc ../../ecrobot/../ecrobot/libecrobot.a(display.oram)
                0x0020188c                display_force_update
 .text.display_clear
                0x00201898       0x24 ../../ecrobot/../ecrobot/libecrobot.a(display.oram)
                0x00201898                display_clear
 .text.display_goto_xy
                0x002018bc       0x14 ../../ecrobot/../ecrobot/libecrobot.a(display.oram)
                0x002018bc                display_goto_xy
 .text.display_char
                0x002018d0       0x60 ../../ecrobot/../ecrobot/libecrobot.a(display.oram)
                0x002018d0                display_char
 .text.display_string
                0x00201930       0x3c ../../ecrobot/../ecrobot/libecrobot.a(display.oram)
                0x00201930                display_string
 .text.display_hex
                0x0020196c       0x50 ../../ecrobot/../ecrobot/libecrobot.a(display.oram)
                0x0020196c                display_hex
 .text.display_unsigned_worker
                0x002019bc       0x70 ../../ecrobot/../ecrobot/libecrobot.a(display.oram)
 .text.display_unsigned
                0x00201a2c        0xc ../../ecrobot/../ecrobot/libecrobot.a(display.oram)
                0x00201a2c                display_unsigned
 .text.display_int
                0x00201a38       0x14 ../../ecrobot/../ecrobot/libecrobot.a(display.oram)
                0x00201a38                display_int
 .text.display_bitmap_copy
                0x00201a4c       0x5c ../../ecrobot/../ecrobot/libecrobot.a(display.oram)
                0x00201a4c                display_bitmap_copy
 .text.display_init
                0x00201aa8       0x50 ../../ecrobot/../ecrobot/libecrobot.a(display.oram)
                0x00201aa8                display_init
 .text.i2c_timer_isr_C
                0x00201af8      0x314 ../../ecrobot/../ecrobot/libecrobot.a(i2c.oram)
                0x00201af8                i2c_timer_isr_C
 .text.i2c_disable
                0x00201e0c       0x20 ../../ecrobot/../ecrobot/libecrobot.a(i2c.oram)
                0x00201e0c                i2c_disable
 .text.i2c_enable
                0x00201e2c       0x40 ../../ecrobot/../ecrobot/libecrobot.a(i2c.oram)
                0x00201e2c                i2c_enable
 .text.i2c_init
                0x00201e6c       0xa4 ../../ecrobot/../ecrobot/libecrobot.a(i2c.oram)
                0x00201e6c                i2c_init
 .text.i2c_busy
                0x00201f10       0x24 ../../ecrobot/../ecrobot/libecrobot.a(i2c.oram)
                0x00201f10                i2c_busy
 .text.i2c_start_transaction
                0x00201f34      0x108 ../../ecrobot/../ecrobot/libecrobot.a(i2c.oram)
                0x00201f34                i2c_start_transaction
 .text.sound_fill_sample_buffer
                0x0020203c       0xe4 ../../ecrobot/../ecrobot/libecrobot.a(sound.oram)
                0x0020203c                sound_fill_sample_buffer
 .text.sound_init
                0x00202120       0xa0 ../../ecrobot/../ecrobot/libecrobot.a(sound.oram)
                0x00202120                sound_init
 .text.sound_isr_C
                0x002021c0      0x180 ../../ecrobot/../ecrobot/libecrobot.a(sound.oram)
                0x002021c0                sound_isr_C
 .text.bt_init  0x00202340      0x1c0 ../../ecrobot/../ecrobot/libecrobot.a(bt.oram)
                0x00202340                bt_init
 .text.bt_send  0x00202500       0x5c ../../ecrobot/../ecrobot/libecrobot.a(bt.oram)
                0x00202500                bt_send
 .text.bt_write
                0x0020255c       0x70 ../../ecrobot/../ecrobot/libecrobot.a(bt.oram)
                0x0020255c                bt_write
 .text.bt_pending
                0x002025cc       0x50 ../../ecrobot/../ecrobot/libecrobot.a(bt.oram)
                0x002025cc                bt_pending
 .text.bt_clear_arm7_cmd
                0x0020261c       0x10 ../../ecrobot/../ecrobot/libecrobot.a(bt.oram)
                0x0020261c                bt_clear_arm7_cmd
 .text.bt_set_arm7_cmd
                0x0020262c       0x10 ../../ecrobot/../ecrobot/libecrobot.a(bt.oram)
                0x0020262c                bt_set_arm7_cmd
 .text.bt_receive
                0x0020263c      0x160 ../../ecrobot/../ecrobot/libecrobot.a(bt.oram)
                0x0020263c                bt_receive
 .text.bt_reset
                0x0020279c       0x84 ../../ecrobot/../ecrobot/libecrobot.a(bt.oram)
                0x0020279c                bt_reset
 .text.nxt_avr_power_down
                0x00202820       0x10 ../../ecrobot/../ecrobot/libecrobot.a(nxt_avr.oram)
                0x00202820                nxt_avr_power_down
 .text.nxt_avr_link_init
                0x00202830       0x20 ../../ecrobot/../ecrobot/libecrobot.a(nxt_avr.oram)
                0x00202830                nxt_avr_link_init
 .text.nxt_avr_init
                0x00202850       0x6c ../../ecrobot/../ecrobot/libecrobot.a(nxt_avr.oram)
                0x00202850                nxt_avr_init
 .text.nxt_avr_1kHz_update
                0x002028bc      0x1cc ../../ecrobot/../ecrobot/libecrobot.a(nxt_avr.oram)
                0x002028bc                nxt_avr_1kHz_update
 .text.buttons_get
                0x00202a88        0xc ../../ecrobot/../ecrobot/libecrobot.a(nxt_avr.oram)
                0x00202a88                buttons_get
 .text.battery_voltage
                0x00202a94       0x28 ../../ecrobot/../ecrobot/libecrobot.a(nxt_avr.oram)
                0x00202a94                battery_voltage
 .text.sensor_adc
                0x00202abc       0x20 ../../ecrobot/../ecrobot/libecrobot.a(nxt_avr.oram)
                0x00202abc                sensor_adc
 .text.nxt_avr_set_motor
                0x00202adc       0x34 ../../ecrobot/../ecrobot/libecrobot.a(nxt_avr.oram)
                0x00202adc                nxt_avr_set_motor
 .text.nxt_avr_set_input_power
                0x00202b10       0x3c ../../ecrobot/../ecrobot/libecrobot.a(nxt_avr.oram)
                0x00202b10                nxt_avr_set_input_power
 .text.unset_digi0
                0x00202b4c       0x44 ../../ecrobot/../ecrobot/libecrobot.a(sensors.oram)
                0x00202b4c                unset_digi0
 .text.unset_digi1
                0x00202b90       0x44 ../../ecrobot/../ecrobot/libecrobot.a(sensors.oram)
                0x00202b90                unset_digi1
 .text.init_sensors
                0x00202bd4       0x4c ../../ecrobot/../ecrobot/libecrobot.a(sensors.oram)
                0x00202bd4                init_sensors
 .text.set_digi0
                0x00202c20       0x44 ../../ecrobot/../ecrobot/libecrobot.a(sensors.oram)
                0x00202c20                set_digi0
 .text.nxt_lcd_command
                0x00202c64       0x18 ../../ecrobot/../ecrobot/libecrobot.a(nxt_lcd.oram)
                0x00202c64                nxt_lcd_command
 .text.nxt_lcd_set_col
                0x00202c7c       0x24 ../../ecrobot/../ecrobot/libecrobot.a(nxt_lcd.oram)
                0x00202c7c                nxt_lcd_set_col
 .text.nxt_lcd_set_multiplex_rate
                0x00202ca0       0x18 ../../ecrobot/../ecrobot/libecrobot.a(nxt_lcd.oram)
                0x00202ca0                nxt_lcd_set_multiplex_rate
 .text.nxt_lcd_set_page_address
                0x00202cb8       0x18 ../../ecrobot/../ecrobot/libecrobot.a(nxt_lcd.oram)
                0x00202cb8                nxt_lcd_set_page_address
 .text.nxt_lcd_set_pot
                0x00202cd0       0x1c ../../ecrobot/../ecrobot/libecrobot.a(nxt_lcd.oram)
                0x00202cd0                nxt_lcd_set_pot
 .text.nxt_lcd_set_ram_address_control
                0x00202cec       0x18 ../../ecrobot/../ecrobot/libecrobot.a(nxt_lcd.oram)
                0x00202cec                nxt_lcd_set_ram_address_control
 .text.nxt_lcd_enable
                0x00202d04       0x14 ../../ecrobot/../ecrobot/libecrobot.a(nxt_lcd.oram)
                0x00202d04                nxt_lcd_enable
 .text.nxt_lcd_set_map_control
                0x00202d18       0x18 ../../ecrobot/../ecrobot/libecrobot.a(nxt_lcd.oram)
                0x00202d18                nxt_lcd_set_map_control
 .text.nxt_lcd_reset
                0x00202d30        0xc ../../ecrobot/../ecrobot/libecrobot.a(nxt_lcd.oram)
                0x00202d30                nxt_lcd_reset
 .text.nxt_lcd_set_bias_ratio
                0x00202d3c       0x18 ../../ecrobot/../ecrobot/libecrobot.a(nxt_lcd.oram)
                0x00202d3c                nxt_lcd_set_bias_ratio
 .text.nxt_lcd_force_update
                0x00202d54       0x30 ../../ecrobot/../ecrobot/libecrobot.a(nxt_lcd.oram)
                0x00202d54                nxt_lcd_force_update
 .text.nxt_lcd_update
                0x00202d84        0xc ../../ecrobot/../ecrobot/libecrobot.a(nxt_lcd.oram)
                0x00202d84                nxt_lcd_update
 .text.nxt_lcd_power_up
                0x00202d90       0x48 ../../ecrobot/../ecrobot/libecrobot.a(nxt_lcd.oram)
                0x00202d90                nxt_lcd_power_up
 .text.nxt_lcd_power_down
                0x00202dd8        0xc ../../ecrobot/../ecrobot/libecrobot.a(nxt_lcd.oram)
                0x00202dd8                nxt_lcd_power_down
 .text.nxt_lcd_init
                0x00202de4       0x18 ../../ecrobot/../ecrobot/libecrobot.a(nxt_lcd.oram)
                0x00202de4                nxt_lcd_init
 .text.verify_flash_page
                0x00202dfc       0x34 ../../ecrobot/../ecrobot/libecrobot.a(flash_loader.oram)
 .text.set_flash_request
                0x00202e30       0x38 ../../ecrobot/../ecrobot/libecrobot.a(flash_loader.oram)
                0x00202e30                set_flash_request
 .text.nxt_device_init
                0x00202e68       0x38 ../../ecrobot/../ecrobot/libecrobot.a(flash_loader.oram)
                0x00202e68                nxt_device_init
 .text          0x00202ea0       0x68 ../../ecrobot/../ecrobot/libecrobot.a(interrupts.oram)
                0x00202ef8                fiq_enable
                0x00202ea0                interrupts_get_and_disable
                0x00202ed4                fiq_get_and_disable
                0x00202ec4                interrupts_enable
 .text.flash_write_page
                0x00202f08       0xc0 ../../ecrobot/../ecrobot/libecrobot.a(flashprog.oram)
                0x00202f08                flash_write_page
                0x00202fd0                . = ALIGN (0x10)
 *fill*         0x00202fc8        0x8 00
 *.oram(*.rodata *.rodata.*)
 .rodata.ld     0x00202fd0        0x4 ../../ecrobot/../ecrobot/libecrobot.a(udp.oram)
 .rodata.cfd    0x00202fd4       0x20 ../../ecrobot/../ecrobot/libecrobot.a(udp.oram)
 .rodata.dd     0x00202ff4       0x12 ../../ecrobot/../ecrobot/libecrobot.a(udp.oram)
 *fill*         0x00203006        0x2 00
 .rodata.str1.4
                0x00203008       0x22 ../../ecrobot/../ecrobot/libecrobot.a(data_abort.oram)
                                 0x24 (size before relaxing)
 .rodata.font   0x0020302a      0x280 ../../ecrobot/../ecrobot/libecrobot.a(display.oram)
 *fill*         0x002032aa        0x2 00
 .rodata.str1.4
                0x002032ac       0x76 ../../ecrobot/../ecrobot/libecrobot.a(display.oram)
                                 0x78 (size before relaxing)
 *fill*         0x00203322        0x2 00
 .rodata.i2c_pin
                0x00203324       0x20 ../../ecrobot/../ecrobot/libecrobot.a(i2c.oram)
 .rodata.i2c_timer_isr_C
                0x00203344       0x38 ../../ecrobot/../ecrobot/libecrobot.a(i2c.oram)
 .rodata.silence
                0x0020337c       0x40 ../../ecrobot/../ecrobot/libecrobot.a(sound.oram)
                0x0020337c                silence
 .rodata.sample_pattern
                0x002033bc       0x84 ../../ecrobot/../ecrobot/libecrobot.a(sound.oram)
                0x002033bc                sample_pattern
 .rodata        0x00203440        0xc ../../ecrobot/../ecrobot/libecrobot.a(sound.oram)
 .rodata.avr_brainwash_string
                0x0020344c       0x30 ../../ecrobot/../ecrobot/libecrobot.a(nxt_avr.oram)
                0x0020344c                avr_brainwash_string
 .rodata.nxt_avr_1kHz_update
                0x0020347c       0x14 ../../ecrobot/../ecrobot/libecrobot.a(nxt_avr.oram)
 .rodata.C.33.1823
                0x00203490       0x10 ../../ecrobot/../ecrobot/libecrobot.a(sensors.oram)
 .rodata.C.37.1857
                0x002034a0       0x10 ../../ecrobot/../ecrobot/libecrobot.a(sensors.oram)
 .rodata.C.31.1806
                0x002034b0       0x10 ../../ecrobot/../ecrobot/libecrobot.a(sensors.oram)
 .rodata.str1.4
                0x002034c0       0x23 ../../ecrobot/../ecrobot/libecrobot.a(flash_loader.oram)
                                 0x24 (size before relaxing)
                0x002034f0                . = ALIGN (0x10)
 *fill*         0x002034e3        0xd 00
                0x00200040                __ramtext_ram_start__ = ADDR (.ram_text)
                0x002034f0                __ramtext_ram_end__ = (ADDR (.ram_text) + SIZEOF (.ram_text))
                0x001082c0                __ramtext_load_start__ = LOADADDR (.ram_text)
                0x0010b770                __ramtext_load_end__ = (__ramtext_load_start__ + SIZEOF (.ram_text))

.wav_data       0x0010b770        0x0
 *.owav(*.data *.data.*)
                0x0010b770                . = ALIGN (0x10)

.bmp_data       0x0010b770      0x440
 *.obmp(*.data *.data.*)
 .data          0x0010b770      0x43e ../../ecrobot/../ecrobot/libecrobot.a(nxtosek_splash.obmp)
                0x0010b770                nxtosek_splash_bmp_start
                0x0010bbae                nxtosek_splash_bmp_end
                0x0010bbb0                . = ALIGN (0x10)
 *fill*         0x0010bbae        0x2 00

.spr_data       0x0010bbb0        0x0
 *.ospr(*.data *.data.*)
                0x0010bbb0                . = ALIGN (0x10)

.data           0x002034f0      0x480 load address 0x0010bbb0
 *(*.data *.data.*)
 .data.bt_status
                0x002034f0        0x1 build/ecrobot_bluetooth.o
 .data.drive    0x002034f1        0x1 build/main.o
 *fill*         0x002034f2        0x2 00
 .data.factor   0x002034f4        0x4 build/controller.o
                0x002034f4                factor
 .data.rev_pr_sec_right
                0x002034f8        0x4 build/controller.o
                0x002034f8                rev_pr_sec_right
 .data.rev_pr_sec_left
                0x002034fc        0x4 build/controller.o
                0x002034fc                rev_pr_sec_left
 .data.distance_state
                0x00203500       0x10 ../../ecrobot/../ecrobot/libecrobot.a(ecrobot_interface.o)
 .data.deviceStatus
                0x00203510        0x1 ../../ecrobot/../ecrobot/libecrobot.a(ecrobot_interface.o)
 .bss.data.2763
                0x00203511        0x4 ../../ecrobot/../ecrobot/libecrobot.a(ecrobot_interface.o)
 .data.named    0x00203515       0x22 ../../ecrobot/../ecrobot/libecrobot.a(udp.oram)
 .data.snd      0x00203537       0x1a ../../ecrobot/../ecrobot/libecrobot.a(udp.oram)
 *fill*         0x00203551        0x3 00
 .data.configured
                0x00203554        0x4 ../../ecrobot/../ecrobot/libecrobot.a(udp.oram)
 .data.mode     0x00203558        0x1 ../../ecrobot/../ecrobot/libecrobot.a(nxt_spi.oram)
                0x00203558                mode
 *fill*         0x00203559        0x3 00
 .bss.data      0x0020355c        0x4 ../../ecrobot/../ecrobot/libecrobot.a(nxt_spi.oram)
                0x0020355c                data
 .data.display_auto_update
                0x00203560        0x4 ../../ecrobot/../ecrobot/libecrobot.a(display.oram)
                0x00203560                display_auto_update
 .data.display_buffer
                0x00203564        0x4 ../../ecrobot/../ecrobot/libecrobot.a(display.oram)
 .data          0x00203568      0x404 /cygdrive/C/cygwin/GNUARM/bin/../lib/gcc/arm-elf/4.0.2/../../../../arm-elf/lib/thumb/interwork/libc.a(impure.o)
                0x00203968                _impure_ptr
                0x00203970                . = ALIGN (0x10)
 *fill*         0x0020396c        0x4 00
                0x002034f0                __data_ram_start__ = ADDR (.data)
                0x00203970                __data_ram_end__ = (ADDR (.data) + SIZEOF (.data))
                0x0010bbb0                __data_load_start__ = LOADADDR (.data)
                0x0010c030                __data_load_end__ = (__data_load_start__ + SIZEOF (.data))

.text           0x0010c030     0x52d0
                0x0010c030                . = ALIGN (0x10)
 *(*.text *.text.* *.glue*)
 .text.enqueue_alarm
                0x0010c030       0x90 build/kernel/alarm.o
 .text.alarm_initialize
                0x0010c0c0       0x98 build/kernel/alarm.o
                0x0010c0c0                alarm_initialize
 .text.SignalCounter
                0x0010c158      0x134 build/kernel/alarm.o
                0x0010c158                SignalCounter
 .text.StartOS  0x0010c28c       0x58 build/kernel/osctl.o
                0x0010c28c                StartOS
 .text.ShutdownOS
                0x0010c2e4       0x4c build/kernel/osctl.o
                0x0010c2e4                ShutdownOS
 .text.call_pretaskhook
                0x0010c330       0x24 build/kernel/osctl.o
                0x0010c330                call_pretaskhook
 .text.call_errorhook
                0x0010c354       0x78 build/kernel/osctl.o
                0x0010c354                call_errorhook
 .text.call_posttaskhook
                0x0010c3cc       0x24 build/kernel/osctl.o
                0x0010c3cc                call_posttaskhook
 .text.search_schedtsk
                0x0010c3f0       0x94 build/kernel/task.o
                0x0010c3f0                search_schedtsk
 .text.make_runnable
                0x0010c484       0xac build/kernel/task.o
                0x0010c484                make_runnable
 .text.make_active
                0x0010c530       0x78 build/kernel/task.o
                0x0010c530                make_active
 .text.task_initialize
                0x0010c5a8       0x90 build/kernel/task.o
                0x0010c5a8                task_initialize
 .text.ActivateTask
                0x0010c638       0x8c build/kernel/task_manage.o
                0x0010c638                ActivateTask
 .text.TerminateTask
                0x0010c6c4       0x74 build/kernel/task_manage.o
                0x0010c6c4                TerminateTask
 .text.cpu_initialize
                0x0010c738        0x4 build/config/at91sam7s-gnu/cpu_config.o
                0x0010c738                cpu_initialize
 .text.cpu_terminate
                0x0010c73c        0x4 build/config/at91sam7s-gnu/cpu_config.o
                0x0010c73c                cpu_terminate
 .text.sys_initialize
                0x0010c740        0x4 build/config/at91sam7s-gnu/lego_nxt/sys_config.o
                0x0010c740                sys_initialize
 .text.sys_exit
                0x0010c744        0x4 build/config/at91sam7s-gnu/lego_nxt/sys_config.o
                0x0010c744                sys_exit
 .text._activate_alarm_cyclic_alarm_ControllerTask
                0x0010c748        0xc build/./kernel_cfg.o
 .text._activate_alarm_cyclic_alarm_ABSTask
                0x0010c754        0xc build/./kernel_cfg.o
 .text._activate_alarm_cyclic_alarm_DataloggingTask
                0x0010c760        0xc build/./kernel_cfg.o
 .text._activate_alarm_cyclic_alarm_AEBTask
                0x0010c76c        0xc build/./kernel_cfg.o
 .text._activate_alarm_cyclic_alarm_ReadRawDataTask
                0x0010c778        0xc build/./kernel_cfg.o
 .text._activate_alarm_cyclic_alarm_CalculateVehicleSpeedTask
                0x0010c784        0xc build/./kernel_cfg.o
 .text.object_initialize
                0x0010c790       0x10 build/./kernel_cfg.o
                0x0010c790                object_initialize
 .text.close_bt_stream
                0x0010c7a0       0x2c build/ecrobot_bluetooth.o
 .text.ecrobot_send_bt_packet
                0x0010c7cc       0x54 build/ecrobot_bluetooth.o
                0x0010c7cc                ecrobot_send_bt_packet
 .text.ecrobot_read_bt_packet
                0x0010c820       0x4c build/ecrobot_bluetooth.o
                0x0010c820                ecrobot_read_bt_packet
 .text.send_bt_command
                0x0010c86c       0x40 build/ecrobot_bluetooth.o
 .text.ecrobot_term_bt_connection
                0x0010c8ac       0x48 build/ecrobot_bluetooth.o
                0x0010c8ac                ecrobot_term_bt_connection
 .text.read_bt_command
                0x0010c8f4       0x5c build/ecrobot_bluetooth.o
 .text.open_bt_stream
                0x0010c950       0x50 build/ecrobot_bluetooth.o
 .text.ecrobot_get_bt_device_address
                0x0010c9a0       0x6c build/ecrobot_bluetooth.o
                0x0010c9a0                ecrobot_get_bt_device_address
 .text.ecrobot_init_bt_slave
                0x0010ca0c      0x12c build/ecrobot_bluetooth.o
                0x0010ca0c                ecrobot_init_bt_slave
 .text.ecrobot_init_bt_connection
                0x0010cb38       0x10 build/ecrobot_bluetooth.o
                0x0010cb38                ecrobot_init_bt_connection
 .text.init_OS_flag
                0x0010cb48        0xc build/ecrobot_base.o
                0x0010cb48                init_OS_flag
 .text.set_OS_flag
                0x0010cb54        0xc build/ecrobot_base.o
                0x0010cb54                set_OS_flag
 .text.get_OS_flag
                0x0010cb60        0xc build/ecrobot_base.o
                0x0010cb60                get_OS_flag
 .text.cpp_constructor
                0x0010cb6c       0x28 build/ecrobot_base.o
                0x0010cb6c                cpp_constructor
 .text.cpp_destructor
                0x0010cb94       0x28 build/ecrobot_base.o
                0x0010cb94                cpp_destructor
 .text.execution_mode
                0x0010cbbc       0x24 build/ecrobot_base.o
                0x0010cbbc                execution_mode
 .text.show_main_screen
                0x0010cbe0       0x48 build/ecrobot_base.o
                0x0010cbe0                show_main_screen
 .text.display_status_bar
                0x0010cc28       0x5c build/ecrobot_base.o
                0x0010cc28                display_status_bar
 .text.restart_NXT
                0x0010cc84       0x2c build/ecrobot_base.o
                0x0010cc84                restart_NXT
 .text.shutdown_NXT
                0x0010ccb0       0x2c build/ecrobot_base.o
                0x0010ccb0                shutdown_NXT
 .text.check_NXT_buttons
                0x0010ccdc       0x38 build/ecrobot_base.o
                0x0010ccdc                check_NXT_buttons
 .text.show_bd_addr
                0x0010cd14       0x44 build/ecrobot_base.o
                0x0010cd14                show_bd_addr
 .text.show_bd_addr_err
                0x0010cd58       0x3c build/ecrobot_base.o
                0x0010cd58                show_bd_addr_err
 .text.add_status_info
                0x0010cd94       0x68 build/ecrobot_base.o
                0x0010cd94                add_status_info
 .text.show_splash_screen
                0x0010cdfc       0x90 build/ecrobot_base.o
                0x0010cdfc                show_splash_screen
 .text.main     0x0010ce8c      0x10c build/ecrobot.o
                0x0010ce8c                main
 .text.user_1ms_isr_type2
                0x0010cf98       0x1c build/main.o
                0x0010cf98                user_1ms_isr_type2
 .text.ecrobot_device_initialize
                0x0010cfb4       0x24 build/main.o
                0x0010cfb4                ecrobot_device_initialize
 .text.ecrobot_device_terminate
                0x0010cfd8       0x34 build/main.o
                0x0010cfd8                ecrobot_device_terminate
 .text.TaskMainInitializeTask
                0x0010d00c       0x40 build/main.o
                0x0010d00c                TaskMainInitializeTask
 .text.TaskMainDataLoggingTask
                0x0010d04c       0x10 build/main.o
                0x0010d04c                TaskMainDataLoggingTask
 .text.TaskMainControllerTask
                0x0010d05c       0x60 build/main.o
                0x0010d05c                TaskMainControllerTask
 .text.TaskMainABSTask
                0x0010d0bc       0x1c build/main.o
                0x0010d0bc                TaskMainABSTask
 .text.TaskMainAEBTask
                0x0010d0d8       0xc0 build/main.o
                0x0010d0d8                TaskMainAEBTask
 .text.TaskMainReadRawDataTask
                0x0010d198       0x10 build/main.o
                0x0010d198                TaskMainReadRawDataTask
 .text.TaskMainCalculateVehicleSpeedTask
                0x0010d1a8       0x10 build/main.o
                0x0010d1a8                TaskMainCalculateVehicleSpeedTask
 .text.motorGetCount
                0x0010d1b8       0x10 build/nxt_interface.o
                0x0010d1b8                motorGetCount
 .text.motorSetCount
                0x0010d1c8       0x10 build/nxt_interface.o
                0x0010d1c8                motorSetCount
 .text.motorSetSpeed
                0x0010d1d8       0x10 build/nxt_interface.o
                0x0010d1d8                motorSetSpeed
 .text.sendBtPacket
                0x0010d1e8        0xc build/nxt_interface.o
                0x0010d1e8                sendBtPacket
 .text.readBtPacket
                0x0010d1f4        0xc build/nxt_interface.o
                0x0010d1f4                readBtPacket
 .text.getSysTime
                0x0010d200        0xc build/nxt_interface.o
                0x0010d200                getSysTime
 .text.initBtConnection
                0x0010d20c        0xc build/nxt_interface.o
                0x0010d20c                initBtConnection
 .text.termBtConnection
                0x0010d218        0xc build/nxt_interface.o
                0x0010d218                termBtConnection
 .text.displayUpdate
                0x0010d224        0xc build/nxt_interface.o
                0x0010d224                displayUpdate
 .text.displayClear
                0x0010d230        0xc build/nxt_interface.o
                0x0010d230                displayClear
 .text.displayGotoXY
                0x0010d23c        0xc build/nxt_interface.o
                0x0010d23c                displayGotoXY
 .text.displayInt
                0x0010d248        0xc build/nxt_interface.o
                0x0010d248                displayInt
 .text.initSonarSensor
                0x0010d254        0xc build/nxt_interface.o
                0x0010d254                initSonarSensor
 .text.getSonarSensor
                0x0010d260        0xc build/nxt_interface.o
                0x0010d260                getSonarSensor
 .text.termSonarSensor
                0x0010d26c        0xc build/nxt_interface.o
                0x0010d26c                termSonarSensor
 .text.getRotationSensor
                0x0010d278       0x10 build/nxt_interface.o
                0x0010d278                getRotationSensor
 .text.termRotationSensor
                0x0010d288        0xc build/nxt_interface.o
                0x0010d288                termRotationSensor
 .text.initRotationSensor
                0x0010d294       0x1c build/nxt_interface.o
                0x0010d294                initRotationSensor
 .text.initLightSensor
                0x0010d2b0       0x14 build/nxt_interface.o
                0x0010d2b0                initLightSensor
 .text.termLightSensor
                0x0010d2c4       0x14 build/nxt_interface.o
                0x0010d2c4                termLightSensor
 .text.getLightSensorLeft
                0x0010d2d8        0xc build/nxt_interface.o
                0x0010d2d8                getLightSensorLeft
 .text.brake    0x0010d2e4       0x1c build/abs.o
                0x0010d2e4                brake
 .text.createDatalogArray
                0x0010d300       0x88 build/datalog.o
                0x0010d300                createDatalogArray
 .text.sendData
                0x0010d388       0x10 build/datalog.o
                0x0010d388                sendData
 .text.receiveBT
                0x0010d398       0x38 build/controller.o
                0x0010d398                receiveBT
 .text.controlMotors
                0x0010d3d0      0x154 build/controller.o
                0x0010d3d0                controlMotors
 .text.controlSteering
                0x0010d524       0x5c build/controller.o
                0x0010d524                controlSteering
 .text.getSteeringAmount
                0x0010d580       0x10 build/controller.o
                0x0010d580                getSteeringAmount
 .text.getButtonA
                0x0010d590        0xc build/controller.o
                0x0010d590                getButtonA
 .text.getButtonB
                0x0010d59c        0xc build/controller.o
                0x0010d59c                getButtonB
 .text.turnDegrees
                0x0010d5a8       0x54 build/controller.o
                0x0010d5a8                turnDegrees
 .text.initTurnStruct
                0x0010d5fc       0x10 build/controller.o
                0x0010d5fc                initTurnStruct
 .text.aebInitialise
                0x0010d60c       0x30 build/aeb.o
                0x0010d60c                aebInitialise
 .text.fakeAcos
                0x0010d63c       0x54 build/aeb.o
                0x0010d63c                fakeAcos
 .text.fakeSin  0x0010d690       0x5c build/aeb.o
                0x0010d690                fakeSin
 .text.getDistanceTravelled
                0x0010d6ec       0x30 build/aeb.o
                0x0010d6ec                getDistanceTravelled
 .text.addDistanceToArray
                0x0010d71c       0x24 build/aeb.o
                0x0010d71c                addDistanceToArray
 .text.getBrakeDistance
                0x0010d740       0x3c build/aeb.o
                0x0010d740                getBrakeDistance
 .text.runAEB   0x0010d77c       0xa8 build/aeb.o
                0x0010d77c                runAEB
 .text.updateDistanceFromPath
                0x0010d824      0x10c build/aeb.o
                0x0010d824                updateDistanceFromPath
 .text.getDistanceToImpact
                0x0010d930       0x4c build/aeb.o
                0x0010d930                getDistanceToImpact
 .text.calculateTurnDegrees
                0x0010d97c       0x4c build/eaeb.o
                0x0010d97c                calculateTurnDegrees
 .text.runEAEB  0x0010d9c8       0x78 build/eaeb.o
                0x0010d9c8                runEAEB
 .text.speedometerInitialise
                0x0010da40       0x5c build/speedometer.o
                0x0010da40                speedometerInitialise
 .text.convertRawDataToTicks
                0x0010da9c       0x58 build/speedometer.o
                0x0010da9c                convertRawDataToTicks
 .text.addToArrayFront
                0x0010daf4       0x30 build/speedometer.o
                0x0010daf4                addToArrayFront
 .text.addToArrayBack
                0x0010db24       0x34 build/speedometer.o
                0x0010db24                addToArrayBack
 .text.updateSpeedometerData
                0x0010db58       0xc8 build/speedometer.o
                0x0010db58                updateSpeedometerData
 .text.calculateVelocity
                0x0010dc20       0xd0 build/speedometer.o
                0x0010dc20                calculateVelocity
 .text.ecrobot_set_light_sensor_active
                0x0010dcf0       0x10 ../../ecrobot/../ecrobot/libecrobot.a(ecrobot_interface.o)
                0x0010dcf0                ecrobot_set_light_sensor_active
 .text.ecrobot_set_light_sensor_inactive
                0x0010dd00       0x10 ../../ecrobot/../ecrobot/libecrobot.a(ecrobot_interface.o)
                0x0010dd00                ecrobot_set_light_sensor_inactive
 .text.ecrobot_get_light_sensor
                0x0010dd10       0x14 ../../ecrobot/../ecrobot/libecrobot.a(ecrobot_interface.o)
                0x0010dd10                ecrobot_get_light_sensor
 .text.ecrobot_get_touch_sensor
                0x0010dd24       0x20 ../../ecrobot/../ecrobot/libecrobot.a(ecrobot_interface.o)
                0x0010dd24                ecrobot_get_touch_sensor
 .text.ecrobot_init_i2c
                0x0010dd44       0x2c ../../ecrobot/../ecrobot/libecrobot.a(ecrobot_interface.o)
                0x0010dd44                ecrobot_init_i2c
 .text.ecrobot_init_sonar_sensor
                0x0010dd70       0x10 ../../ecrobot/../ecrobot/libecrobot.a(ecrobot_interface.o)
                0x0010dd70                ecrobot_init_sonar_sensor
 .text.ecrobot_get_sonar_sensor
                0x0010dd80       0x48 ../../ecrobot/../ecrobot/libecrobot.a(ecrobot_interface.o)
                0x0010dd80                ecrobot_get_sonar_sensor
 .text.ecrobot_term_sonar_sensor
                0x0010ddc8       0x20 ../../ecrobot/../ecrobot/libecrobot.a(ecrobot_interface.o)
                0x0010ddc8                ecrobot_term_sonar_sensor
 .text.ecrobot_set_RCX_power_source
                0x0010dde8       0x20 ../../ecrobot/../ecrobot/libecrobot.a(ecrobot_interface.o)
                0x0010dde8                ecrobot_set_RCX_power_source
 .text.ecrobot_term_RCX_power_source
                0x0010de08       0x10 ../../ecrobot/../ecrobot/libecrobot.a(ecrobot_interface.o)
                0x0010de08                ecrobot_term_RCX_power_source
 .text.ecrobot_get_RCX_sensor
                0x0010de18       0x14 ../../ecrobot/../ecrobot/libecrobot.a(ecrobot_interface.o)
                0x0010de18                ecrobot_get_RCX_sensor
 .text.ecrobot_get_battery_voltage
                0x0010de2c        0xc ../../ecrobot/../ecrobot/libecrobot.a(ecrobot_interface.o)
                0x0010de2c                ecrobot_get_battery_voltage
 .text.ecrobot_get_button_state
                0x0010de38        0xc ../../ecrobot/../ecrobot/libecrobot.a(ecrobot_interface.o)
                0x0010de38                ecrobot_get_button_state
 .text.ecrobot_init_nxtstate
                0x0010de44       0x28 ../../ecrobot/../ecrobot/libecrobot.a(ecrobot_interface.o)
                0x0010de44                ecrobot_init_nxtstate
 .text.ecrobot_poll_nxtstate
                0x0010de6c       0x64 ../../ecrobot/../ecrobot/libecrobot.a(ecrobot_interface.o)
                0x0010de6c                ecrobot_poll_nxtstate
 .text.ecrobot_setDeviceInitialized
                0x0010ded0       0x18 ../../ecrobot/../ecrobot/libecrobot.a(ecrobot_interface.o)
                0x0010ded0                ecrobot_setDeviceInitialized
 .text.ecrobot_initDeviceStatus
                0x0010dee8        0xc ../../ecrobot/../ecrobot/libecrobot.a(ecrobot_interface.o)
                0x0010dee8                ecrobot_initDeviceStatus
 .text.ecrobot_bmp2lcd
                0x0010def4      0x1c8 ../../ecrobot/../ecrobot/libecrobot.a(ecrobot_interface.o)
                0x0010def4                ecrobot_bmp2lcd
 .text.StartupHook
                0x0010e0bc        0x4 ../../ecrobot/../ecrobot/libecrobot.a(osek_hook.o)
                0x0010e0bc                StartupHook
 .text.PreTaskHook
                0x0010e0c0        0x4 ../../ecrobot/../ecrobot/libecrobot.a(osek_hook.o)
                0x0010e0c0                PreTaskHook
 .text.PostTaskHook
                0x0010e0c4        0x4 ../../ecrobot/../ecrobot/libecrobot.a(osek_hook.o)
                0x0010e0c4                PostTaskHook
 .text.ErrorHook
                0x0010e0c8        0x4 ../../ecrobot/../ecrobot/libecrobot.a(osek_hook.o)
                0x0010e0c8                ErrorHook
 .text.ShutdownHook
                0x0010e0cc        0x4 ../../ecrobot/../ecrobot/libecrobot.a(osek_hook.o)
                0x0010e0cc                ShutdownHook
 .text          0x0010e0d0      0x3a4 /cygdrive/C/cygwin/GNUARM/bin/../lib/gcc/arm-elf/4.0.2/../../../../arm-elf/lib/thumb/interwork/libm.a(s_atan.o)
                0x0010e0d0                atan
 .text          0x0010e474       0x14 /cygdrive/C/cygwin/GNUARM/bin/../lib/gcc/arm-elf/4.0.2/../../../../arm-elf/lib/thumb/interwork/libm.a(s_fabs.o)
                0x0010e474                fabs
 .text          0x0010e488      0x30c /cygdrive/C/cygwin/GNUARM/bin/../lib/gcc/arm-elf/4.0.2/../../../../arm-elf/lib/thumb/interwork/libm.a(w_pow.o)
                0x0010e488                pow
 .text          0x0010e794       0xc4 /cygdrive/C/cygwin/GNUARM/bin/../lib/gcc/arm-elf/4.0.2/../../../../arm-elf/lib/thumb/interwork/libm.a(w_sqrt.o)
                0x0010e794                sqrt
 .text          0x0010e858      0xbc0 /cygdrive/C/cygwin/GNUARM/bin/../lib/gcc/arm-elf/4.0.2/../../../../arm-elf/lib/thumb/interwork/libm.a(e_pow.o)
                0x0010e858                __ieee754_pow
 .text          0x0010f418      0x1e8 /cygdrive/C/cygwin/GNUARM/bin/../lib/gcc/arm-elf/4.0.2/../../../../arm-elf/lib/thumb/interwork/libm.a(e_sqrt.o)
                0x0010f418                __ieee754_sqrt
 .text          0x0010f600       0x1c /cygdrive/C/cygwin/GNUARM/bin/../lib/gcc/arm-elf/4.0.2/../../../../arm-elf/lib/thumb/interwork/libm.a(s_finite.o)
                0x0010f600                finite
 .text          0x0010f61c       0x1c /cygdrive/C/cygwin/GNUARM/bin/../lib/gcc/arm-elf/4.0.2/../../../../arm-elf/lib/thumb/interwork/libm.a(s_isnan.o)
                0x0010f61c                isnan
 .text          0x0010f638        0x4 /cygdrive/C/cygwin/GNUARM/bin/../lib/gcc/arm-elf/4.0.2/../../../../arm-elf/lib/thumb/interwork/libm.a(s_matherr.o)
                0x0010f638                matherr
 .text          0x0010f63c      0x16c /cygdrive/C/cygwin/GNUARM/bin/../lib/gcc/arm-elf/4.0.2/../../../../arm-elf/lib/thumb/interwork/libm.a(s_rint.o)
                0x0010f63c                rint
 .text          0x0010f7a8      0x130 /cygdrive/C/cygwin/GNUARM/bin/../lib/gcc/arm-elf/4.0.2/../../../../arm-elf/lib/thumb/interwork/libm.a(s_scalbn.o)
                0x0010f7a8                scalbn
 .text          0x0010f8d8       0x24 /cygdrive/C/cygwin/GNUARM/bin/../lib/gcc/arm-elf/4.0.2/../../../../arm-elf/lib/thumb/interwork/libm.a(s_copysign.o)
                0x0010f8d8                copysign
 .text          0x0010f8fc       0x8c /cygdrive/C/cygwin/GNUARM/bin/../lib/gcc/arm-elf/4.0.2/thumb/interwork/libgcc.a(_udivsi3.o)
                0x0010f8fc                __udivsi3
                0x0010f978                __aeabi_uidivmod
 .text          0x0010f988       0xa4 /cygdrive/C/cygwin/GNUARM/bin/../lib/gcc/arm-elf/4.0.2/thumb/interwork/libgcc.a(_divsi3.o)
                0x0010f988                __divsi3
                0x0010fa1c                __aeabi_idivmod
 .text          0x0010fa2c       0xc8 /cygdrive/C/cygwin/GNUARM/bin/../lib/gcc/arm-elf/4.0.2/thumb/interwork/libgcc.a(_umodsi3.o)
                0x0010fa2c                __umodsi3
 .text          0x0010faf4       0xd8 /cygdrive/C/cygwin/GNUARM/bin/../lib/gcc/arm-elf/4.0.2/thumb/interwork/libgcc.a(_modsi3.o)
                0x0010faf4                __modsi3
 .text          0x0010fbcc        0x4 /cygdrive/C/cygwin/GNUARM/bin/../lib/gcc/arm-elf/4.0.2/thumb/interwork/libgcc.a(_dvmd_tls.o)
                0x0010fbcc                __aeabi_ldiv0
                0x0010fbcc                __div0
                0x0010fbcc                __aeabi_idiv0
 .text          0x0010fbd0      0x430 /cygdrive/C/cygwin/GNUARM/bin/../lib/gcc/arm-elf/4.0.2/thumb/interwork/libgcc.a(_addsubdf3.o)
                0x0010ff94                __floatdidf
                0x0010ff14                __floatsidf
                0x0010feec                __aeabi_ui2d
                0x0010fbd0                __aeabi_drsub
                0x0010ff40                __extendsfdf2
                0x0010fbdc                __adddf3
                0x0010feec                __floatunsidf
                0x0010fbdc                __aeabi_dadd
                0x0010ff80                __aeabi_ul2d
                0x0010fbd8                __aeabi_dsub
                0x0010ff80                __floatundidf
                0x0010ff14                __aeabi_i2d
                0x0010ff94                __aeabi_l2d
                0x0010ff40                __aeabi_f2d
                0x0010fbd8                __subdf3
 .text          0x00110000      0x49c /cygdrive/C/cygwin/GNUARM/bin/../lib/gcc/arm-elf/4.0.2/thumb/interwork/libgcc.a(_muldivdf3.o)
                0x00110290                __aeabi_ddiv
                0x00110000                __aeabi_dmul
                0x00110290                __divdf3
                0x00110000                __muldf3
 .text          0x0011049c      0x140 /cygdrive/C/cygwin/GNUARM/bin/../lib/gcc/arm-elf/4.0.2/thumb/interwork/libgcc.a(_cmpdf2.o)
                0x00110594                __aeabi_dcmple
                0x001104ac                __cmpdf2
                0x001104ac                __eqdf2
                0x0011049c                __gtdf2
                0x0011054c                __aeabi_cdcmple
                0x00110530                __aeabi_cdrcmple
                0x001104a4                __ltdf2
                0x0011057c                __aeabi_dcmplt
                0x001104a4                __ledf2
                0x001105c4                __aeabi_dcmpgt
                0x001105ac                __aeabi_dcmpge
                0x001104ac                __nedf2
                0x00110564                __aeabi_dcmpeq
                0x0011054c                __aeabi_cdcmpeq
                0x0011049c                __gedf2
 .text          0x001105dc       0x5c /cygdrive/C/cygwin/GNUARM/bin/../lib/gcc/arm-elf/4.0.2/thumb/interwork/libgcc.a(_fixdfsi.o)
                0x001105dc                __fixdfsi
                0x001105dc                __aeabi_d2iz
 .text          0x00110638       0xa0 /cygdrive/C/cygwin/GNUARM/bin/../lib/gcc/arm-elf/4.0.2/thumb/interwork/libgcc.a(_truncdfsf2.o)
                0x00110638                __aeabi_d2f
                0x00110638                __truncdfsf2
 .text          0x001106d8      0x2ac /cygdrive/C/cygwin/GNUARM/bin/../lib/gcc/arm-elf/4.0.2/thumb/interwork/libgcc.a(_addsubsf3.o)
                0x001106e4                __aeabi_fadd
                0x001106e0                __subsf3
                0x001108a8                __aeabi_i2f
                0x001106e0                __aeabi_fsub
                0x001108d8                __floatdisf
                0x001108a8                __floatsisf
                0x001108c8                __floatundisf
                0x001108a0                __aeabi_ui2f
                0x001108d8                __aeabi_l2f
                0x001108c8                __aeabi_ul2f
                0x001106d8                __aeabi_frsub
                0x001108a0                __floatunsisf
                0x001106e4                __addsf3
 .text          0x00110984      0x2f8 /cygdrive/C/cygwin/GNUARM/bin/../lib/gcc/arm-elf/4.0.2/thumb/interwork/libgcc.a(_muldivsf3.o)
                0x00110b1c                __divsf3
                0x00110b1c                __aeabi_fdiv
                0x00110984                __mulsf3
                0x00110984                __aeabi_fmul
 .text          0x00110c7c      0x110 /cygdrive/C/cygwin/GNUARM/bin/../lib/gcc/arm-elf/4.0.2/thumb/interwork/libgcc.a(_cmpsf2.o)
                0x00110d74                __aeabi_fcmpgt
                0x00110c84                __lesf2
                0x00110c8c                __nesf2
                0x00110d5c                __aeabi_fcmpge
                0x00110c7c                __gtsf2
                0x00110d44                __aeabi_fcmple
                0x00110c8c                __eqsf2
                0x00110c8c                __cmpsf2
                0x00110c84                __ltsf2
                0x00110cfc                __aeabi_cfcmple
                0x00110c7c                __gesf2
                0x00110d14                __aeabi_fcmpeq
                0x00110cec                __aeabi_cfrcmple
                0x00110d2c                __aeabi_fcmplt
                0x00110cfc                __aeabi_cfcmpeq
 .text          0x00110d8c       0x5c /cygdrive/C/cygwin/GNUARM/bin/../lib/gcc/arm-elf/4.0.2/thumb/interwork/libgcc.a(_fixsfsi.o)
                0x00110d8c                __fixsfsi
                0x00110d8c                __aeabi_f2iz
 .text          0x00110de8        0xc /cygdrive/C/cygwin/GNUARM/bin/../lib/gcc/arm-elf/4.0.2/../../../../arm-elf/lib/thumb/interwork/libc.a(errno.o)
                0x00110de8                __errno
 .text          0x00110df4       0x68 /cygdrive/C/cygwin/GNUARM/bin/../lib/gcc/arm-elf/4.0.2/../../../../arm-elf/lib/thumb/interwork/libc.a(memcpy.o)
                0x00110df4                memcpy
 .text          0x00110e5c       0x68 /cygdrive/C/cygwin/GNUARM/bin/../lib/gcc/arm-elf/4.0.2/../../../../arm-elf/lib/thumb/interwork/libc.a(memset.o)
                0x00110e5c                memset
 .text          0x00110ec4       0x60 /cygdrive/C/cygwin/GNUARM/bin/../lib/gcc/arm-elf/4.0.2/../../../../arm-elf/lib/thumb/interwork/libc.a(strcpy.o)
                0x00110ec4                strcpy
 .text          0x00110f24       0x48 /cygdrive/C/cygwin/GNUARM/bin/../lib/gcc/arm-elf/4.0.2/../../../../arm-elf/lib/thumb/interwork/libc.a(strlen.o)
                0x00110f24                strlen
 .glue_7        0x00110f6c       0x30 /cygdrive/C/cygwin/GNUARM/bin/../lib/gcc/arm-elf/4.0.2/../../../../arm-elf/lib/thumb/interwork/libc.a(strncpy.o)
                0x00110f84                __call_posttaskhook_from_arm
                0x00110f6d                __ecrobot_debug1_from_arm
                0x00110f79                __ecrobot_debug2_from_arm
                0x00110f90                __call_pretaskhook_from_arm
 .glue_7t       0x00110f9c      0x100 /cygdrive/C/cygwin/GNUARM/bin/../lib/gcc/arm-elf/4.0.2/../../../../arm-elf/lib/thumb/interwork/libc.a(strncpy.o)
                0x00110fc8                __start_change_to_arm
                0x00111064                __interrupts_get_and_disable_from_thumb
                0x0011105c                ____lesf2_from_thumb
                0x00110ff4                ____gtdf2_from_thumb
                0x00110fbc                __exit_and_dispatch_from_thumb
                0x00111004                ____divsf3_from_thumb
                0x00111044                ____subdf3_from_thumb
                0x00111088                ____ltdf2_change_to_arm
                0x00110fe0                ____fixsfsi_change_to_arm
                0x00110fd0                ____eqsf2_change_to_arm
                0x00111094                ____ledf2_from_thumb
                0x00111020                ____addsf3_change_to_arm
                0x00111048                ____subdf3_change_to_arm
                0x00110fdc                ____fixsfsi_from_thumb
                0x00111014                ____floatsisf_from_thumb
                0x00110fec                ____extendsfdf2_from_thumb
                0x00110fc0                __exit_and_dispatch_change_to_arm
                0x0011107c                ____eqdf2_from_thumb
                0x00110f9c                __disable_int_from_thumb
                0x00110fb4                __start_dispatch_from_thumb
                0x0011103c                ____ltsf2_from_thumb
                0x00110fe4                ____fixdfsi_from_thumb
                0x00111058                ____divdf3_change_to_arm
                0x00111060                ____lesf2_change_to_arm
                0x00110fc4                __start_from_thumb
                0x00111024                ____truncdfsf2_from_thumb
                0x00111038                ____muldf3_change_to_arm
                0x00111008                ____divsf3_change_to_arm
                0x00110fe8                ____fixdfsi_change_to_arm
                0x00111054                ____divdf3_from_thumb
                0x00110fa4                __enable_int_from_thumb
                0x00110fac                __dispatch_from_thumb
                0x00111070                __interrupts_enable_change_to_arm
                0x0011100c                ____gtsf2_from_thumb
                0x00111068                __interrupts_get_and_disable_change_to_arm
                0x00110fb0                __dispatch_change_to_arm
                0x00110fd8                ____mulsf3_change_to_arm
                0x00111050                ____adddf3_change_to_arm
                0x00110ff8                ____gtdf2_change_to_arm
                0x00111028                ____truncdfsf2_change_to_arm
                0x00110ff0                ____extendsfdf2_change_to_arm
                0x0011102c                ____floatsidf_from_thumb
                0x00111084                ____ltdf2_from_thumb
                0x00111018                ____floatsisf_change_to_arm
                0x00111075                __display_bios_status_from_thumb
                0x00111090                ____nedf2_change_to_arm
                0x00110ffc                ____subsf3_from_thumb
                0x0011104c                ____adddf3_from_thumb
                0x00111010                ____gtsf2_change_to_arm
                0x00111080                ____eqdf2_change_to_arm
                0x00110fa0                __disable_int_change_to_arm
                0x00111040                ____ltsf2_change_to_arm
                0x00110fd4                ____mulsf3_from_thumb
                0x0011101c                ____addsf3_from_thumb
                0x00111034                ____muldf3_from_thumb
                0x00110fcc                ____eqsf2_from_thumb
                0x00111000                ____subsf3_change_to_arm
                0x0011108c                ____nedf2_from_thumb
                0x00111098                ____ledf2_change_to_arm
                0x00110fa8                __enable_int_change_to_arm
                0x00111030                ____floatsidf_change_to_arm
                0x0011106c                __interrupts_enable_from_thumb
                0x00111078                __display_bios_status_change_to_arm
                0x00110fb8                __start_dispatch_change_to_arm
                0x001110a0                . = ALIGN (0x10)
 *fill*         0x0011109c        0x4 00
 *(*.rodata *.rodata.*)
 .rodata.search_table.966
                0x001110a0        0xf build/kernel/task.o
 *fill*         0x001110af        0x1 00
 .rodata.alminib_cycle
                0x001110b0       0x18 build/./kernel_cfg.o
                0x001110b0                alminib_cycle
 .rodata.alminib_almval
                0x001110c8       0x18 build/./kernel_cfg.o
                0x001110c8                alminib_almval
 .rodata.alminib_autosta
                0x001110e0        0x6 build/./kernel_cfg.o
                0x001110e0                alminib_autosta
 *fill*         0x001110e6        0x2 00
 .rodata.alminib_cback
                0x001110e8       0x18 build/./kernel_cfg.o
                0x001110e8                alminib_cback
 .rodata.alminib_cntid
                0x00111100        0x6 build/./kernel_cfg.o
                0x00111100                alminib_cntid
 *fill*         0x00111106        0x2 00
 .rodata.cntinib_tickbase
                0x00111108        0x4 build/./kernel_cfg.o
                0x00111108                cntinib_tickbase
 .rodata.cntinib_maxval2
                0x0011110c        0x4 build/./kernel_cfg.o
                0x0011110c                cntinib_maxval2
 .rodata.cntinib_maxval
                0x00111110        0x4 build/./kernel_cfg.o
                0x00111110                cntinib_maxval
 .rodata.SysTimerCnt
                0x00111114        0x1 build/./kernel_cfg.o
                0x00111114                SysTimerCnt
 *fill*         0x00111115        0x1 00
 .rodata.tinib_stksz
                0x00111116        0xe build/./kernel_cfg.o
                0x00111116                tinib_stksz
 .rodata.tinib_stk
                0x00111124       0x1c build/./kernel_cfg.o
                0x00111124                tinib_stk
 .rodata.tinib_task
                0x00111140       0x1c build/./kernel_cfg.o
                0x00111140                tinib_task
 .rodata.tinib_autoact
                0x0011115c        0x7 build/./kernel_cfg.o
                0x0011115c                tinib_autoact
 .rodata.tinib_maxact
                0x00111163        0x7 build/./kernel_cfg.o
                0x00111163                tinib_maxact
 .rodata.tinib_exepri
                0x0011116a        0x7 build/./kernel_cfg.o
                0x0011116a                tinib_exepri
 .rodata.tinib_inipri
                0x00111171        0x7 build/./kernel_cfg.o
                0x00111171                tinib_inipri
 .rodata.tnum_exttask
                0x00111178        0x1 build/./kernel_cfg.o
                0x00111178                tnum_exttask
 .rodata.tnum_task
                0x00111179        0x1 build/./kernel_cfg.o
                0x00111179                tnum_task
 .rodata.tnum_counter
                0x0011117a        0x1 build/./kernel_cfg.o
                0x0011117a                tnum_counter
 .rodata.tnum_alarm
                0x0011117b        0x1 build/./kernel_cfg.o
                0x0011117b                tnum_alarm
 .rodata.str1.4
                0x0011117c        0x7 build/ecrobot_bluetooth.o
                                  0x8 (size before relaxing)
 *fill*         0x00111183        0x1 00
 .rodata.exec_addr
                0x00111184        0x4 build/ecrobot_base.o
                0x00111184                exec_addr
 .rodata.str1.4
                0x00111188       0x80 build/ecrobot_base.o
 .rodata        0x00111208       0x98 /cygdrive/C/cygwin/GNUARM/bin/../lib/gcc/arm-elf/4.0.2/../../../../arm-elf/lib/thumb/interwork/libm.a(s_atan.o)
 .rodata.str1.4
                0x001112a0        0x4 /cygdrive/C/cygwin/GNUARM/bin/../lib/gcc/arm-elf/4.0.2/../../../../arm-elf/lib/thumb/interwork/libm.a(w_pow.o)
 .rodata.str1.4
                0x001112a4        0x5 /cygdrive/C/cygwin/GNUARM/bin/../lib/gcc/arm-elf/4.0.2/../../../../arm-elf/lib/thumb/interwork/libm.a(w_sqrt.o)
                                  0x8 (size before relaxing)
 *fill*         0x001112a9        0x3 00
 .rodata        0x001112ac       0x30 /cygdrive/C/cygwin/GNUARM/bin/../lib/gcc/arm-elf/4.0.2/../../../../arm-elf/lib/thumb/interwork/libm.a(e_pow.o)
 .rodata        0x001112dc        0x4 /cygdrive/C/cygwin/GNUARM/bin/../lib/gcc/arm-elf/4.0.2/../../../../arm-elf/lib/thumb/interwork/libm.a(s_lib_ver.o)
                0x001112dc                __fdlib_version
 .rodata        0x001112e0       0x10 /cygdrive/C/cygwin/GNUARM/bin/../lib/gcc/arm-elf/4.0.2/../../../../arm-elf/lib/thumb/interwork/libm.a(s_rint.o)
 .rodata.str1.4
                0x001112f0        0x2 /cygdrive/C/cygwin/GNUARM/bin/../lib/gcc/arm-elf/4.0.2/../../../../arm-elf/lib/thumb/interwork/libc.a(impure.o)
                                  0x4 (size before relaxing)
                0x00111300                . = ALIGN (0x10)
 *fill*         0x001112f2        0xe 00
 *(*.gnu.linkonce.* .gcc_except_table)
                0x00111300                . = ALIGN (0x10)

.tors           0x00111300        0x0
                0x00111300                . = ALIGN (0x10)
                0x00111300                __ctor_begin = .
 *(*.ctors*)
                0x00111300                __ctor_end = .
                0x00111300                . = ALIGN (0x10)
                0x00111300                __dtor_begin = .
 *(*.dtors*)
                0x00111300                __dtor_end = .
                0x00111300                . = ALIGN (0x10)
                0x00111300                __rom_end__ = __dtor_end

.bss            0x00203970     0x2244
 *(*.bss *.bss.*)
 .bss.ready_primap
                0x00203970        0x2 build/kernel/task.o
 .bss.ready_queue_last
                0x00203972       0x10 build/kernel/task.o
 .bss.ready_queue_first
                0x00203982       0x10 build/kernel/task.o
 *fill*         0x00203992        0x2 00
 .bss._stack_priority_7
                0x00203994      0x200 build/./kernel_cfg.o
 .bss._stack_priority_5
                0x00203b94      0x200 build/./kernel_cfg.o
 .bss._stack_priority_4
                0x00203d94      0x200 build/./kernel_cfg.o
 .bss._stack_DataLoggingTask
                0x00203f94      0x200 build/./kernel_cfg.o
 .bss._stack_ABSTask
                0x00204194      0x200 build/./kernel_cfg.o
 .bss._stack_ControllerTask
                0x00204394      0x200 build/./kernel_cfg.o
 .bss._stack_AEBTask
                0x00204594      0x200 build/./kernel_cfg.o
 .bss.receiveBuf
                0x00204794       0x80 build/ecrobot_bluetooth.o
 .bss.sendBuf   0x00204814      0x100 build/ecrobot_bluetooth.o
 .bss.handle    0x00204914        0x1 build/ecrobot_bluetooth.o
 *fill*         0x00204915        0x3 00
 .bss.status_bar_position
                0x00204918        0x4 build/ecrobot_base.o
 .bss.last_act_time.2753
                0x0020491c        0x4 build/ecrobot_base.o
 .bss.lcd.2682  0x00204920      0x320 build/ecrobot_base.o
 .bss.OS_flag   0x00204c40        0x4 build/ecrobot_base.o
 .bss.status_bar
                0x00204c44       0x10 build/ecrobot_base.o
 .bss.brakeVelo
                0x00204c54        0x4 build/main.o
                0x00204c54                brakeVelo
 .bss.dataArray.1507
                0x00204c58        0xd build/datalog.o
 *fill*         0x00204c65        0x3 00
 .bss.oldTime   0x00204c68        0x4 build/controller.o
                0x00204c68                oldTime
 .bss.lastRevRight
                0x00204c6c        0x4 build/controller.o
                0x00204c6c                lastRevRight
 .bss.lastRevLeft
                0x00204c70        0x4 build/controller.o
                0x00204c70                lastRevLeft
 .bss.btReceiveBuf.1364
                0x00204c74        0x4 build/controller.o
 .bss.distance  0x00204c78        0x4 build/eaeb.o
                0x00204c78                distance
 .bss.buttons_i
                0x00204c7c        0x4 ../../ecrobot/../ecrobot/libecrobot.a(ecrobot_interface.o)
 .bss.buttons_states
                0x00204c80       0x14 ../../ecrobot/../ecrobot/libecrobot.a(ecrobot_interface.o)
 .bss.ecrobot_inputs
                0x00204c94        0x8 ../../ecrobot/../ecrobot/libecrobot.a(ecrobot_interface.o)
 .bss.systick_ms
                0x00204c9c        0x4 ../../ecrobot/../ecrobot/libecrobot.a(systick.oram)
 .bss.delayedEnable
                0x00204ca0        0x1 ../../ecrobot/../ecrobot/libecrobot.a(udp.oram)
 *fill*         0x00204ca1        0x3 00
 .bss.outCnt    0x00204ca4        0x4 ../../ecrobot/../ecrobot/libecrobot.a(udp.oram)
 .bss.outPtr    0x00204ca8        0x4 ../../ecrobot/../ecrobot/libecrobot.a(udp.oram)
 .bss.newAddress
                0x00204cac        0x4 ../../ecrobot/../ecrobot/libecrobot.a(udp.oram)
 .bss.currentRxBank
                0x00204cb0        0x4 ../../ecrobot/../ecrobot/libecrobot.a(udp.oram)
 .bss.currentFeatures
                0x00204cb4        0x4 ../../ecrobot/../ecrobot/libecrobot.a(udp.oram)
 .bss.currentConfig
                0x00204cb8        0x1 ../../ecrobot/../ecrobot/libecrobot.a(udp.oram)
 *fill*         0x00204cb9        0x3 00
 .bss.twi_mask  0x00204cbc        0x4 ../../ecrobot/../ecrobot/libecrobot.a(twi.oram)
 .bss.twi_ptr   0x00204cc0        0x4 ../../ecrobot/../ecrobot/libecrobot.a(twi.oram)
 .bss.twi_pending
                0x00204cc4        0x4 ../../ecrobot/../ecrobot/libecrobot.a(twi.oram)
 .bss.twi_state
                0x00204cc8        0x4 ../../ecrobot/../ecrobot/libecrobot.a(twi.oram)
 .bss.page      0x00204ccc        0x1 ../../ecrobot/../ecrobot/libecrobot.a(nxt_spi.oram)
                0x00204ccc                page
 .bss.dirty     0x00204ccd        0x1 ../../ecrobot/../ecrobot/libecrobot.a(nxt_spi.oram)
                0x00204ccd                dirty
 *fill*         0x00204cce        0x2 00
 .bss.display   0x00204cd0        0x4 ../../ecrobot/../ecrobot/libecrobot.a(nxt_spi.oram)
                0x00204cd0                display
 .bss.interrupts_this_period
                0x00204cd4        0x4 ../../ecrobot/../ecrobot/libecrobot.a(nxt_motors.oram)
 .bss.nxt_motor_initialised
                0x00204cd8        0x4 ../../ecrobot/../ecrobot/libecrobot.a(nxt_motors.oram)
 .bss.motor     0x00204cdc       0x30 ../../ecrobot/../ecrobot/libecrobot.a(nxt_motors.oram)
 .bss.display_tick
                0x00204d0c        0x4 ../../ecrobot/../ecrobot/libecrobot.a(display.oram)
                0x00204d0c                display_tick
 .bss.display_array
                0x00204d10      0x388 ../../ecrobot/../ecrobot/libecrobot.a(display.oram)
 .bss.i2c_int_count
                0x00205098        0x4 ../../ecrobot/../ecrobot/libecrobot.a(i2c.oram)
 .bss.i2c_port  0x0020509c      0x170 ../../ecrobot/../ecrobot/libecrobot.a(i2c.oram)
 .bss.sound_mode
                0x0020520c        0x1 ../../ecrobot/../ecrobot/libecrobot.a(sound.oram)
                0x0020520c                sound_mode
 *fill*         0x0020520d        0x3 00
 .bss.in_buf_idx
                0x00205210        0x4 ../../ecrobot/../ecrobot/libecrobot.a(bt.oram)
 .bss.buf_ptr   0x00205214        0x4 ../../ecrobot/../ecrobot/libecrobot.a(bt.oram)
 .bss.out_buf   0x00205218      0x200 ../../ecrobot/../ecrobot/libecrobot.a(bt.oram)
 .bss.out_buf_ptr
                0x00205418        0x1 ../../ecrobot/../ecrobot/libecrobot.a(bt.oram)
 .bss.in_buf_in_ptr
                0x00205419        0x1 ../../ecrobot/../ecrobot/libecrobot.a(bt.oram)
 .bss.in_buf    0x0020541a      0x100 ../../ecrobot/../ecrobot/libecrobot.a(bt.oram)
 *fill*         0x0020551a        0x2 00
 .bss.link_state
                0x0020551c        0x4 ../../ecrobot/../ecrobot/libecrobot.a(nxt_avr.oram)
 .bss.update_count
                0x00205520        0x4 ../../ecrobot/../ecrobot/libecrobot.a(nxt_avr.oram)
 .bss.nxt_avr_stats
                0x00205524       0x14 ../../ecrobot/../ecrobot/libecrobot.a(nxt_avr.oram)
 .bss.debounce_cnt
                0x00205538        0x2 ../../ecrobot/../ecrobot/libecrobot.a(nxt_avr.oram)
 .bss.debounce_state
                0x0020553a        0x2 ../../ecrobot/../ecrobot/libecrobot.a(nxt_avr.oram)
 .bss.button_state
                0x0020553c        0x2 ../../ecrobot/../ecrobot/libecrobot.a(nxt_avr.oram)
 .bss.prev_buttons
                0x0020553e        0x2 ../../ecrobot/../ecrobot/libecrobot.a(nxt_avr.oram)
 .bss.from_buf  0x00205540        0x4 ../../ecrobot/../ecrobot/libecrobot.a(nxt_avr.oram)
 .bss.io_from_avr
                0x00205544        0x4 ../../ecrobot/../ecrobot/libecrobot.a(nxt_avr.oram)
 .bss.data_from_avr
                0x00205548       0x1a ../../ecrobot/../ecrobot/libecrobot.a(nxt_avr.oram)
 .bss.data_to_avr
                0x00205562        0x9 ../../ecrobot/../ecrobot/libecrobot.a(nxt_avr.oram)
 .bss.io_to_avr
                0x0020556b        0x8 ../../ecrobot/../ecrobot/libecrobot.a(nxt_avr.oram)
 *fill*         0x00205573        0x1 00
 .bss.display   0x00205574        0x4 ../../ecrobot/../ecrobot/libecrobot.a(nxt_lcd.oram)
                0x00205580                . = ALIGN (0x10)
 *fill*         0x00205578        0x8 00
                0x00205580                __bss_end__ = .
 COMMON         0x00205580        0x2 build/kernel/interrupt.o
                0x00205580                runisr
                0x00205581                sus_all_cnt
 *fill*         0x00205582        0x2 00
 COMMON         0x00205584       0x10 build/kernel/osctl.o
                0x00205584                callevel
                0x00205585                _errorhook_svcid
                0x00205586                appmode
                0x00205588                _errorhook_par1
                0x0020558c                _errorhook_par3
                0x00205590                _errorhook_par2
 COMMON         0x00205594        0x3 build/kernel/task.o
                0x00205594                runtsk
                0x00205595                schedtsk
                0x00205596                nextpri
 *fill*         0x00205597        0x1 00
 COMMON         0x00205598       0xac build/./kernel_cfg.o
                0x00205598                tcb_waievt
                0x0020559c                rescb_prevpri
                0x0020559d                almcb_prev
                0x002055a3                tcb_lastres
                0x002055ac                almcb_almval
                0x002055c4                tcxb_pc
                0x002055e0                tcb_next
                0x002055e7                tcb_curpri
                0x002055ee                tcb_tstat
                0x002055f5                isrcb_lastres
                0x002055f6                cntcb_almque
                0x002055f7                rescb_prevres
                0x002055f8                tcb_actcnt
                0x00205600                tcb_curevt
                0x00205604                almcb_cycle
                0x0020561c                tcxb_sp
                0x00205638                almcb_next
                0x00205640                cntcb_curval
 COMMON         0x00205644      0x1fc build/main.o
                0x00205644                vehicle
                0x0020565c                aeb
                0x00205684                tickCounter
                0x00205818                appliedSteering
                0x0020581c                appliedPower
                0x00205820                rotationSensor
                0x00205828                appliedMode
                0x0020582c                controller
                0x00205838                steer
 COMMON         0x00205840       0x44 ../../ecrobot/../ecrobot/libecrobot.a(uart.oram)
                0x00205840                uart
 COMMON         0x00205884        0x4 ../../ecrobot/../ecrobot/libecrobot.a(data_abort.oram)
                0x00205884                data_abort_pc
 COMMON         0x00205888        0x8 ../../ecrobot/../ecrobot/libecrobot.a(display.oram)
                0x00205888                display_x
                0x0020588c                display_y
 COMMON         0x00205890      0x324 ../../ecrobot/../ecrobot/libecrobot.a(sound.oram)
                0x00205890                sample
                0x00203970                __bss_start__ = ADDR (.bss)
                0x00205bb4                __bss_end__ = (ADDR (.bss) + SIZEOF (.bss))
                0x00205bb4                PROVIDE (end, .)

.heap_area      0x00205bb4     0x9fc4
                0x0020fb78                . = (. + (0x20fb78 - end))
 *fill*         0x00205bb4     0x9fc4 00

.stack          0x0020fb78      0x488
                0x0020fbf8                . = (. + 0x80)
 *fill*         0x0020fb78       0x80 00
                0x0020fc00                . = ALIGN (0x10)
 *fill*         0x0020fbf8        0x8 00
                0x0020fc00                __irq_stack__ = .
                0x0020fc00                __system_stack_bottom__ = .
                0x00210000                . = (. + 0x400)
 *fill*         0x0020fc00      0x400 00
                0x00210000                . = ALIGN (0x10)
                0x00210000                __system_stack__ = .
                0x00210000                __system_stack_top__ = .
                0x0020fb78                __stack_start__ = ADDR (.stack)
                0x00210000                __stack_end__ = (ADDR (.stack) + SIZEOF (.stack))
OUTPUT(mainSW502E13_rom.elf elf32-littlearm)

.comment        0x00000000      0x4ec
 .comment       0x00000000       0x12 build/kernel/alarm.o
 .comment       0x00000012       0x12 build/kernel/event.o
 .comment       0x00000024       0x12 build/kernel/interrupt.o
 .comment       0x00000036       0x12 build/kernel/osctl.o
 .comment       0x00000048       0x12 build/kernel/resource.o
 .comment       0x0000005a       0x12 build/kernel/task.o
 .comment       0x0000006c       0x12 build/kernel/task_manage.o
 .comment       0x0000007e       0x12 build/config/at91sam7s-gnu/cpu_config.o
 .comment       0x00000090       0x12 build/config/at91sam7s-gnu/lego_nxt/sys_config.o
 .comment       0x000000a2       0x12 build/./kernel_cfg.o
 .comment       0x000000b4       0x12 build/syscalls.o
 .comment       0x000000c6       0x12 build/ecrobot_bluetooth.o
 .comment       0x000000d8       0x12 build/ecrobot_base.o
 .comment       0x000000ea       0x12 build/ecrobot.o
 .comment       0x000000fc       0x12 build/main.o
 .comment       0x0000010e       0x12 build/nxt_interface.o
 .comment       0x00000120       0x12 build/abs.o
 .comment       0x00000132       0x12 build/datalog.o
 .comment       0x00000144       0x12 build/controller.o
 .comment       0x00000156       0x12 build/aeb.o
 .comment       0x00000168       0x12 build/eaeb.o
 .comment       0x0000017a       0x12 build/speedometer.o
 .comment       0x0000018c       0x12 build/syslib/at91sam7s-gnu/lego_nxt/hw_sys_timer.oram
 .comment       0x0000019e       0x12 ../../ecrobot/../ecrobot/libecrobot.a(ecrobot_interface.o)
 .comment       0x000001b0       0x12 ../../ecrobot/../ecrobot/libecrobot.a(colorsensor.o)
 .comment       0x000001c2       0x12 ../../ecrobot/../ecrobot/libecrobot.a(osek_hook.o)
 .comment       0x000001d4       0x12 ../../ecrobot/../ecrobot/libecrobot.a(uart.oram)
 .comment       0x000001e6       0x12 ../../ecrobot/../ecrobot/libecrobot.a(systick.oram)
 .comment       0x000001f8       0x12 ../../ecrobot/../ecrobot/libecrobot.a(byte_fifo.oram)
 .comment       0x0000020a       0x12 ../../ecrobot/../ecrobot/libecrobot.a(aic.oram)
 .comment       0x0000021c       0x12 ../../ecrobot/../ecrobot/libecrobot.a(udp.oram)
 .comment       0x0000022e       0x12 ../../ecrobot/../ecrobot/libecrobot.a(twi.oram)
 .comment       0x00000240       0x12 ../../ecrobot/../ecrobot/libecrobot.a(nxt_spi.oram)
 .comment       0x00000252       0x12 ../../ecrobot/../ecrobot/libecrobot.a(nxt_motors.oram)
 .comment       0x00000264       0x12 ../../ecrobot/../ecrobot/libecrobot.a(data_abort.oram)
 .comment       0x00000276       0x12 ../../ecrobot/../ecrobot/libecrobot.a(display.oram)
 .comment       0x00000288       0x12 ../../ecrobot/../ecrobot/libecrobot.a(i2c.oram)
 .comment       0x0000029a       0x12 ../../ecrobot/../ecrobot/libecrobot.a(sound.oram)
 .comment       0x000002ac       0x12 ../../ecrobot/../ecrobot/libecrobot.a(bt.oram)
 .comment       0x000002be       0x12 ../../ecrobot/../ecrobot/libecrobot.a(nxt_avr.oram)
 .comment       0x000002d0       0x12 ../../ecrobot/../ecrobot/libecrobot.a(sensors.oram)
 .comment       0x000002e2       0x12 ../../ecrobot/../ecrobot/libecrobot.a(sensors1.oram)
 .comment       0x000002f4       0x12 ../../ecrobot/../ecrobot/libecrobot.a(nxt_lcd.oram)
 .comment       0x00000306       0x12 ../../ecrobot/../ecrobot/libecrobot.a(flash_loader.oram)
 .comment       0x00000318       0x12 ../../ecrobot/../ecrobot/libecrobot.a(ecrobot_usb.o)
 .comment       0x0000032a       0x12 ../../ecrobot/../ecrobot/libecrobot.a(flashprog.oram)
 .comment       0x0000033c       0x12 /cygdrive/C/cygwin/GNUARM/bin/../lib/gcc/arm-elf/4.0.2/../../../../arm-elf/lib/thumb/interwork/libm.a(s_atan.o)
 .comment       0x0000034e       0x12 /cygdrive/C/cygwin/GNUARM/bin/../lib/gcc/arm-elf/4.0.2/../../../../arm-elf/lib/thumb/interwork/libm.a(s_fabs.o)
 .comment       0x00000360       0x12 /cygdrive/C/cygwin/GNUARM/bin/../lib/gcc/arm-elf/4.0.2/../../../../arm-elf/lib/thumb/interwork/libm.a(w_pow.o)
 .comment       0x00000372       0x12 /cygdrive/C/cygwin/GNUARM/bin/../lib/gcc/arm-elf/4.0.2/../../../../arm-elf/lib/thumb/interwork/libm.a(w_sqrt.o)
 .comment       0x00000384       0x12 /cygdrive/C/cygwin/GNUARM/bin/../lib/gcc/arm-elf/4.0.2/../../../../arm-elf/lib/thumb/interwork/libm.a(e_pow.o)
 .comment       0x00000396       0x12 /cygdrive/C/cygwin/GNUARM/bin/../lib/gcc/arm-elf/4.0.2/../../../../arm-elf/lib/thumb/interwork/libm.a(e_sqrt.o)
 .comment       0x000003a8       0x12 /cygdrive/C/cygwin/GNUARM/bin/../lib/gcc/arm-elf/4.0.2/../../../../arm-elf/lib/thumb/interwork/libm.a(s_finite.o)
 .comment       0x000003ba       0x12 /cygdrive/C/cygwin/GNUARM/bin/../lib/gcc/arm-elf/4.0.2/../../../../arm-elf/lib/thumb/interwork/libm.a(s_isnan.o)
 .comment       0x000003cc       0x12 /cygdrive/C/cygwin/GNUARM/bin/../lib/gcc/arm-elf/4.0.2/../../../../arm-elf/lib/thumb/interwork/libm.a(s_lib_ver.o)
 .comment       0x000003de       0x12 /cygdrive/C/cygwin/GNUARM/bin/../lib/gcc/arm-elf/4.0.2/../../../../arm-elf/lib/thumb/interwork/libm.a(s_matherr.o)
 .comment       0x000003f0       0x12 /cygdrive/C/cygwin/GNUARM/bin/../lib/gcc/arm-elf/4.0.2/../../../../arm-elf/lib/thumb/interwork/libm.a(s_rint.o)
 .comment       0x00000402       0x12 /cygdrive/C/cygwin/GNUARM/bin/../lib/gcc/arm-elf/4.0.2/../../../../arm-elf/lib/thumb/interwork/libm.a(s_scalbn.o)
 .comment       0x00000414       0x12 /cygdrive/C/cygwin/GNUARM/bin/../lib/gcc/arm-elf/4.0.2/../../../../arm-elf/lib/thumb/interwork/libm.a(s_copysign.o)
 .comment       0x00000426       0x12 /cygdrive/C/cygwin/GNUARM/bin/../lib/gcc/arm-elf/4.0.2/thumb/interwork/libgcc.a(_muldi3.o)
 .comment       0x00000438       0x12 /cygdrive/C/cygwin/GNUARM/bin/../lib/gcc/arm-elf/4.0.2/thumb/interwork/libgcc.a(_divdi3.o)
 .comment       0x0000044a       0x12 /cygdrive/C/cygwin/GNUARM/bin/../lib/gcc/arm-elf/4.0.2/thumb/interwork/libgcc.a(_clz.o)
 .comment       0x0000045c       0x12 /cygdrive/C/cygwin/GNUARM/bin/../lib/gcc/arm-elf/4.0.2/../../../../arm-elf/lib/thumb/interwork/libc.a(errno.o)
 .comment       0x0000046e       0x12 /cygdrive/C/cygwin/GNUARM/bin/../lib/gcc/arm-elf/4.0.2/../../../../arm-elf/lib/thumb/interwork/libc.a(impure.o)
 .comment       0x00000480       0x12 /cygdrive/C/cygwin/GNUARM/bin/../lib/gcc/arm-elf/4.0.2/../../../../arm-elf/lib/thumb/interwork/libc.a(memcpy.o)
 .comment       0x00000492       0x12 /cygdrive/C/cygwin/GNUARM/bin/../lib/gcc/arm-elf/4.0.2/../../../../arm-elf/lib/thumb/interwork/libc.a(memset.o)
 .comment       0x000004a4       0x12 /cygdrive/C/cygwin/GNUARM/bin/../lib/gcc/arm-elf/4.0.2/../../../../arm-elf/lib/thumb/interwork/libc.a(strcmp.o)
 .comment       0x000004b6       0x12 /cygdrive/C/cygwin/GNUARM/bin/../lib/gcc/arm-elf/4.0.2/../../../../arm-elf/lib/thumb/interwork/libc.a(strcpy.o)
 .comment       0x000004c8       0x12 /cygdrive/C/cygwin/GNUARM/bin/../lib/gcc/arm-elf/4.0.2/../../../../arm-elf/lib/thumb/interwork/libc.a(strlen.o)
 .comment       0x000004da       0x12 /cygdrive/C/cygwin/GNUARM/bin/../lib/gcc/arm-elf/4.0.2/../../../../arm-elf/lib/thumb/interwork/libc.a(strncpy.o)

.debug_abbrev   0x00000000     0x14de
 .debug_abbrev  0x00000000      0x118 /cygdrive/C/cygwin/GNUARM/bin/../lib/gcc/arm-elf/4.0.2/../../../../arm-elf/lib/thumb/interwork/libm.a(s_atan.o)
 .debug_abbrev  0x00000118       0xc5 /cygdrive/C/cygwin/GNUARM/bin/../lib/gcc/arm-elf/4.0.2/../../../../arm-elf/lib/thumb/interwork/libm.a(s_fabs.o)
 .debug_abbrev  0x000001dd       0xc7 /cygdrive/C/cygwin/GNUARM/bin/../lib/gcc/arm-elf/4.0.2/../../../../arm-elf/lib/thumb/interwork/libm.a(w_pow.o)
 .debug_abbrev  0x000002a4       0xd6 /cygdrive/C/cygwin/GNUARM/bin/../lib/gcc/arm-elf/4.0.2/../../../../arm-elf/lib/thumb/interwork/libm.a(w_sqrt.o)
 .debug_abbrev  0x0000037a      0x15d /cygdrive/C/cygwin/GNUARM/bin/../lib/gcc/arm-elf/4.0.2/../../../../arm-elf/lib/thumb/interwork/libm.a(e_pow.o)
 .debug_abbrev  0x000004d7      0x122 /cygdrive/C/cygwin/GNUARM/bin/../lib/gcc/arm-elf/4.0.2/../../../../arm-elf/lib/thumb/interwork/libm.a(e_sqrt.o)
 .debug_abbrev  0x000005f9       0xc5 /cygdrive/C/cygwin/GNUARM/bin/../lib/gcc/arm-elf/4.0.2/../../../../arm-elf/lib/thumb/interwork/libm.a(s_finite.o)
 .debug_abbrev  0x000006be       0x79 /cygdrive/C/cygwin/GNUARM/bin/../lib/gcc/arm-elf/4.0.2/../../../../arm-elf/lib/thumb/interwork/libm.a(s_isnan.o)
 .debug_abbrev  0x00000737       0x5a /cygdrive/C/cygwin/GNUARM/bin/../lib/gcc/arm-elf/4.0.2/../../../../arm-elf/lib/thumb/interwork/libm.a(s_lib_ver.o)
 .debug_abbrev  0x00000791       0x95 /cygdrive/C/cygwin/GNUARM/bin/../lib/gcc/arm-elf/4.0.2/../../../../arm-elf/lib/thumb/interwork/libm.a(s_matherr.o)
 .debug_abbrev  0x00000826      0x10e /cygdrive/C/cygwin/GNUARM/bin/../lib/gcc/arm-elf/4.0.2/../../../../arm-elf/lib/thumb/interwork/libm.a(s_rint.o)
 .debug_abbrev  0x00000934       0xf7 /cygdrive/C/cygwin/GNUARM/bin/../lib/gcc/arm-elf/4.0.2/../../../../arm-elf/lib/thumb/interwork/libm.a(s_scalbn.o)
 .debug_abbrev  0x00000a2b       0xe8 /cygdrive/C/cygwin/GNUARM/bin/../lib/gcc/arm-elf/4.0.2/../../../../arm-elf/lib/thumb/interwork/libm.a(s_copysign.o)
 .debug_abbrev  0x00000b13       0x14 /cygdrive/C/cygwin/GNUARM/bin/../lib/gcc/arm-elf/4.0.2/thumb/interwork/libgcc.a(_udivsi3.o)
 .debug_abbrev  0x00000b27       0x14 /cygdrive/C/cygwin/GNUARM/bin/../lib/gcc/arm-elf/4.0.2/thumb/interwork/libgcc.a(_divsi3.o)
 .debug_abbrev  0x00000b3b       0x14 /cygdrive/C/cygwin/GNUARM/bin/../lib/gcc/arm-elf/4.0.2/thumb/interwork/libgcc.a(_umodsi3.o)
 .debug_abbrev  0x00000b4f       0x14 /cygdrive/C/cygwin/GNUARM/bin/../lib/gcc/arm-elf/4.0.2/thumb/interwork/libgcc.a(_modsi3.o)
 .debug_abbrev  0x00000b63       0x14 /cygdrive/C/cygwin/GNUARM/bin/../lib/gcc/arm-elf/4.0.2/thumb/interwork/libgcc.a(_dvmd_tls.o)
 .debug_abbrev  0x00000b77       0x14 /cygdrive/C/cygwin/GNUARM/bin/../lib/gcc/arm-elf/4.0.2/thumb/interwork/libgcc.a(_addsubdf3.o)
 .debug_abbrev  0x00000b8b       0x14 /cygdrive/C/cygwin/GNUARM/bin/../lib/gcc/arm-elf/4.0.2/thumb/interwork/libgcc.a(_muldivdf3.o)
 .debug_abbrev  0x00000b9f       0x14 /cygdrive/C/cygwin/GNUARM/bin/../lib/gcc/arm-elf/4.0.2/thumb/interwork/libgcc.a(_cmpdf2.o)
 .debug_abbrev  0x00000bb3       0x14 /cygdrive/C/cygwin/GNUARM/bin/../lib/gcc/arm-elf/4.0.2/thumb/interwork/libgcc.a(_fixdfsi.o)
 .debug_abbrev  0x00000bc7       0x14 /cygdrive/C/cygwin/GNUARM/bin/../lib/gcc/arm-elf/4.0.2/thumb/interwork/libgcc.a(_truncdfsf2.o)
 .debug_abbrev  0x00000bdb       0x14 /cygdrive/C/cygwin/GNUARM/bin/../lib/gcc/arm-elf/4.0.2/thumb/interwork/libgcc.a(_addsubsf3.o)
 .debug_abbrev  0x00000bef       0x14 /cygdrive/C/cygwin/GNUARM/bin/../lib/gcc/arm-elf/4.0.2/thumb/interwork/libgcc.a(_muldivsf3.o)
 .debug_abbrev  0x00000c03       0x14 /cygdrive/C/cygwin/GNUARM/bin/../lib/gcc/arm-elf/4.0.2/thumb/interwork/libgcc.a(_cmpsf2.o)
 .debug_abbrev  0x00000c17       0x14 /cygdrive/C/cygwin/GNUARM/bin/../lib/gcc/arm-elf/4.0.2/thumb/interwork/libgcc.a(_fixsfsi.o)
 .debug_abbrev  0x00000c2b       0xec /cygdrive/C/cygwin/GNUARM/bin/../lib/gcc/arm-elf/4.0.2/thumb/interwork/libgcc.a(_muldi3.o)
 .debug_abbrev  0x00000d17      0x174 /cygdrive/C/cygwin/GNUARM/bin/../lib/gcc/arm-elf/4.0.2/thumb/interwork/libgcc.a(_divdi3.o)
 .debug_abbrev  0x00000e8b       0x61 /cygdrive/C/cygwin/GNUARM/bin/../lib/gcc/arm-elf/4.0.2/thumb/interwork/libgcc.a(_clz.o)
 .debug_abbrev  0x00000eec      0x15f /cygdrive/C/cygwin/GNUARM/bin/../lib/gcc/arm-elf/4.0.2/../../../../arm-elf/lib/thumb/interwork/libc.a(errno.o)
 .debug_abbrev  0x0000104b      0x157 /cygdrive/C/cygwin/GNUARM/bin/../lib/gcc/arm-elf/4.0.2/../../../../arm-elf/lib/thumb/interwork/libc.a(impure.o)
 .debug_abbrev  0x000011a2       0x99 /cygdrive/C/cygwin/GNUARM/bin/../lib/gcc/arm-elf/4.0.2/../../../../arm-elf/lib/thumb/interwork/libc.a(memcpy.o)
 .debug_abbrev  0x0000123b       0x9a /cygdrive/C/cygwin/GNUARM/bin/../lib/gcc/arm-elf/4.0.2/../../../../arm-elf/lib/thumb/interwork/libc.a(memset.o)
 .debug_abbrev  0x000012d5       0x71 /cygdrive/C/cygwin/GNUARM/bin/../lib/gcc/arm-elf/4.0.2/../../../../arm-elf/lib/thumb/interwork/libc.a(strcmp.o)
 .debug_abbrev  0x00001346       0x80 /cygdrive/C/cygwin/GNUARM/bin/../lib/gcc/arm-elf/4.0.2/../../../../arm-elf/lib/thumb/interwork/libc.a(strcpy.o)
 .debug_abbrev  0x000013c6       0x8b /cygdrive/C/cygwin/GNUARM/bin/../lib/gcc/arm-elf/4.0.2/../../../../arm-elf/lib/thumb/interwork/libc.a(strlen.o)
 .debug_abbrev  0x00001451       0x8d /cygdrive/C/cygwin/GNUARM/bin/../lib/gcc/arm-elf/4.0.2/../../../../arm-elf/lib/thumb/interwork/libc.a(strncpy.o)

.debug_info     0x00000000     0x41b8
 .debug_info    0x00000000      0x259 /cygdrive/C/cygwin/GNUARM/bin/../lib/gcc/arm-elf/4.0.2/../../../../arm-elf/lib/thumb/interwork/libm.a(s_atan.o)
 .debug_info    0x00000259      0x13d /cygdrive/C/cygwin/GNUARM/bin/../lib/gcc/arm-elf/4.0.2/../../../../arm-elf/lib/thumb/interwork/libm.a(s_fabs.o)
 .debug_info    0x00000396      0x188 /cygdrive/C/cygwin/GNUARM/bin/../lib/gcc/arm-elf/4.0.2/../../../../arm-elf/lib/thumb/interwork/libm.a(w_pow.o)
 .debug_info    0x0000051e      0x17c /cygdrive/C/cygwin/GNUARM/bin/../lib/gcc/arm-elf/4.0.2/../../../../arm-elf/lib/thumb/interwork/libm.a(w_sqrt.o)
 .debug_info    0x0000069a      0x707 /cygdrive/C/cygwin/GNUARM/bin/../lib/gcc/arm-elf/4.0.2/../../../../arm-elf/lib/thumb/interwork/libm.a(e_pow.o)
 .debug_info    0x00000da1      0x233 /cygdrive/C/cygwin/GNUARM/bin/../lib/gcc/arm-elf/4.0.2/../../../../arm-elf/lib/thumb/interwork/libm.a(e_sqrt.o)
 .debug_info    0x00000fd4      0x147 /cygdrive/C/cygwin/GNUARM/bin/../lib/gcc/arm-elf/4.0.2/../../../../arm-elf/lib/thumb/interwork/libm.a(s_finite.o)
 .debug_info    0x0000111b       0xd6 /cygdrive/C/cygwin/GNUARM/bin/../lib/gcc/arm-elf/4.0.2/../../../../arm-elf/lib/thumb/interwork/libm.a(s_isnan.o)
 .debug_info    0x000011f1       0xcc /cygdrive/C/cygwin/GNUARM/bin/../lib/gcc/arm-elf/4.0.2/../../../../arm-elf/lib/thumb/interwork/libm.a(s_lib_ver.o)
 .debug_info    0x000012bd      0x136 /cygdrive/C/cygwin/GNUARM/bin/../lib/gcc/arm-elf/4.0.2/../../../../arm-elf/lib/thumb/interwork/libm.a(s_matherr.o)
 .debug_info    0x000013f3      0x22e /cygdrive/C/cygwin/GNUARM/bin/../lib/gcc/arm-elf/4.0.2/../../../../arm-elf/lib/thumb/interwork/libm.a(s_rint.o)
 .debug_info    0x00001621      0x1e5 /cygdrive/C/cygwin/GNUARM/bin/../lib/gcc/arm-elf/4.0.2/../../../../arm-elf/lib/thumb/interwork/libm.a(s_scalbn.o)
 .debug_info    0x00001806      0x18c /cygdrive/C/cygwin/GNUARM/bin/../lib/gcc/arm-elf/4.0.2/../../../../arm-elf/lib/thumb/interwork/libm.a(s_copysign.o)
 .debug_info    0x00001992       0x6a /cygdrive/C/cygwin/GNUARM/bin/../lib/gcc/arm-elf/4.0.2/thumb/interwork/libgcc.a(_udivsi3.o)
 .debug_info    0x000019fc       0x6a /cygdrive/C/cygwin/GNUARM/bin/../lib/gcc/arm-elf/4.0.2/thumb/interwork/libgcc.a(_divsi3.o)
 .debug_info    0x00001a66       0x6a /cygdrive/C/cygwin/GNUARM/bin/../lib/gcc/arm-elf/4.0.2/thumb/interwork/libgcc.a(_umodsi3.o)
 .debug_info    0x00001ad0       0x6a /cygdrive/C/cygwin/GNUARM/bin/../lib/gcc/arm-elf/4.0.2/thumb/interwork/libgcc.a(_modsi3.o)
 .debug_info    0x00001b3a       0x6a /cygdrive/C/cygwin/GNUARM/bin/../lib/gcc/arm-elf/4.0.2/thumb/interwork/libgcc.a(_dvmd_tls.o)
 .debug_info    0x00001ba4       0x69 /cygdrive/C/cygwin/GNUARM/bin/../lib/gcc/arm-elf/4.0.2/thumb/interwork/libgcc.a(_addsubdf3.o)