Archive member included because of file (symbol)

../../../ecrobot/../ecrobot/libecrobot.a(ecrobot_interface.o)
                              build/ultrasoundtest.o (ecrobot_get_touch_sensor)
../../../ecrobot/../ecrobot/libecrobot.a(colorsensor.o)
                              ../../../ecrobot/../ecrobot/libecrobot.a(ecrobot_interface.o) (colorsensor_init)
../../../ecrobot/../ecrobot/libecrobot.a(osek_hook.o)
                              build/kernel/osctl.o (StartupHook)
../../../ecrobot/../ecrobot/libecrobot.a(uart.oram)
                              build/config/at91sam7s-gnu/irq.oram (uart_isr_C_0)
../../../ecrobot/../ecrobot/libecrobot.a(systick.oram)
                              build/syslib/at91sam7s-gnu/lego_nxt/hw_sys_timer.oram (systick_low_priority_C)
../../../ecrobot/../ecrobot/libecrobot.a(byte_fifo.oram)
                              ../../../ecrobot/../ecrobot/libecrobot.a(uart.oram) (byte_fifo_put)
../../../ecrobot/../ecrobot/libecrobot.a(aic.oram)
                              ../../../ecrobot/../ecrobot/libecrobot.a(uart.oram) (aic_set_vector)
../../../ecrobot/../ecrobot/libecrobot.a(udp.oram)
                              build/config/at91sam7s-gnu/irq.oram (udp_isr_C)
../../../ecrobot/../ecrobot/libecrobot.a(twi.oram)
                              build/config/at91sam7s-gnu/irq.oram (twi_isr_C)
../../../ecrobot/../ecrobot/libecrobot.a(nxt_spi.oram)
                              build/config/at91sam7s-gnu/irq.oram (spi_isr_C)
../../../ecrobot/../ecrobot/libecrobot.a(nxt_motors.oram)
                              ../../../ecrobot/../ecrobot/libecrobot.a(ecrobot_interface.o) (nxt_motor_get_count)
../../../ecrobot/../ecrobot/libecrobot.a(data_abort.oram)
                              build/ecrobot_init.o (data_abort_C)
../../../ecrobot/../ecrobot/libecrobot.a(display.oram)
                              build/ecrobot_base.o (display_update)
../../../ecrobot/../ecrobot/libecrobot.a(i2c.oram)
                              build/config/at91sam7s-gnu/irq.oram (i2c_timer_isr_C)
../../../ecrobot/../ecrobot/libecrobot.a(sound.oram)
                              ../../../ecrobot/../ecrobot/libecrobot.a(ecrobot_interface.o) (sound_get_time)
../../../ecrobot/../ecrobot/libecrobot.a(bt.oram)
                              build/ecrobot_bluetooth.o (bt_send)
../../../ecrobot/../ecrobot/libecrobot.a(nxt_avr.oram)
                              build/ecrobot_base.o (nxt_avr_power_down)
../../../ecrobot/../ecrobot/libecrobot.a(sensors.oram)
                              ../../../ecrobot/../ecrobot/libecrobot.a(ecrobot_interface.o) (unset_digi0)
../../../ecrobot/../ecrobot/libecrobot.a(sensors1.oram)
                              ../../../ecrobot/../ecrobot/libecrobot.a(colorsensor.o) (sensor_pins)
../../../ecrobot/../ecrobot/libecrobot.a(nxt_lcd.oram)
                              ../../../ecrobot/../ecrobot/libecrobot.a(display.oram) (nxt_lcd_force_update)
../../../ecrobot/../ecrobot/libecrobot.a(flash_loader.oram)
                              build/ecrobot_base.o (set_flash_request)
../../../ecrobot/../ecrobot/libecrobot.a(interrupts.oram)
                              ../../../ecrobot/../ecrobot/libecrobot.a(uart.oram) (interrupts_get_and_disable)
../../../ecrobot/../ecrobot/libecrobot.a(nxtosek_splash.obmp)
                              build/ecrobot_base.o (nxtosek_splash_bmp_start)
../../../ecrobot/../ecrobot/libecrobot.a(ecrobot_usb.o)
                              ../../../ecrobot/../ecrobot/libecrobot.a(flash_loader.oram) (ecrobot_init_usb)
../../../ecrobot/../ecrobot/libecrobot.a(flashprog.oram)
                              ../../../ecrobot/../ecrobot/libecrobot.a(flash_loader.oram) (flash_write_page)
/cygdrive/C/cygwin/GNUARM/bin/../lib/gcc/arm-elf/4.0.2/../../../../arm-elf/lib/thumb/interwork/libm.a(wf_pow.o)
                              build/ultrasoundtest.o (powf)
/cygdrive/C/cygwin/GNUARM/bin/../lib/gcc/arm-elf/4.0.2/../../../../arm-elf/lib/thumb/interwork/libm.a(wf_sqrt.o)
                              build/ultrasoundtest.o (sqrtf)
/cygdrive/C/cygwin/GNUARM/bin/../lib/gcc/arm-elf/4.0.2/../../../../arm-elf/lib/thumb/interwork/libm.a(ef_pow.o)
                              /cygdrive/C/cygwin/GNUARM/bin/../lib/gcc/arm-elf/4.0.2/../../../../arm-elf/lib/thumb/interwork/libm.a(wf_pow.o) (__ieee754_powf)
/cygdrive/C/cygwin/GNUARM/bin/../lib/gcc/arm-elf/4.0.2/../../../../arm-elf/lib/thumb/interwork/libm.a(ef_sqrt.o)
                              /cygdrive/C/cygwin/GNUARM/bin/../lib/gcc/arm-elf/4.0.2/../../../../arm-elf/lib/thumb/interwork/libm.a(wf_sqrt.o) (__ieee754_sqrtf)
/cygdrive/C/cygwin/GNUARM/bin/../lib/gcc/arm-elf/4.0.2/../../../../arm-elf/lib/thumb/interwork/libm.a(s_lib_ver.o)
                              /cygdrive/C/cygwin/GNUARM/bin/../lib/gcc/arm-elf/4.0.2/../../../../arm-elf/lib/thumb/interwork/libm.a(wf_pow.o) (__fdlib_version)
/cygdrive/C/cygwin/GNUARM/bin/../lib/gcc/arm-elf/4.0.2/../../../../arm-elf/lib/thumb/interwork/libm.a(s_matherr.o)
[...]
Memory Configuration

Name             Origin             Length             Attributes
header_ram       0x001ffff0         0x00000010
vector_ram       0x00200000         0x00000040
ram              0x00200040         0x0000ffc0
*default*        0x00000000         0xffffffff

Linker script and memory map

LOAD build/kernel/alarm.o
LOAD build/kernel/event.o
LOAD build/kernel/interrupt.o
LOAD build/kernel/osctl.o
LOAD build/kernel/resource.o
LOAD build/kernel/task.o
LOAD build/kernel/task_manage.o
LOAD build/config/at91sam7s-gnu/cpu_config.o
LOAD build/config/at91sam7s-gnu/lego_nxt/sys_config.o
LOAD build/./kernel_cfg.o
LOAD build/syscalls.o
LOAD build/ecrobot_bluetooth.o
LOAD build/ecrobot_base.o
LOAD build/ecrobot.o
LOAD build/ultrasoundtest.o
LOAD build/syslib/at91sam7s-gnu/lego_nxt/hw_sys_timer.oram
LOAD build/nxtvm/platform/nxt/vectors.o
LOAD build/config/at91sam7s-gnu/debug.o
LOAD build/config/at91sam7s-gnu/lego_nxt/sys_support.o
LOAD build/nxt_binary_header.o
LOAD build/nxt_entry_point.o
LOAD build/ecrobot_init.o
LOAD build/config/at91sam7s-gnu/cpu_support.oram
LOAD build/config/at91sam7s-gnu/irq.oram
LOAD ../../../ecrobot/../c++/liblejososek.a
LOAD ../../../ecrobot/../ecrobot/libecrobot.a
LOAD /cygdrive/C/cygwin/GNUARM/bin/../lib/gcc/arm-elf/4.0.2/../../../../arm-elf/lib/thumb/interwork/libstdc++.a
LOAD /cygdrive/C/cygwin/GNUARM/bin/../lib/gcc/arm-elf/4.0.2/../../../../arm-elf/lib/thumb/interwork/libm.a
LOAD /cygdrive/C/cygwin/GNUARM/bin/../lib/gcc/arm-elf/4.0.2/thumb/interwork/libgcc.a
LOAD /cygdrive/C/cygwin/GNUARM/bin/../lib/gcc/arm-elf/4.0.2/../../../../arm-elf/lib/thumb/interwork/libc.a
LOAD /cygdrive/C/cygwin/GNUARM/bin/../lib/gcc/arm-elf/4.0.2/thumb/interwork/libgcc.a
                0x00200000                RAM_BASE = 0x200000
                0x00010000                RAM_SIZE = 0x10000

.header         0x001ffff0       0x10
 *nxt_binary_header.o(*.text *.text.*)
 .text          0x001ffff0       0x10 build/nxt_binary_header.o
                0x00200000                . = ALIGN (0x10)

.vectors        0x00200000       0x40
 vectors.o(*.text *.text.*)
 .text          0x00200000       0x38 build/nxtvm/platform/nxt/vectors.o
                0x00200040                . = ALIGN (0x10)
 *fill*         0x00200038        0x8 00
                0x00200000                __vectors_ram_start__ = ADDR (.vectors)
                0x00200040                __vectors_ram_end__ = (ADDR (.vectors) + SIZEOF (.vectors))
                0x00200000                __vectors_load_start__ = LOADADDR (.vectors)
                0x00200040                __vectors_load_end__ = (LOADADDR (.vectors) + SIZEOF (.vectors))

.entry          0x00200040       0x40
 *nxt_entry_point.o(*.text *.text.*)
 .text          0x00200040       0x38 build/nxt_entry_point.o
                0x00200040                NXT_Entry_Point
                0x00200080                . = ALIGN (0x10)
 *fill*         0x00200078        0x8 00

.init           0x00200080      0x280
 *ecrobot_init.o(*.text *.text.*)
 .text          0x00200080      0x280 build/ecrobot_init.o
                0x002001ec                undef_handler
                0x002001f4                prefetch_abort_handler
                0x002001f8                data_abort_handler
                0x002001f0                swi_handler
                0x00200080                start
                0x00200214                reserved_handler
                0x00200300                . = ALIGN (0x10)

.ram_text       0x00200300     0x30c0
                0x00200300                . = ALIGN (0x10)
 *.oram(*.text *.text.* *.glue*)
 .text.systick_isr_C1
                0x00200300       0x28 build/syslib/at91sam7s-gnu/lego_nxt/hw_sys_timer.oram
                0x00200300                systick_isr_C1
 *fill*         0x00200328        0x8 00
 .text          0x00200330      0x230 build/config/at91sam7s-gnu/cpu_support.oram
                0x00200510                enable_int
                0x002003b0                start_dispatch
                0x00200370                activate_r
                0x00200508                disable_int
                0x00200330                dispatch
                0x002004dc                int_return
                0x0020046c                _interrupt
                0x002003a0                exit_and_dispatch
                0x00200518                nop
 .text          0x00200560      0x2c0 build/config/at91sam7s-gnu/irq.oram
                0x00200560                default_isr
                0x002006ec                uart_isr_entry_0
                0x0020066c                twi_isr_entry
                0x0020072c                uart_isr_entry_1
                0x0020062c                spi_isr_entry
                0x002005ac                systick_low_priority_entry
                0x0020076c                nxt_motor_isr_entry
                0x002007ac                i2c_timer_isr_entry
                0x00200560                default_fiq
                0x00200564                systick_isr_entry
                0x00200560                spurious_isr
                0x002006ac                sound_isr_entry
                0x002005ec                udp_isr_entry
 .text.uart_process_isr
                0x00200820       0x88 ../../../ecrobot/../ecrobot/libecrobot.a(uart.oram)
 .text.uart_isr_C_0
                0x002008a8        0xc ../../../ecrobot/../ecrobot/libecrobot.a(uart.oram)
                0x002008a8                uart_isr_C_0
 .text.uart_isr_C_1
                0x002008b4        0xc ../../../ecrobot/../ecrobot/libecrobot.a(uart.oram)
                0x002008b4                uart_isr_C_1
 .text.systick_low_priority_C
                0x002008c0       0x1c ../../../ecrobot/../ecrobot/libecrobot.a(systick.oram)
                0x002008c0                systick_low_priority_C
 .text.systick_isr_C
                0x002008dc       0x24 ../../../ecrobot/../ecrobot/libecrobot.a(systick.oram)
                0x002008dc                systick_isr_C
 .text.systick_get_ms
                0x00200900        0xc ../../../ecrobot/../ecrobot/libecrobot.a(systick.oram)
                0x00200900                systick_get_ms
 .text.systick_wait_ms
                0x0020090c       0x1c ../../../ecrobot/../ecrobot/libecrobot.a(systick.oram)
                0x0020090c                systick_wait_ms
 .text.systick_wait_ns
                0x00200928       0x1c ../../../ecrobot/../ecrobot/libecrobot.a(systick.oram)
                0x00200928                systick_wait_ns
 .text.systick_init
                0x00200944       0x58 ../../../ecrobot/../ecrobot/libecrobot.a(systick.oram)
                0x00200944                systick_init
 .text.systick_suspend
                0x0020099c        0xc ../../../ecrobot/../ecrobot/libecrobot.a(systick.oram)
                0x0020099c                systick_suspend
 .text.systick_resume
                0x002009a8        0xc ../../../ecrobot/../ecrobot/libecrobot.a(systick.oram)
                0x002009a8                systick_resume
 .text.byte_fifo_put
                0x002009b4       0x58 ../../../ecrobot/../ecrobot/libecrobot.a(byte_fifo.oram)
                0x002009b4                byte_fifo_put
 .text.byte_fifo_get
                0x00200a0c       0x2c ../../../ecrobot/../ecrobot/libecrobot.a(byte_fifo.oram)
                0x00200a0c                byte_fifo_get
 .text.aic_initialise
                0x00200a38       0x5c ../../../ecrobot/../ecrobot/libecrobot.a(aic.oram)
                0x00200a38                aic_initialise
 .text.aic_set_vector
                0x00200a94       0x30 ../../../ecrobot/../ecrobot/libecrobot.a(aic.oram)
                0x00200a94                aic_set_vector
 .text.aic_mask_on
                0x00200ac4       0x24 ../../../ecrobot/../ecrobot/libecrobot.a(aic.oram)
                0x00200ac4                aic_mask_on
 .text.aic_mask_off
                0x00200ae8       0x24 ../../../ecrobot/../ecrobot/libecrobot.a(aic.oram)
                0x00200ae8                aic_mask_off
 .text.aic_clear
                0x00200b0c       0x24 ../../../ecrobot/../ecrobot/libecrobot.a(aic.oram)
                0x00200b0c                aic_clear
 .text.reset    0x00200b30       0x4c ../../../ecrobot/../ecrobot/libecrobot.a(udp.oram)
 .text.udp_send_null
                0x00200b7c       0x2c ../../../ecrobot/../ecrobot/libecrobot.a(udp.oram)
 .text.udp_send_stall
                0x00200ba8       0x2c ../../../ecrobot/../ecrobot/libecrobot.a(udp.oram)
 .text.udp_send_control
                0x00200bd4       0x60 ../../../ecrobot/../ecrobot/libecrobot.a(udp.oram)
 .text.udp_isr_C
                0x00200c34      0x7d0 ../../../ecrobot/../ecrobot/libecrobot.a(udp.oram)
                0x00200c34                udp_isr_C
 .text.twi_status
                0x00201404       0x20 ../../../ecrobot/../ecrobot/libecrobot.a(twi.oram)
                0x00201404                twi_status
 .text.twi_isr_C
                0x00201424       0xc4 ../../../ecrobot/../ecrobot/libecrobot.a(twi.oram)
                0x00201424                twi_isr_C
 .text.twi_reset
                0x002014e8       0xb4 ../../../ecrobot/../ecrobot/libecrobot.a(twi.oram)
                0x002014e8                twi_reset
 .text.twi_init
                0x0020159c       0x4c ../../../ecrobot/../ecrobot/libecrobot.a(twi.oram)
                0x0020159c                twi_init
 .text.twi_start_read
                0x002015e8       0x60 ../../../ecrobot/../ecrobot/libecrobot.a(twi.oram)
                0x002015e8                twi_start_read
 .text.twi_start_write
                0x00201648       0x64 ../../../ecrobot/../ecrobot/libecrobot.a(twi.oram)
                0x00201648                twi_start_write
 .text.spi_set_mode
                0x002016ac       0x40 ../../../ecrobot/../ecrobot/libecrobot.a(nxt_spi.oram)
 .text.spi_isr_C
                0x002016ec       0x8c ../../../ecrobot/../ecrobot/libecrobot.a(nxt_spi.oram)
                0x002016ec                spi_isr_C
 .text.nxt_spi_init
                0x00201778      0x12c ../../../ecrobot/../ecrobot/libecrobot.a(nxt_spi.oram)
                0x00201778                nxt_spi_init
 .text.nxt_spi_write
                0x002018a4       0x44 ../../../ecrobot/../ecrobot/libecrobot.a(nxt_spi.oram)
                0x002018a4                nxt_spi_write
 .text.nxt_spi_set_display
                0x002018e8       0x10 ../../../ecrobot/../ecrobot/libecrobot.a(nxt_spi.oram)
                0x002018e8                nxt_spi_set_display
 .text.nxt_spi_refresh
                0x002018f8       0x24 ../../../ecrobot/../ecrobot/libecrobot.a(nxt_spi.oram)
                0x002018f8                nxt_spi_refresh
 .text.nxt_motor_set_count
                0x0020191c       0x10 ../../../ecrobot/../ecrobot/libecrobot.a(nxt_motors.oram)
                0x0020191c                nxt_motor_set_count
 .text.nxt_motor_1kHz_process
                0x0020192c       0x28 ../../../ecrobot/../ecrobot/libecrobot.a(nxt_motors.oram)
                0x0020192c                nxt_motor_1kHz_process
 .text.nxt_motor_quad_decode
                0x00201954       0x30 ../../../ecrobot/../ecrobot/libecrobot.a(nxt_motors.oram)
                0x00201954                nxt_motor_quad_decode
 .text.nxt_motor_isr_C
                0x00201984       0x88 ../../../ecrobot/../ecrobot/libecrobot.a(nxt_motors.oram)
                0x00201984                nxt_motor_isr_C
 .text.nxt_motor_init
                0x00201a0c       0x68 ../../../ecrobot/../ecrobot/libecrobot.a(nxt_motors.oram)
                0x00201a0c                nxt_motor_init
 .text.data_abort_C
                0x00201a74       0x7c ../../../ecrobot/../ecrobot/libecrobot.a(data_abort.oram)
                0x00201a74                data_abort_C
 .text.display_update
                0x00201af0       0x14 ../../../ecrobot/../ecrobot/libecrobot.a(display.oram)
                0x00201af0                display_update
 .text.display_force_update
                0x00201b04        0xc ../../../ecrobot/../ecrobot/libecrobot.a(display.oram)
                0x00201b04                display_force_update
 .text.display_clear
                0x00201b10       0x24 ../../../ecrobot/../ecrobot/libecrobot.a(display.oram)
                0x00201b10                display_clear
 .text.display_goto_xy
                0x00201b34       0x14 ../../../ecrobot/../ecrobot/libecrobot.a(display.oram)
                0x00201b34                display_goto_xy
 .text.display_char
                0x00201b48       0x60 ../../../ecrobot/../ecrobot/libecrobot.a(display.oram)
                0x00201b48                display_char
 .text.display_string
                0x00201ba8       0x3c ../../../ecrobot/../ecrobot/libecrobot.a(display.oram)
                0x00201ba8                display_string
 .text.display_hex
                0x00201be4       0x50 ../../../ecrobot/../ecrobot/libecrobot.a(display.oram)
                0x00201be4                display_hex
 .text.display_unsigned_worker
                0x00201c34       0x70 ../../../ecrobot/../ecrobot/libecrobot.a(display.oram)
 .text.display_unsigned
                0x00201ca4        0xc ../../../ecrobot/../ecrobot/libecrobot.a(display.oram)
                0x00201ca4                display_unsigned
 .text.display_int
                0x00201cb0       0x14 ../../../ecrobot/../ecrobot/libecrobot.a(display.oram)
                0x00201cb0                display_int
 .text.display_bitmap_copy
                0x00201cc4       0x5c ../../../ecrobot/../ecrobot/libecrobot.a(display.oram)
                0x00201cc4                display_bitmap_copy
 .text.display_init
                0x00201d20       0x50 ../../../ecrobot/../ecrobot/libecrobot.a(display.oram)
                0x00201d20                display_init
 .text.i2c_timer_isr_C
                0x00201d70      0x314 ../../../ecrobot/../ecrobot/libecrobot.a(i2c.oram)
                0x00201d70                i2c_timer_isr_C
 .text.i2c_disable
                0x00202084       0x20 ../../../ecrobot/../ecrobot/libecrobot.a(i2c.oram)
                0x00202084                i2c_disable
 .text.i2c_enable
                0x002020a4       0x40 ../../../ecrobot/../ecrobot/libecrobot.a(i2c.oram)
                0x002020a4                i2c_enable
 .text.i2c_init
                0x002020e4       0xa4 ../../../ecrobot/../ecrobot/libecrobot.a(i2c.oram)
                0x002020e4                i2c_init
 .text.i2c_busy
                0x00202188       0x24 ../../../ecrobot/../ecrobot/libecrobot.a(i2c.oram)
                0x00202188                i2c_busy
 .text.i2c_start_transaction
                0x002021ac      0x108 ../../../ecrobot/../ecrobot/libecrobot.a(i2c.oram)
                0x002021ac                i2c_start_transaction
 .text.sound_fill_sample_buffer
                0x002022b4       0xe4 ../../../ecrobot/../ecrobot/libecrobot.a(sound.oram)
                0x002022b4                sound_fill_sample_buffer
 .text.sound_init
                0x00202398       0xa0 ../../../ecrobot/../ecrobot/libecrobot.a(sound.oram)
                0x00202398                sound_init
 .text.sound_isr_C
                0x00202438      0x180 ../../../ecrobot/../ecrobot/libecrobot.a(sound.oram)
                0x00202438                sound_isr_C
 .text.bt_init  0x002025b8      0x1c0 ../../../ecrobot/../ecrobot/libecrobot.a(bt.oram)
                0x002025b8                bt_init
 .text.nxt_avr_power_down
                0x00202778       0x10 ../../../ecrobot/../ecrobot/libecrobot.a(nxt_avr.oram)
                0x00202778                nxt_avr_power_down
 .text.nxt_avr_link_init
                0x00202788       0x20 ../../../ecrobot/../ecrobot/libecrobot.a(nxt_avr.oram)
                0x00202788                nxt_avr_link_init
 .text.nxt_avr_init
                0x002027a8       0x6c ../../../ecrobot/../ecrobot/libecrobot.a(nxt_avr.oram)
                0x002027a8                nxt_avr_init
 .text.nxt_avr_1kHz_update
                0x00202814      0x1cc ../../../ecrobot/../ecrobot/libecrobot.a(nxt_avr.oram)
                0x00202814                nxt_avr_1kHz_update
 .text.buttons_get
                0x002029e0        0xc ../../../ecrobot/../ecrobot/libecrobot.a(nxt_avr.oram)
                0x002029e0                buttons_get
 .text.battery_voltage
                0x002029ec       0x28 ../../../ecrobot/../ecrobot/libecrobot.a(nxt_avr.oram)
                0x002029ec                battery_voltage
 .text.sensor_adc
                0x00202a14       0x20 ../../../ecrobot/../ecrobot/libecrobot.a(nxt_avr.oram)
                0x00202a14                sensor_adc
 .text.nxt_avr_set_input_power
                0x00202a34       0x3c ../../../ecrobot/../ecrobot/libecrobot.a(nxt_avr.oram)
                0x00202a34                nxt_avr_set_input_power
 .text.unset_digi0
                0x00202a70       0x44 ../../../ecrobot/../ecrobot/libecrobot.a(sensors.oram)
                0x00202a70                unset_digi0
 .text.unset_digi1
                0x00202ab4       0x44 ../../../ecrobot/../ecrobot/libecrobot.a(sensors.oram)
                0x00202ab4                unset_digi1
 .text.init_sensors
                0x00202af8       0x4c ../../../ecrobot/../ecrobot/libecrobot.a(sensors.oram)
                0x00202af8                init_sensors
 .text.nxt_lcd_command
                0x00202b44       0x18 ../../../ecrobot/../ecrobot/libecrobot.a(nxt_lcd.oram)
                0x00202b44                nxt_lcd_command
 .text.nxt_lcd_set_col
                0x00202b5c       0x24 ../../../ecrobot/../ecrobot/libecrobot.a(nxt_lcd.oram)
                0x00202b5c                nxt_lcd_set_col
 .text.nxt_lcd_set_multiplex_rate
                0x00202b80       0x18 ../../../ecrobot/../ecrobot/libecrobot.a(nxt_lcd.oram)
                0x00202b80                nxt_lcd_set_multiplex_rate
 .text.nxt_lcd_set_page_address
                0x00202b98       0x18 ../../../ecrobot/../ecrobot/libecrobot.a(nxt_lcd.oram)
                0x00202b98                nxt_lcd_set_page_address
 .text.nxt_lcd_set_pot
                0x00202bb0       0x1c ../../../ecrobot/../ecrobot/libecrobot.a(nxt_lcd.oram)
                0x00202bb0                nxt_lcd_set_pot
 .text.nxt_lcd_set_ram_address_control
                0x00202bcc       0x18 ../../../ecrobot/../ecrobot/libecrobot.a(nxt_lcd.oram)
                0x00202bcc                nxt_lcd_set_ram_address_control
 .text.nxt_lcd_enable
                0x00202be4       0x14 ../../../ecrobot/../ecrobot/libecrobot.a(nxt_lcd.oram)
                0x00202be4                nxt_lcd_enable
 .text.nxt_lcd_set_map_control
                0x00202bf8       0x18 ../../../ecrobot/../ecrobot/libecrobot.a(nxt_lcd.oram)
                0x00202bf8                nxt_lcd_set_map_control
 .text.nxt_lcd_reset
                0x00202c10        0xc ../../../ecrobot/../ecrobot/libecrobot.a(nxt_lcd.oram)
                0x00202c10                nxt_lcd_reset
 .text.nxt_lcd_set_bias_ratio
                0x00202c1c       0x18 ../../../ecrobot/../ecrobot/libecrobot.a(nxt_lcd.oram)
                0x00202c1c                nxt_lcd_set_bias_ratio
 .text.nxt_lcd_force_update
                0x00202c34       0x30 ../../../ecrobot/../ecrobot/libecrobot.a(nxt_lcd.oram)
                0x00202c34                nxt_lcd_force_update
 .text.nxt_lcd_update
                0x00202c64        0xc ../../../ecrobot/../ecrobot/libecrobot.a(nxt_lcd.oram)
                0x00202c64                nxt_lcd_update
 .text.nxt_lcd_power_up
                0x00202c70       0x48 ../../../ecrobot/../ecrobot/libecrobot.a(nxt_lcd.oram)
                0x00202c70                nxt_lcd_power_up
 .text.nxt_lcd_power_down
                0x00202cb8        0xc ../../../ecrobot/../ecrobot/libecrobot.a(nxt_lcd.oram)
                0x00202cb8                nxt_lcd_power_down
 .text.nxt_lcd_init
                0x00202cc4       0x18 ../../../ecrobot/../ecrobot/libecrobot.a(nxt_lcd.oram)
                0x00202cc4                nxt_lcd_init
 .text.verify_flash_page
                0x00202cdc       0x34 ../../../ecrobot/../ecrobot/libecrobot.a(flash_loader.oram)
 .text.set_flash_request
                0x00202d10       0x38 ../../../ecrobot/../ecrobot/libecrobot.a(flash_loader.oram)
                0x00202d10                set_flash_request
 .text.nxt_device_init
                0x00202d48       0x38 ../../../ecrobot/../ecrobot/libecrobot.a(flash_loader.oram)
                0x00202d48                nxt_device_init
 .text          0x00202d80       0x68 ../../../ecrobot/../ecrobot/libecrobot.a(interrupts.oram)
                0x00202dd8                fiq_enable
                0x00202d80                interrupts_get_and_disable
                0x00202db4                fiq_get_and_disable
                0x00202da4                interrupts_enable
 .text.flash_write_page
                0x00202de8       0xc0 ../../../ecrobot/../ecrobot/libecrobot.a(flashprog.oram)
                0x00202de8                flash_write_page
                0x00202eb0                . = ALIGN (0x10)
 *fill*         0x00202ea8        0x8 00
 *.oram(*.rodata *.rodata.*)
 .rodata.ld     0x00202eb0        0x4 ../../../ecrobot/../ecrobot/libecrobot.a(udp.oram)
 .rodata.cfd    0x00202eb4       0x20 ../../../ecrobot/../ecrobot/libecrobot.a(udp.oram)
 .rodata.dd     0x00202ed4       0x12 ../../../ecrobot/../ecrobot/libecrobot.a(udp.oram)
 *fill*         0x00202ee6        0x2 00
 .rodata.str1.4
                0x00202ee8       0x22 ../../../ecrobot/../ecrobot/libecrobot.a(data_abort.oram)
                                 0x24 (size before relaxing)
 .rodata.font   0x00202f0a      0x280 ../../../ecrobot/../ecrobot/libecrobot.a(display.oram)
 *fill*         0x0020318a        0x2 00
 .rodata.str1.4
                0x0020318c       0x76 ../../../ecrobot/../ecrobot/libecrobot.a(display.oram)
                                 0x78 (size before relaxing)
 *fill*         0x00203202        0x2 00
 .rodata.i2c_pin
                0x00203204       0x20 ../../../ecrobot/../ecrobot/libecrobot.a(i2c.oram)
 .rodata.i2c_timer_isr_C
                0x00203224       0x38 ../../../ecrobot/../ecrobot/libecrobot.a(i2c.oram)
 .rodata.silence
                0x0020325c       0x40 ../../../ecrobot/../ecrobot/libecrobot.a(sound.oram)
                0x0020325c                silence
 .rodata.sample_pattern
                0x0020329c       0x84 ../../../ecrobot/../ecrobot/libecrobot.a(sound.oram)
                0x0020329c                sample_pattern
 .rodata        0x00203320        0xc ../../../ecrobot/../ecrobot/libecrobot.a(sound.oram)
 .rodata.avr_brainwash_string
                0x0020332c       0x30 ../../../ecrobot/../ecrobot/libecrobot.a(nxt_avr.oram)
                0x0020332c                avr_brainwash_string
 .rodata.nxt_avr_1kHz_update
                0x0020335c       0x14 ../../../ecrobot/../ecrobot/libecrobot.a(nxt_avr.oram)
 .rodata.C.33.1823
                0x00203370       0x10 ../../../ecrobot/../ecrobot/libecrobot.a(sensors.oram)
 .rodata.C.37.1857
                0x00203380       0x10 ../../../ecrobot/../ecrobot/libecrobot.a(sensors.oram)
 .rodata.str1.4
                0x00203390       0x23 ../../../ecrobot/../ecrobot/libecrobot.a(flash_loader.oram)
                                 0x24 (size before relaxing)
                0x002033c0                . = ALIGN (0x10)
 *fill*         0x002033b3        0xd 00
                0x00200300                __ramtext_ram_start__ = ADDR (.ram_text)
                0x002033c0                __ramtext_ram_end__ = (ADDR (.ram_text) + SIZEOF (.ram_text))
                0x00200300                __ramtext_load_start__ = LOADADDR (.ram_text)
                0x002033c0                __ramtext_load_end__ = (__ramtext_load_start__ + SIZEOF (.ram_text))

.wav_data       0x002033c0        0x0
 *.owav(*.data *.data.*)
                0x002033c0                . = ALIGN (0x10)

.bmp_data       0x002033c0      0x440
 *.obmp(*.data *.data.*)
 .data          0x002033c0      0x43e ../../../ecrobot/../ecrobot/libecrobot.a(nxtosek_splash.obmp)
                0x002033c0                nxtosek_splash_bmp_start
                0x002037fe                nxtosek_splash_bmp_end
                0x00203800                . = ALIGN (0x10)
 *fill*         0x002037fe        0x2 00

.spr_data       0x00203800        0x0
 *.ospr(*.data *.data.*)
                0x00203800                . = ALIGN (0x10)

.data           0x00203800      0x480
 *(*.data *.data.*)
 .data.standardDeviation
                0x00203800        0x4 build/ultrasoundtest.o
                0x00203800                standardDeviation
 .data.mean     0x00203804        0x4 build/ultrasoundtest.o
                0x00203804                mean
 .data.distance_state
                0x00203808       0x10 ../../../ecrobot/../ecrobot/libecrobot.a(ecrobot_interface.o)
 .data.deviceStatus
                0x00203818        0x1 ../../../ecrobot/../ecrobot/libecrobot.a(ecrobot_interface.o)
 .bss.data.2763
                0x00203819        0x4 ../../../ecrobot/../ecrobot/libecrobot.a(ecrobot_interface.o)
 .data.named    0x0020381d       0x22 ../../../ecrobot/../ecrobot/libecrobot.a(udp.oram)
 .data.snd      0x0020383f       0x1a ../../../ecrobot/../ecrobot/libecrobot.a(udp.oram)
 *fill*         0x00203859        0x3 00
 .data.configured
                0x0020385c        0x4 ../../../ecrobot/../ecrobot/libecrobot.a(udp.oram)
 .data.mode     0x00203860        0x1 ../../../ecrobot/../ecrobot/libecrobot.a(nxt_spi.oram)
                0x00203860                mode
 *fill*         0x00203861        0x3 00
 .bss.data      0x00203864        0x4 ../../../ecrobot/../ecrobot/libecrobot.a(nxt_spi.oram)
                0x00203864                data
 .data.display_auto_update
                0x00203868        0x4 ../../../ecrobot/../ecrobot/libecrobot.a(display.oram)
                0x00203868                display_auto_update
 .data.display_buffer
                0x0020386c        0x4 ../../../ecrobot/../ecrobot/libecrobot.a(display.oram)
 .data          0x00203870      0x404 /cygdrive/C/cygwin/GNUARM/bin/../lib/gcc/arm-elf/4.0.2/../../../../arm-elf/lib/thumb/interwork/libc.a(impure.o)
                0x00203c70                _impure_ptr
                0x00203c80                . = ALIGN (0x10)
 *fill*         0x00203c74        0xc 00
                0x00203800                __data_ram_start__ = ADDR (.data)
                0x00203c80                __data_ram_end__ = (ADDR (.data) + SIZEOF (.data))
                0x00203800                __data_load_start__ = LOADADDR (.data)
                0x00203c80                __data_load_end__ = (__data_load_start__ + SIZEOF (.data))

.text           0x00203c80     0x35b0
                0x00203c80                . = ALIGN (0x10)
 *(*.text *.text.* *.glue*)
 .text.enqueue_alarm
                0x00203c80       0x90 build/kernel/alarm.o
 .text.alarm_initialize
                0x00203d10       0x98 build/kernel/alarm.o
                0x00203d10                alarm_initialize
 .text.SignalCounter
                0x00203da8      0x134 build/kernel/alarm.o
                0x00203da8                SignalCounter
 .text.StartOS  0x00203edc       0x58 build/kernel/osctl.o
                0x00203edc                StartOS
 .text.ShutdownOS
                0x00203f34       0x4c build/kernel/osctl.o
                0x00203f34                ShutdownOS
 .text.call_pretaskhook
                0x00203f80       0x24 build/kernel/osctl.o
                0x00203f80                call_pretaskhook
 .text.call_errorhook
                0x00203fa4       0x78 build/kernel/osctl.o
                0x00203fa4                call_errorhook
 .text.call_posttaskhook
                0x0020401c       0x24 build/kernel/osctl.o
                0x0020401c                call_posttaskhook
 .text.search_schedtsk
                0x00204040       0x94 build/kernel/task.o
                0x00204040                search_schedtsk
 .text.make_runnable
                0x002040d4       0xac build/kernel/task.o
                0x002040d4                make_runnable
 .text.make_active
                0x00204180       0x78 build/kernel/task.o
                0x00204180                make_active
 .text.task_initialize
                0x002041f8       0x90 build/kernel/task.o
                0x002041f8                task_initialize
 .text.ActivateTask
                0x00204288       0x8c build/kernel/task_manage.o
                0x00204288                ActivateTask
 .text.TerminateTask
                0x00204314       0x74 build/kernel/task_manage.o
                0x00204314                TerminateTask
 .text.cpu_initialize
                0x00204388        0x4 build/config/at91sam7s-gnu/cpu_config.o
                0x00204388                cpu_initialize
 .text.cpu_terminate
                0x0020438c        0x4 build/config/at91sam7s-gnu/cpu_config.o
                0x0020438c                cpu_terminate
 .text.sys_initialize
                0x00204390        0x4 build/config/at91sam7s-gnu/lego_nxt/sys_config.o
                0x00204390                sys_initialize
 .text.sys_exit
                0x00204394        0x4 build/config/at91sam7s-gnu/lego_nxt/sys_config.o
                0x00204394                sys_exit
 .text._activate_alarm_cyclic_alarm_TestTask
                0x00204398        0xc build/./kernel_cfg.o
 .text.object_initialize
                0x002043a4       0x10 build/./kernel_cfg.o
                0x002043a4                object_initialize
 .text.init_OS_flag
                0x002043b4        0xc build/ecrobot_base.o
                0x002043b4                init_OS_flag
 .text.set_OS_flag
                0x002043c0        0xc build/ecrobot_base.o
                0x002043c0                set_OS_flag
 .text.get_OS_flag
                0x002043cc        0xc build/ecrobot_base.o
                0x002043cc                get_OS_flag
 .text.cpp_constructor
                0x002043d8       0x28 build/ecrobot_base.o
                0x002043d8                cpp_constructor
 .text.cpp_destructor
                0x00204400       0x28 build/ecrobot_base.o
                0x00204400                cpp_destructor
 .text.execution_mode
                0x00204428       0x24 build/ecrobot_base.o
                0x00204428                execution_mode
 .text.show_main_screen
                0x0020444c       0x48 build/ecrobot_base.o
                0x0020444c                show_main_screen
 .text.display_status_bar
                0x00204494       0x5c build/ecrobot_base.o
                0x00204494                display_status_bar
 .text.restart_NXT
                0x002044f0       0x2c build/ecrobot_base.o
                0x002044f0                restart_NXT
 .text.shutdown_NXT
                0x0020451c       0x2c build/ecrobot_base.o
                0x0020451c                shutdown_NXT
 .text.check_NXT_buttons
                0x00204548       0x38 build/ecrobot_base.o
                0x00204548                check_NXT_buttons
 .text.add_status_info
                0x00204580       0x68 build/ecrobot_base.o
                0x00204580                add_status_info
 .text.show_splash_screen
                0x002045e8       0x90 build/ecrobot_base.o
                0x002045e8                show_splash_screen
 .text.main     0x00204678      0x10c build/ecrobot.o
                0x00204678                main
 .text.user_1ms_isr_type2
                0x00204784       0x1c build/ultrasoundtest.o
                0x00204784                user_1ms_isr_type2
 .text.ecrobot_device_initialize
                0x002047a0        0xc build/ultrasoundtest.o
                0x002047a0                ecrobot_device_initialize
 .text.ecrobot_device_terminate
                0x002047ac        0xc build/ultrasoundtest.o
                0x002047ac                ecrobot_device_terminate
 .text.calculateMean
                0x002047b8       0x34 build/ultrasoundtest.o
                0x002047b8                calculateMean
 .text.calculateSDev
                0x002047ec       0x5c build/ultrasoundtest.o
                0x002047ec                calculateSDev
 .text.TaskMainInitializeTask
                0x00204848        0xc build/ultrasoundtest.o
                0x00204848                TaskMainInitializeTask
 .text.TaskMainTestTask
                0x00204854      0x110 build/ultrasoundtest.o
                0x00204854                TaskMainTestTask
 .text.ecrobot_get_touch_sensor
                0x00204964       0x20 ../../../ecrobot/../ecrobot/libecrobot.a(ecrobot_interface.o)
                0x00204964                ecrobot_get_touch_sensor
 .text.ecrobot_init_i2c
                0x00204984       0x2c ../../../ecrobot/../ecrobot/libecrobot.a(ecrobot_interface.o)
                0x00204984                ecrobot_init_i2c
 .text.ecrobot_init_sonar_sensor
                0x002049b0       0x10 ../../../ecrobot/../ecrobot/libecrobot.a(ecrobot_interface.o)
                0x002049b0                ecrobot_init_sonar_sensor
 .text.ecrobot_get_sonar_sensor
                0x002049c0       0x48 ../../../ecrobot/../ecrobot/libecrobot.a(ecrobot_interface.o)
                0x002049c0                ecrobot_get_sonar_sensor
 .text.ecrobot_term_sonar_sensor
                0x00204a08       0x20 ../../../ecrobot/../ecrobot/libecrobot.a(ecrobot_interface.o)
                0x00204a08                ecrobot_term_sonar_sensor
 .text.ecrobot_get_battery_voltage
                0x00204a28        0xc ../../../ecrobot/../ecrobot/libecrobot.a(ecrobot_interface.o)
                0x00204a28                ecrobot_get_battery_voltage
 .text.ecrobot_get_button_state
                0x00204a34        0xc ../../../ecrobot/../ecrobot/libecrobot.a(ecrobot_interface.o)
                0x00204a34                ecrobot_get_button_state
 .text.ecrobot_init_nxtstate
                0x00204a40       0x28 ../../../ecrobot/../ecrobot/libecrobot.a(ecrobot_interface.o)
                0x00204a40                ecrobot_init_nxtstate
 .text.ecrobot_poll_nxtstate
                0x00204a68       0x64 ../../../ecrobot/../ecrobot/libecrobot.a(ecrobot_interface.o)
                0x00204a68                ecrobot_poll_nxtstate
 .text.ecrobot_setDeviceInitialized
                0x00204acc       0x18 ../../../ecrobot/../ecrobot/libecrobot.a(ecrobot_interface.o)
                0x00204acc                ecrobot_setDeviceInitialized
 .text.ecrobot_initDeviceStatus
                0x00204ae4        0xc ../../../ecrobot/../ecrobot/libecrobot.a(ecrobot_interface.o)
                0x00204ae4                ecrobot_initDeviceStatus
 .text.ecrobot_bmp2lcd
                0x00204af0      0x1c8 ../../../ecrobot/../ecrobot/libecrobot.a(ecrobot_interface.o)
                0x00204af0                ecrobot_bmp2lcd
 .text.StartupHook
                0x00204cb8        0x4 ../../../ecrobot/../ecrobot/libecrobot.a(osek_hook.o)
                0x00204cb8                StartupHook
 .text.PreTaskHook
                0x00204cbc        0x4 ../../../ecrobot/../ecrobot/libecrobot.a(osek_hook.o)
                0x00204cbc                PreTaskHook
 .text.PostTaskHook
                0x00204cc0        0x4 ../../../ecrobot/../ecrobot/libecrobot.a(osek_hook.o)
                0x00204cc0                PostTaskHook
 .text.ErrorHook
                0x00204cc4        0x4 ../../../ecrobot/../ecrobot/libecrobot.a(osek_hook.o)
                0x00204cc4                ErrorHook
 .text.ShutdownHook
                0x00204cc8        0x4 ../../../ecrobot/../ecrobot/libecrobot.a(osek_hook.o)
                0x00204cc8                ShutdownHook
 .text          0x00204ccc      0x320 /cygdrive/C/cygwin/GNUARM/bin/../lib/gcc/arm-elf/4.0.2/../../../../arm-elf/lib/thumb/interwork/libm.a(wf_pow.o)
                0x00204ccc                powf
 .text          0x00204fec       0xb4 /cygdrive/C/cygwin/GNUARM/bin/../lib/gcc/arm-elf/4.0.2/../../../../arm-elf/lib/thumb/interwork/libm.a(wf_sqrt.o)
                0x00204fec                sqrtf
 .text          0x002050a0      0x790 /cygdrive/C/cygwin/GNUARM/bin/../lib/gcc/arm-elf/4.0.2/../../../../arm-elf/lib/thumb/interwork/libm.a(ef_pow.o)
                0x002050a0                __ieee754_powf
 .text          0x00205830       0xd8 /cygdrive/C/cygwin/GNUARM/bin/../lib/gcc/arm-elf/4.0.2/../../../../arm-elf/lib/thumb/interwork/libm.a(ef_sqrt.o)
                0x00205830                __ieee754_sqrtf
 .text          0x00205908        0x4 /cygdrive/C/cygwin/GNUARM/bin/../lib/gcc/arm-elf/4.0.2/../../../../arm-elf/lib/thumb/interwork/libm.a(s_matherr.o)
                0x00205908                matherr
 .text          0x0020590c      0x16c /cygdrive/C/cygwin/GNUARM/bin/../lib/gcc/arm-elf/4.0.2/../../../../arm-elf/lib/thumb/interwork/libm.a(s_rint.o)
                0x0020590c                rint
 .text          0x00205a78        0xc /cygdrive/C/cygwin/GNUARM/bin/../lib/gcc/arm-elf/4.0.2/../../../../arm-elf/lib/thumb/interwork/libm.a(sf_fabs.o)
                0x00205a78                fabsf
 .text          0x00205a84       0x1c /cygdrive/C/cygwin/GNUARM/bin/../lib/gcc/arm-elf/4.0.2/../../../../arm-elf/lib/thumb/interwork/libm.a(sf_finite.o)
                0x00205a84                finitef
 .text          0x00205aa0       0x18 /cygdrive/C/cygwin/GNUARM/bin/../lib/gcc/arm-elf/4.0.2/../../../../arm-elf/lib/thumb/interwork/libm.a(sf_isnan.o)
                0x00205aa0                isnanf
 .text          0x00205ab8       0xdc /cygdrive/C/cygwin/GNUARM/bin/../lib/gcc/arm-elf/4.0.2/../../../../arm-elf/lib/thumb/interwork/libm.a(sf_scalbn.o)
                0x00205ab8                scalbnf
 .text          0x00205b94       0x14 /cygdrive/C/cygwin/GNUARM/bin/../lib/gcc/arm-elf/4.0.2/../../../../arm-elf/lib/thumb/interwork/libm.a(sf_copysign.o)
                0x00205b94                copysignf
 .text          0x00205ba8       0x8c /cygdrive/C/cygwin/GNUARM/bin/../lib/gcc/arm-elf/4.0.2/thumb/interwork/libgcc.a(_udivsi3.o)
                0x00205ba8                __udivsi3
                0x00205c24                __aeabi_uidivmod
 .text          0x00205c34       0xc8 /cygdrive/C/cygwin/GNUARM/bin/../lib/gcc/arm-elf/4.0.2/thumb/interwork/libgcc.a(_umodsi3.o)
                0x00205c34                __umodsi3
 .text          0x00205cfc        0x4 /cygdrive/C/cygwin/GNUARM/bin/../lib/gcc/arm-elf/4.0.2/thumb/interwork/libgcc.a(_dvmd_tls.o)
                0x00205cfc                __aeabi_ldiv0
                0x00205cfc                __div0
                0x00205cfc                __aeabi_idiv0
 .text          0x00205d00      0x430 /cygdrive/C/cygwin/GNUARM/bin/../lib/gcc/arm-elf/4.0.2/thumb/interwork/libgcc.a(_addsubdf3.o)
                0x002060c4                __floatdidf
                0x00206044                __floatsidf
                0x0020601c                __aeabi_ui2d
                0x00205d00                __aeabi_drsub
                0x00206070                __extendsfdf2
                0x00205d0c                __adddf3
                0x0020601c                __floatunsidf
                0x00205d0c                __aeabi_dadd
                0x002060b0                __aeabi_ul2d
                0x00205d08                __aeabi_dsub
                0x002060b0                __floatundidf
                0x00206044                __aeabi_i2d
                0x002060c4                __aeabi_l2d
                0x00206070                __aeabi_f2d
                0x00205d08                __subdf3
 .text          0x00206130      0x49c /cygdrive/C/cygwin/GNUARM/bin/../lib/gcc/arm-elf/4.0.2/thumb/interwork/libgcc.a(_muldivdf3.o)
                0x002063c0                __aeabi_ddiv
                0x00206130                __aeabi_dmul
                0x002063c0                __divdf3
                0x00206130                __muldf3
 .text          0x002065cc      0x140 /cygdrive/C/cygwin/GNUARM/bin/../lib/gcc/arm-elf/4.0.2/thumb/interwork/libgcc.a(_cmpdf2.o)
                0x002066c4                __aeabi_dcmple
                0x002065dc                __cmpdf2
                0x002065dc                __eqdf2
                0x002065cc                __gtdf2
                0x0020667c                __aeabi_cdcmple
                0x00206660                __aeabi_cdrcmple
                0x002065d4                __ltdf2
                0x002066ac                __aeabi_dcmplt
                0x002065d4                __ledf2
                0x002066f4                __aeabi_dcmpgt
                0x002066dc                __aeabi_dcmpge
                0x002065dc                __nedf2
                0x00206694                __aeabi_dcmpeq
                0x0020667c                __aeabi_cdcmpeq
                0x002065cc                __gedf2
 .text          0x0020670c       0xa0 /cygdrive/C/cygwin/GNUARM/bin/../lib/gcc/arm-elf/4.0.2/thumb/interwork/libgcc.a(_truncdfsf2.o)
                0x0020670c                __aeabi_d2f
                0x0020670c                __truncdfsf2
 .text          0x002067ac      0x2ac /cygdrive/C/cygwin/GNUARM/bin/../lib/gcc/arm-elf/4.0.2/thumb/interwork/libgcc.a(_addsubsf3.o)
                0x002067b8                __aeabi_fadd
                0x002067b4                __subsf3
                0x0020697c                __aeabi_i2f
                0x002067b4                __aeabi_fsub
                0x002069ac                __floatdisf
                0x0020697c                __floatsisf
                0x0020699c                __floatundisf
                0x00206974                __aeabi_ui2f
                0x002069ac                __aeabi_l2f
                0x0020699c                __aeabi_ul2f
                0x002067ac                __aeabi_frsub
                0x00206974                __floatunsisf
                0x002067b8                __addsf3
 .text          0x00206a58      0x2f8 /cygdrive/C/cygwin/GNUARM/bin/../lib/gcc/arm-elf/4.0.2/thumb/interwork/libgcc.a(_muldivsf3.o)
                0x00206bf0                __divsf3
                0x00206bf0                __aeabi_fdiv
                0x00206a58                __mulsf3
                0x00206a58                __aeabi_fmul
 .text          0x00206d50      0x110 /cygdrive/C/cygwin/GNUARM/bin/../lib/gcc/arm-elf/4.0.2/thumb/interwork/libgcc.a(_cmpsf2.o)
                0x00206e48                __aeabi_fcmpgt
                0x00206d58                __lesf2
                0x00206d60                __nesf2
                0x00206e30                __aeabi_fcmpge
                0x00206d50                __gtsf2
                0x00206e18                __aeabi_fcmple
                0x00206d60                __eqsf2
                0x00206d60                __cmpsf2
                0x00206d58                __ltsf2
                0x00206dd0                __aeabi_cfcmple
                0x00206d50                __gesf2
                0x00206de8                __aeabi_fcmpeq
                0x00206dc0                __aeabi_cfrcmple
                0x00206e00                __aeabi_fcmplt
                0x00206dd0                __aeabi_cfcmpeq
 .text          0x00206e60       0x5c /cygdrive/C/cygwin/GNUARM/bin/../lib/gcc/arm-elf/4.0.2/thumb/interwork/libgcc.a(_fixsfsi.o)
                0x00206e60                __fixsfsi
                0x00206e60                __aeabi_f2iz
 .text          0x00206ebc        0xc /cygdrive/C/cygwin/GNUARM/bin/../lib/gcc/arm-elf/4.0.2/../../../../arm-elf/lib/thumb/interwork/libc.a(errno.o)
                0x00206ebc                __errno
 .text          0x00206ec8       0x68 /cygdrive/C/cygwin/GNUARM/bin/../lib/gcc/arm-elf/4.0.2/../../../../arm-elf/lib/thumb/interwork/libc.a(memset.o)
                0x00206ec8                memset
 .text          0x00206f30       0x60 /cygdrive/C/cygwin/GNUARM/bin/../lib/gcc/arm-elf/4.0.2/../../../../arm-elf/lib/thumb/interwork/libc.a(strcpy.o)
                0x00206f30                strcpy
 .text          0x00206f90       0x48 /cygdrive/C/cygwin/GNUARM/bin/../lib/gcc/arm-elf/4.0.2/../../../../arm-elf/lib/thumb/interwork/libc.a(strlen.o)
                0x00206f90                strlen
 .glue_7        0x00206fd8       0x30 /cygdrive/C/cygwin/GNUARM/bin/../lib/gcc/arm-elf/4.0.2/../../../../arm-elf/lib/thumb/interwork/libc.a(strncpy.o)
                0x00206ff0                __call_posttaskhook_from_arm
                0x00206fd9                __ecrobot_debug1_from_arm
                0x00206fe5                __ecrobot_debug2_from_arm
                0x00206ffc                __call_pretaskhook_from_arm
 .glue_7t       0x00207008       0xe0 /cygdrive/C/cygwin/GNUARM/bin/../lib/gcc/arm-elf/4.0.2/../../../../arm-elf/lib/thumb/interwork/libc.a(strncpy.o)
                0x00207034                __start_change_to_arm
                0x00207088                __interrupts_get_and_disable_from_thumb
                0x002070d0                ____lesf2_from_thumb
                0x00207081                ____gtdf2_from_thumb
                0x00207028                __exit_and_dispatch_from_thumb
                0x00207040                ____divsf3_from_thumb
                0x002070e0                ____subdf3_from_thumb
                0x0020706c                ____fixsfsi_change_to_arm
                0x002070a4                ____eqsf2_change_to_arm
                0x00207054                ____addsf3_change_to_arm
                0x002070e4                ____subdf3_change_to_arm
                0x00207068                ____fixsfsi_from_thumb
                0x00207038                ____floatsisf_from_thumb
                0x002070a8                ____extendsfdf2_from_thumb
                0x0020702c                __exit_and_dispatch_change_to_arm
                0x00207008                __disable_int_from_thumb
                0x00207020                __start_dispatch_from_thumb
                0x00207058                ____ltsf2_from_thumb
                0x002070c4                ____divdf3_change_to_arm
                0x002070d4                ____lesf2_change_to_arm
                0x00207030                __start_from_thumb
                0x002070b0                ____truncdfsf2_from_thumb
                0x0020707c                ____muldf3_change_to_arm
                0x00207044                ____divsf3_change_to_arm
                0x002070c0                ____divdf3_from_thumb
                0x00207010                __enable_int_from_thumb
                0x00207018                __dispatch_from_thumb
                0x00207094                __interrupts_enable_change_to_arm
                0x002070c8                ____gtsf2_from_thumb
                0x0020708c                __interrupts_get_and_disable_change_to_arm
                0x0020701c                __dispatch_change_to_arm
                0x00207064                ____mulsf3_change_to_arm
                0x002070dc                ____adddf3_change_to_arm
                0x00207084                ____gtdf2_change_to_arm
                0x002070b4                ____truncdfsf2_change_to_arm
                0x002070ac                ____extendsfdf2_change_to_arm
                0x00207071                ____floatsidf_from_thumb
                0x0020703c                ____floatsisf_change_to_arm
                0x00207099                __display_bios_status_from_thumb
                0x002070bc                ____nedf2_change_to_arm
                0x00207048                ____subsf3_from_thumb
                0x002070d8                ____adddf3_from_thumb
                0x002070cc                ____gtsf2_change_to_arm
                0x0020700c                __disable_int_change_to_arm
                0x0020705c                ____ltsf2_change_to_arm
                0x00207060                ____mulsf3_from_thumb
                0x00207050                ____addsf3_from_thumb
                0x00207079                ____muldf3_from_thumb
                0x002070a0                ____eqsf2_from_thumb
                0x0020704c                ____subsf3_change_to_arm
                0x002070b8                ____nedf2_from_thumb
                0x00207014                __enable_int_change_to_arm
                0x00207074                ____floatsidf_change_to_arm
                0x00207090                __interrupts_enable_from_thumb
                0x0020709c                __display_bios_status_change_to_arm
                0x00207024                __start_dispatch_change_to_arm
                0x002070f0                . = ALIGN (0x10)
 *fill*         0x002070e8        0x8 00
 *(*.rodata *.rodata.*)
 .rodata.search_table.966
                0x002070f0        0xf build/kernel/task.o
 *fill*         0x002070ff        0x1 00
 .rodata.alminib_cycle
                0x00207100        0x4 build/./kernel_cfg.o
                0x00207100                alminib_cycle
 .rodata.alminib_almval
                0x00207104        0x4 build/./kernel_cfg.o
                0x00207104                alminib_almval
 .rodata.alminib_autosta
                0x00207108        0x1 build/./kernel_cfg.o
                0x00207108                alminib_autosta
 *fill*         0x00207109        0x3 00
 .rodata.alminib_cback
                0x0020710c        0x4 build/./kernel_cfg.o
                0x0020710c                alminib_cback
 .rodata.alminib_cntid
                0x00207110        0x1 build/./kernel_cfg.o
                0x00207110                alminib_cntid
 *fill*         0x00207111        0x3 00
 .rodata.cntinib_tickbase
                0x00207114        0x4 build/./kernel_cfg.o
                0x00207114                cntinib_tickbase
 .rodata.cntinib_maxval2
                0x00207118        0x4 build/./kernel_cfg.o
                0x00207118                cntinib_maxval2
 .rodata.cntinib_maxval
                0x0020711c        0x4 build/./kernel_cfg.o
                0x0020711c                cntinib_maxval
 .rodata.SysTimerCnt
                0x00207120        0x1 build/./kernel_cfg.o
                0x00207120                SysTimerCnt
 *fill*         0x00207121        0x1 00
 .rodata.tinib_stksz
                0x00207122        0x4 build/./kernel_cfg.o
                0x00207122                tinib_stksz
 *fill*         0x00207126        0x2 00
 .rodata.tinib_stk
                0x00207128        0x8 build/./kernel_cfg.o
                0x00207128                tinib_stk
 .rodata.tinib_task
                0x00207130        0x8 build/./kernel_cfg.o
                0x00207130                tinib_task
 .rodata.tinib_autoact
                0x00207138        0x2 build/./kernel_cfg.o
                0x00207138                tinib_autoact
 .rodata.tinib_maxact
                0x0020713a        0x2 build/./kernel_cfg.o
                0x0020713a                tinib_maxact
 .rodata.tinib_exepri
                0x0020713c        0x2 build/./kernel_cfg.o
                0x0020713c                tinib_exepri
 .rodata.tinib_inipri
                0x0020713e        0x2 build/./kernel_cfg.o
                0x0020713e                tinib_inipri
 .rodata.tnum_exttask
                0x00207140        0x1 build/./kernel_cfg.o
                0x00207140                tnum_exttask
 .rodata.tnum_task
                0x00207141        0x1 build/./kernel_cfg.o
                0x00207141                tnum_task
 .rodata.tnum_counter
                0x00207142        0x1 build/./kernel_cfg.o
                0x00207142                tnum_counter
 .rodata.tnum_alarm
                0x00207143        0x1 build/./kernel_cfg.o
                0x00207143                tnum_alarm
 .rodata.exec_addr
                0x00207144        0x4 build/ecrobot_base.o
                0x00207144                exec_addr
 .rodata.str1.4
                0x00207148       0x80 build/ecrobot_base.o
 .rodata.str1.4
                0x002071c8       0x1d build/ultrasoundtest.o
                                 0x20 (size before relaxing)
 *fill*         0x002071e5        0x3 00
 .rodata.str1.4
                0x002071e8        0x5 /cygdrive/C/cygwin/GNUARM/bin/../lib/gcc/arm-elf/4.0.2/../../../../arm-elf/lib/thumb/interwork/libm.a(wf_pow.o)
                                  0x8 (size before relaxing)
 *fill*         0x002071ed        0x3 00
 .rodata.str1.4
                0x002071f0        0x6 /cygdrive/C/cygwin/GNUARM/bin/../lib/gcc/arm-elf/4.0.2/../../../../arm-elf/lib/thumb/interwork/libm.a(wf_sqrt.o)
                                  0x8 (size before relaxing)
 *fill*         0x002071f6        0x2 00
 .rodata        0x002071f8       0x18 /cygdrive/C/cygwin/GNUARM/bin/../lib/gcc/arm-elf/4.0.2/../../../../arm-elf/lib/thumb/interwork/libm.a(ef_pow.o)
 .rodata        0x00207210        0x4 /cygdrive/C/cygwin/GNUARM/bin/../lib/gcc/arm-elf/4.0.2/../../../../arm-elf/lib/thumb/interwork/libm.a(s_lib_ver.o)
                0x00207210                __fdlib_version
 .rodata        0x00207214       0x10 /cygdrive/C/cygwin/GNUARM/bin/../lib/gcc/arm-elf/4.0.2/../../../../arm-elf/lib/thumb/interwork/libm.a(s_rint.o)
 .rodata.str1.4
                0x00207224        0x2 /cygdrive/C/cygwin/GNUARM/bin/../lib/gcc/arm-elf/4.0.2/../../../../arm-elf/lib/thumb/interwork/libc.a(impure.o)
                                  0x4 (size before relaxing)
                0x00207230                . = ALIGN (0x10)
 *fill*         0x00207226        0xa 00
 *(*.gnu.linkonce.* .gcc_except_table)
                0x00207230                . = ALIGN (0x10)

.tors           0x00207230        0x0
                0x00207230                . = ALIGN (0x10)
                0x00207230                __ctor_begin = .
 *(*.ctors*)
                0x00207230                __ctor_end = .
                0x00207230                . = ALIGN (0x10)
                0x00207230                __dtor_begin = .
 *(*.dtors*)
                0x00207230                __dtor_end = .
                0x00207230                . = ALIGN (0x10)

.bss            0x00207230     0x19f4
 *(*.bss *.bss.*)
 .bss.ready_primap
                0x00207230        0x2 build/kernel/task.o
 .bss.ready_queue_last
                0x00207232       0x10 build/kernel/task.o
 .bss.ready_queue_first
                0x00207242       0x10 build/kernel/task.o
 *fill*         0x00207252        0x2 00
 .bss._stack_priority_4
                0x00207254      0x200 build/./kernel_cfg.o
 .bss._stack_priority_3
                0x00207454      0x200 build/./kernel_cfg.o
 .bss.status_bar_position
                0x00207654        0x4 build/ecrobot_base.o
 .bss.last_act_time.2753
                0x00207658        0x4 build/ecrobot_base.o
 .bss.lcd.2682  0x0020765c      0x320 build/ecrobot_base.o
 .bss.OS_flag   0x0020797c        0x4 build/ecrobot_base.o
 .bss.status_bar
                0x00207980       0x10 build/ecrobot_base.o
 .bss.testStarted
                0x00207990        0x1 build/ultrasoundtest.o
                0x00207990                testStarted
 *fill*         0x00207991        0x1 00
 .bss.testProgress
                0x00207992        0x2 build/ultrasoundtest.o
                0x00207992                testProgress
 .bss.buttons_i
                0x00207994        0x4 ../../../ecrobot/../ecrobot/libecrobot.a(ecrobot_interface.o)
 .bss.buttons_states
                0x00207998       0x14 ../../../ecrobot/../ecrobot/libecrobot.a(ecrobot_interface.o)
 .bss.ecrobot_inputs
                0x002079ac        0x8 ../../../ecrobot/../ecrobot/libecrobot.a(ecrobot_interface.o)
 .bss.systick_ms
                0x002079b4        0x4 ../../../ecrobot/../ecrobot/libecrobot.a(systick.oram)
 .bss.delayedEnable
                0x002079b8        0x1 ../../../ecrobot/../ecrobot/libecrobot.a(udp.oram)
 *fill*         0x002079b9        0x3 00
 .bss.outCnt    0x002079bc        0x4 ../../../ecrobot/../ecrobot/libecrobot.a(udp.oram)
 .bss.outPtr    0x002079c0        0x4 ../../../ecrobot/../ecrobot/libecrobot.a(udp.oram)
 .bss.newAddress
                0x002079c4        0x4 ../../../ecrobot/../ecrobot/libecrobot.a(udp.oram)
 .bss.currentRxBank
                0x002079c8        0x4 ../../../ecrobot/../ecrobot/libecrobot.a(udp.oram)
 .bss.currentFeatures
                0x002079cc        0x4 ../../../ecrobot/../ecrobot/libecrobot.a(udp.oram)
 .bss.currentConfig
                0x002079d0        0x1 ../../../ecrobot/../ecrobot/libecrobot.a(udp.oram)
 *fill*         0x002079d1        0x3 00
 .bss.twi_mask  0x002079d4        0x4 ../../../ecrobot/../ecrobot/libecrobot.a(twi.oram)
 .bss.twi_ptr   0x002079d8        0x4 ../../../ecrobot/../ecrobot/libecrobot.a(twi.oram)
 .bss.twi_pending
                0x002079dc        0x4 ../../../ecrobot/../ecrobot/libecrobot.a(twi.oram)
 .bss.twi_state
                0x002079e0        0x4 ../../../ecrobot/../ecrobot/libecrobot.a(twi.oram)
 .bss.page      0x002079e4        0x1 ../../../ecrobot/../ecrobot/libecrobot.a(nxt_spi.oram)
                0x002079e4                page
 .bss.dirty     0x002079e5        0x1 ../../../ecrobot/../ecrobot/libecrobot.a(nxt_spi.oram)
                0x002079e5                dirty
 *fill*         0x002079e6        0x2 00
 .bss.display   0x002079e8        0x4 ../../../ecrobot/../ecrobot/libecrobot.a(nxt_spi.oram)
                0x002079e8                display
 .bss.interrupts_this_period
                0x002079ec        0x4 ../../../ecrobot/../ecrobot/libecrobot.a(nxt_motors.oram)
 .bss.nxt_motor_initialised
                0x002079f0        0x4 ../../../ecrobot/../ecrobot/libecrobot.a(nxt_motors.oram)
 .bss.motor     0x002079f4       0x30 ../../../ecrobot/../ecrobot/libecrobot.a(nxt_motors.oram)
 .bss.display_tick
                0x00207a24        0x4 ../../../ecrobot/../ecrobot/libecrobot.a(display.oram)
                0x00207a24                display_tick
 .bss.display_array
                0x00207a28      0x388 ../../../ecrobot/../ecrobot/libecrobot.a(display.oram)
 .bss.i2c_int_count
                0x00207db0        0x4 ../../../ecrobot/../ecrobot/libecrobot.a(i2c.oram)
 .bss.i2c_port  0x00207db4      0x170 ../../../ecrobot/../ecrobot/libecrobot.a(i2c.oram)
 .bss.sound_mode
                0x00207f24        0x1 ../../../ecrobot/../ecrobot/libecrobot.a(sound.oram)
                0x00207f24                sound_mode
 *fill*         0x00207f25        0x3 00
 .bss.in_buf_idx
                0x00207f28        0x4 ../../../ecrobot/../ecrobot/libecrobot.a(bt.oram)
 .bss.buf_ptr   0x00207f2c        0x4 ../../../ecrobot/../ecrobot/libecrobot.a(bt.oram)
 .bss.out_buf_ptr
                0x00207f30        0x1 ../../../ecrobot/../ecrobot/libecrobot.a(bt.oram)
 .bss.in_buf_in_ptr
                0x00207f31        0x1 ../../../ecrobot/../ecrobot/libecrobot.a(bt.oram)
 .bss.in_buf    0x00207f32      0x100 ../../../ecrobot/../ecrobot/libecrobot.a(bt.oram)
 *fill*         0x00208032        0x2 00
 .bss.link_state
                0x00208034        0x4 ../../../ecrobot/../ecrobot/libecrobot.a(nxt_avr.oram)
 .bss.update_count
                0x00208038        0x4 ../../../ecrobot/../ecrobot/libecrobot.a(nxt_avr.oram)
 .bss.nxt_avr_stats
                0x0020803c       0x14 ../../../ecrobot/../ecrobot/libecrobot.a(nxt_avr.oram)
 .bss.debounce_cnt
                0x00208050        0x2 ../../../ecrobot/../ecrobot/libecrobot.a(nxt_avr.oram)
 .bss.debounce_state
                0x00208052        0x2 ../../../ecrobot/../ecrobot/libecrobot.a(nxt_avr.oram)
 .bss.button_state
                0x00208054        0x2 ../../../ecrobot/../ecrobot/libecrobot.a(nxt_avr.oram)
 .bss.prev_buttons
                0x00208056        0x2 ../../../ecrobot/../ecrobot/libecrobot.a(nxt_avr.oram)
 .bss.from_buf  0x00208058        0x4 ../../../ecrobot/../ecrobot/libecrobot.a(nxt_avr.oram)
 .bss.io_from_avr
                0x0020805c        0x4 ../../../ecrobot/../ecrobot/libecrobot.a(nxt_avr.oram)
 .bss.data_from_avr
                0x00208060       0x1a ../../../ecrobot/../ecrobot/libecrobot.a(nxt_avr.oram)
 .bss.data_to_avr
                0x0020807a        0x9 ../../../ecrobot/../ecrobot/libecrobot.a(nxt_avr.oram)
 .bss.io_to_avr
                0x00208083        0x8 ../../../ecrobot/../ecrobot/libecrobot.a(nxt_avr.oram)
 *fill*         0x0020808b        0x1 00
 .bss.display   0x0020808c        0x4 ../../../ecrobot/../ecrobot/libecrobot.a(nxt_lcd.oram)
                0x00208090                . = ALIGN (0x10)
                0x00208090                __bss_end__ = .
 COMMON         0x00208090        0x2 build/kernel/interrupt.o
                0x00208090                runisr
                0x00208091                sus_all_cnt
 *fill*         0x00208092        0x2 00
 COMMON         0x00208094       0x10 build/kernel/osctl.o
                0x00208094                callevel
                0x00208095                _errorhook_svcid
                0x00208096                appmode
                0x00208098                _errorhook_par1
                0x0020809c                _errorhook_par3
                0x002080a0                _errorhook_par2
 COMMON         0x002080a4        0x3 build/kernel/task.o
                0x002080a4                runtsk
                0x002080a5                schedtsk
                0x002080a6                nextpri
 *fill*         0x002080a7        0x1 00
 COMMON         0x002080a8       0x38 build/./kernel_cfg.o
                0x002080a8                tcb_waievt
                0x002080ac                rescb_prevpri
                0x002080ad                almcb_prev
                0x002080ae                tcb_lastres
                0x002080b0                almcb_almval
                0x002080b4                tcxb_pc
                0x002080bc                tcb_next
                0x002080be                tcb_curpri
                0x002080c0                tcb_tstat
                0x002080c2                isrcb_lastres
                0x002080c3                cntcb_almque
                0x002080c4                rescb_prevres
                0x002080c5                tcb_actcnt
                0x002080c8                tcb_curevt
                0x002080cc                almcb_cycle
                0x002080d0                tcxb_sp
                0x002080d8                almcb_next
                0x002080dc                cntcb_curval
 COMMON         0x002080e0      0x7d0 build/ultrasoundtest.o
                0x002080e0                testArray
 COMMON         0x002088b0       0x44 ../../../ecrobot/../ecrobot/libecrobot.a(uart.oram)
                0x002088b0                uart
 COMMON         0x002088f4        0x4 ../../../ecrobot/../ecrobot/libecrobot.a(data_abort.oram)
                0x002088f4                data_abort_pc
 COMMON         0x002088f8        0x8 ../../../ecrobot/../ecrobot/libecrobot.a(display.oram)
                0x002088f8                display_x
                0x002088fc                display_y
 COMMON         0x00208900      0x324 ../../../ecrobot/../ecrobot/libecrobot.a(sound.oram)
                0x00208900                sample
                0x00207230                __bss_start__ = ADDR (.bss)
                0x00208c24                __bss_end__ = (ADDR (.bss) + SIZEOF (.bss))
                0x00208c24                PROVIDE (end, .)

.heap_area      0x00208c24     0x6f54
                0x0020fb78                . = (. + (0x20fb78 - end))
 *fill*         0x00208c24     0x6f54 00

.stack          0x0020fb78      0x488
                0x0020fbf8                . = (. + 0x80)
 *fill*         0x0020fb78       0x80 00
                0x0020fc00                . = ALIGN (0x10)
 *fill*         0x0020fbf8        0x8 00
                0x0020fc00                __irq_stack__ = .
                0x0020fc00                __system_stack_bottom__ = .
                0x00210000                . = (. + 0x400)
 *fill*         0x0020fc00      0x400 00
                0x00210000                . = ALIGN (0x10)
                0x00210000                __system_stack__ = .
                0x00210000                __system_stack_top__ = .
                0x0020fb78                __stack_start__ = ADDR (.stack)
                0x00210000                __stack_end__ = (ADDR (.stack) + SIZEOF (.stack))
OUTPUT(ultrasoundtest_rxe.elf elf32-littlearm)

.comment        0x00000000      0x45c
 .comment       0x00000000       0x12 build/kernel/alarm.o
 .comment       0x00000012       0x12 build/kernel/event.o
 .comment       0x00000024       0x12 build/kernel/interrupt.o
 .comment       0x00000036       0x12 build/kernel/osctl.o
 .comment       0x00000048       0x12 build/kernel/resource.o
 .comment       0x0000005a       0x12 build/kernel/task.o
 .comment       0x0000006c       0x12 build/kernel/task_manage.o
 .comment       0x0000007e       0x12 build/config/at91sam7s-gnu/cpu_config.o
 .comment       0x00000090       0x12 build/config/at91sam7s-gnu/lego_nxt/sys_config.o
 .comment       0x000000a2       0x12 build/./kernel_cfg.o
 .comment       0x000000b4       0x12 build/syscalls.o
 .comment       0x000000c6       0x12 build/ecrobot_bluetooth.o
 .comment       0x000000d8       0x12 build/ecrobot_base.o
 .comment       0x000000ea       0x12 build/ecrobot.o
 .comment       0x000000fc       0x12 build/ultrasoundtest.o
 .comment       0x0000010e       0x12 build/syslib/at91sam7s-gnu/lego_nxt/hw_sys_timer.oram
 .comment       0x00000120       0x12 ../../../ecrobot/../ecrobot/libecrobot.a(ecrobot_interface.o)
 .comment       0x00000132       0x12 ../../../ecrobot/../ecrobot/libecrobot.a(colorsensor.o)
 .comment       0x00000144       0x12 ../../../ecrobot/../ecrobot/libecrobot.a(osek_hook.o)
 .comment       0x00000156       0x12 ../../../ecrobot/../ecrobot/libecrobot.a(uart.oram)
 .comment       0x00000168       0x12 ../../../ecrobot/../ecrobot/libecrobot.a(systick.oram)
 .comment       0x0000017a       0x12 ../../../ecrobot/../ecrobot/libecrobot.a(byte_fifo.oram)
 .comment       0x0000018c       0x12 ../../../ecrobot/../ecrobot/libecrobot.a(aic.oram)
 .comment       0x0000019e       0x12 ../../../ecrobot/../ecrobot/libecrobot.a(udp.oram)
 .comment       0x000001b0       0x12 ../../../ecrobot/../ecrobot/libecrobot.a(twi.oram)
 .comment       0x000001c2       0x12 ../../../ecrobot/../ecrobot/libecrobot.a(nxt_spi.oram)
 .comment       0x000001d4       0x12 ../../../ecrobot/../ecrobot/libecrobot.a(nxt_motors.oram)
 .comment       0x000001e6       0x12 ../../../ecrobot/../ecrobot/libecrobot.a(data_abort.oram)
 .comment       0x000001f8       0x12 ../../../ecrobot/../ecrobot/libecrobot.a(display.oram)
 .comment       0x0000020a       0x12 ../../../ecrobot/../ecrobot/libecrobot.a(i2c.oram)
 .comment       0x0000021c       0x12 ../../../ecrobot/../ecrobot/libecrobot.a(sound.oram)
 .comment       0x0000022e       0x12 ../../../ecrobot/../ecrobot/libecrobot.a(bt.oram)
 .comment       0x00000240       0x12 ../../../ecrobot/../ecrobot/libecrobot.a(nxt_avr.oram)
 .comment       0x00000252       0x12 ../../../ecrobot/../ecrobot/libecrobot.a(sensors.oram)
 .comment       0x00000264       0x12 ../../../ecrobot/../ecrobot/libecrobot.a(sensors1.oram)
 .comment       0x00000276       0x12 ../../../ecrobot/../ecrobot/libecrobot.a(nxt_lcd.oram)
 .comment       0x00000288       0x12 ../../../ecrobot/../ecrobot/libecrobot.a(flash_loader.oram)
 .comment       0x0000029a       0x12 ../../../ecrobot/../ecrobot/libecrobot.a(ecrobot_usb.o)
 .comment       0x000002ac       0x12 ../../../ecrobot/../ecrobot/libecrobot.a(flashprog.oram)
 .comment       0x000002be       0x12 /cygdrive/C/cygwin/GNUARM/bin/../lib/gcc/arm-elf/4.0.2/../../../../arm-elf/lib/thumb/interwork/libm.a(wf_pow.o)
 .comment       0x000002d0       0x12 /cygdrive/C/cygwin/GNUARM/bin/../lib/gcc/arm-elf/4.0.2/../../../../arm-elf/lib/thumb/interwork/libm.a(wf_sqrt.o)
 .comment       0x000002e2       0x12 /cygdrive/C/cygwin/GNUARM/bin/../lib/gcc/arm-elf/4.0.2/../../../../arm-elf/lib/thumb/interwork/libm.a(ef_pow.o)
 .comment       0x000002f4       0x12 /cygdrive/C/cygwin/GNUARM/bin/../lib/gcc/arm-elf/4.0.2/../../../../arm-elf/lib/thumb/interwork/libm.a(ef_sqrt.o)
 .comment       0x00000306       0x12 /cygdrive/C/cygwin/GNUARM/bin/../lib/gcc/arm-elf/4.0.2/../../../../arm-elf/lib/thumb/interwork/libm.a(s_lib_ver.o)
 .comment       0x00000318       0x12 /cygdrive/C/cygwin/GNUARM/bin/../lib/gcc/arm-elf/4.0.2/../../../../arm-elf/lib/thumb/interwork/libm.a(s_matherr.o)
 .comment       0x0000032a       0x12 /cygdrive/C/cygwin/GNUARM/bin/../lib/gcc/arm-elf/4.0.2/../../../../arm-elf/lib/thumb/interwork/libm.a(s_rint.o)
 .comment       0x0000033c       0x12 /cygdrive/C/cygwin/GNUARM/bin/../lib/gcc/arm-elf/4.0.2/../../../../arm-elf/lib/thumb/interwork/libm.a(sf_fabs.o)
 .comment       0x0000034e       0x12 /cygdrive/C/cygwin/GNUARM/bin/../lib/gcc/arm-elf/4.0.2/../../../../arm-elf/lib/thumb/interwork/libm.a(sf_finite.o)
 .comment       0x00000360       0x12 /cygdrive/C/cygwin/GNUARM/bin/../lib/gcc/arm-elf/4.0.2/../../../../arm-elf/lib/thumb/interwork/libm.a(sf_isnan.o)
 .comment       0x00000372       0x12 /cygdrive/C/cygwin/GNUARM/bin/../lib/gcc/arm-elf/4.0.2/../../../../arm-elf/lib/thumb/interwork/libm.a(sf_scalbn.o)
 .comment       0x00000384       0x12 /cygdrive/C/cygwin/GNUARM/bin/../lib/gcc/arm-elf/4.0.2/../../../../arm-elf/lib/thumb/interwork/libm.a(sf_copysign.o)
 .comment       0x00000396       0x12 /cygdrive/C/cygwin/GNUARM/bin/../lib/gcc/arm-elf/4.0.2/thumb/interwork/libgcc.a(_muldi3.o)
 .comment       0x000003a8       0x12 /cygdrive/C/cygwin/GNUARM/bin/../lib/gcc/arm-elf/4.0.2/thumb/interwork/libgcc.a(_divdi3.o)
 .comment       0x000003ba       0x12 /cygdrive/C/cygwin/GNUARM/bin/../lib/gcc/arm-elf/4.0.2/thumb/interwork/libgcc.a(_clz.o)
 .comment       0x000003cc       0x12 /cygdrive/C/cygwin/GNUARM/bin/../lib/gcc/arm-elf/4.0.2/../../../../arm-elf/lib/thumb/interwork/libc.a(errno.o)
 .comment       0x000003de       0x12 /cygdrive/C/cygwin/GNUARM/bin/../lib/gcc/arm-elf/4.0.2/../../../../arm-elf/lib/thumb/interwork/libc.a(impure.o)
 .comment       0x000003f0       0x12 /cygdrive/C/cygwin/GNUARM/bin/../lib/gcc/arm-elf/4.0.2/../../../../arm-elf/lib/thumb/interwork/libc.a(memcpy.o)
 .comment       0x00000402       0x12 /cygdrive/C/cygwin/GNUARM/bin/../lib/gcc/arm-elf/4.0.2/../../../../arm-elf/lib/thumb/interwork/libc.a(memset.o)
 .comment       0x00000414       0x12 /cygdrive/C/cygwin/GNUARM/bin/../lib/gcc/arm-elf/4.0.2/../../../../arm-elf/lib/thumb/interwork/libc.a(strcmp.o)
 .comment       0x00000426       0x12 /cygdrive/C/cygwin/GNUARM/bin/../lib/gcc/arm-elf/4.0.2/../../../../arm-elf/lib/thumb/interwork/libc.a(strcpy.o)
 .comment       0x00000438       0x12 /cygdrive/C/cygwin/GNUARM/bin/../lib/gcc/arm-elf/4.0.2/../../../../arm-elf/lib/thumb/interwork/libc.a(strlen.o)
 .comment       0x0000044a       0x12 /cygdrive/C/cygwin/GNUARM/bin/../lib/gcc/arm-elf/4.0.2/../../../../arm-elf/lib/thumb/interwork/libc.a(strncpy.o)

.debug_abbrev   0x00000000     0x12fa
 .debug_abbrev  0x00000000       0xd6 /cygdrive/C/cygwin/GNUARM/bin/../lib/gcc/arm-elf/4.0.2/../../../../arm-elf/lib/thumb/interwork/libm.a(wf_pow.o)
 .debug_abbrev  0x000000d6       0xd6 /cygdrive/C/cygwin/GNUARM/bin/../lib/gcc/arm-elf/4.0.2/../../../../arm-elf/lib/thumb/interwork/libm.a(wf_sqrt.o)
 .debug_abbrev  0x000001ac      0x130 /cygdrive/C/cygwin/GNUARM/bin/../lib/gcc/arm-elf/4.0.2/../../../../arm-elf/lib/thumb/interwork/libm.a(ef_pow.o)
 .debug_abbrev  0x000002dc       0xdb /cygdrive/C/cygwin/GNUARM/bin/../lib/gcc/arm-elf/4.0.2/../../../../arm-elf/lib/thumb/interwork/libm.a(ef_sqrt.o)
 .debug_abbrev  0x000003b7       0x5a /cygdrive/C/cygwin/GNUARM/bin/../lib/gcc/arm-elf/4.0.2/../../../../arm-elf/lib/thumb/interwork/libm.a(s_lib_ver.o)
 .debug_abbrev  0x00000411       0x95 /cygdrive/C/cygwin/GNUARM/bin/../lib/gcc/arm-elf/4.0.2/../../../../arm-elf/lib/thumb/interwork/libm.a(s_matherr.o)
 .debug_abbrev  0x000004a6      0x10e /cygdrive/C/cygwin/GNUARM/bin/../lib/gcc/arm-elf/4.0.2/../../../../arm-elf/lib/thumb/interwork/libm.a(s_rint.o)
 .debug_abbrev  0x000005b4       0xa7 /cygdrive/C/cygwin/GNUARM/bin/../lib/gcc/arm-elf/4.0.2/../../../../arm-elf/lib/thumb/interwork/libm.a(sf_fabs.o)
 .debug_abbrev  0x0000065b       0xa7 /cygdrive/C/cygwin/GNUARM/bin/../lib/gcc/arm-elf/4.0.2/../../../../arm-elf/lib/thumb/interwork/libm.a(sf_finite.o)
 .debug_abbrev  0x00000702       0xa7 /cygdrive/C/cygwin/GNUARM/bin/../lib/gcc/arm-elf/4.0.2/../../../../arm-elf/lib/thumb/interwork/libm.a(sf_isnan.o)
 .debug_abbrev  0x000007a9       0xcc /cygdrive/C/cygwin/GNUARM/bin/../lib/gcc/arm-elf/4.0.2/../../../../arm-elf/lib/thumb/interwork/libm.a(sf_scalbn.o)
 .debug_abbrev  0x00000875       0xce /cygdrive/C/cygwin/GNUARM/bin/../lib/gcc/arm-elf/4.0.2/../../../../arm-elf/lib/thumb/interwork/libm.a(sf_copysign.o)
 .debug_abbrev  0x00000943       0x14 /cygdrive/C/cygwin/GNUARM/bin/../lib/gcc/arm-elf/4.0.2/thumb/interwork/libgcc.a(_udivsi3.o)
 .debug_abbrev  0x00000957       0x14 /cygdrive/C/cygwin/GNUARM/bin/../lib/gcc/arm-elf/4.0.2/thumb/interwork/libgcc.a(_divsi3.o)
 .debug_abbrev  0x0000096b       0x14 /cygdrive/C/cygwin/GNUARM/bin/../lib/gcc/arm-elf/4.0.2/thumb/interwork/libgcc.a(_umodsi3.o)
 .debug_abbrev  0x0000097f       0x14 /cygdrive/C/cygwin/GNUARM/bin/../lib/gcc/arm-elf/4.0.2/thumb/interwork/libgcc.a(_modsi3.o)
 .debug_abbrev  0x00000993       0x14 /cygdrive/C/cygwin/GNUARM/bin/../lib/gcc/arm-elf/4.0.2/thumb/interwork/libgcc.a(_dvmd_tls.o)
 .debug_abbrev  0x000009a7       0x14 /cygdrive/C/cygwin/GNUARM/bin/../lib/gcc/arm-elf/4.0.2/thumb/interwork/libgcc.a(_addsubdf3.o)
 .debug_abbrev  0x000009bb       0x14 /cygdrive/C/cygwin/GNUARM/bin/../lib/gcc/arm-elf/4.0.2/thumb/interwork/libgcc.a(_muldivdf3.o)
 .debug_abbrev  0x000009cf       0x14 /cygdrive/C/cygwin/GNUARM/bin/../lib/gcc/arm-elf/4.0.2/thumb/interwork/libgcc.a(_cmpdf2.o)
 .debug_abbrev  0x000009e3       0x14 /cygdrive/C/cygwin/GNUARM/bin/../lib/gcc/arm-elf/4.0.2/thumb/interwork/libgcc.a(_truncdfsf2.o)
 .debug_abbrev  0x000009f7       0x14 /cygdrive/C/cygwin/GNUARM/bin/../lib/gcc/arm-elf/4.0.2/thumb/interwork/libgcc.a(_addsubsf3.o)
 .debug_abbrev  0x00000a0b       0x14 /cygdrive/C/cygwin/GNUARM/bin/../lib/gcc/arm-elf/4.0.2/thumb/interwork/libgcc.a(_muldivsf3.o)
 .debug_abbrev  0x00000a1f       0x14 /cygdrive/C/cygwin/GNUARM/bin/../lib/gcc/arm-elf/4.0.2/thumb/interwork/libgcc.a(_cmpsf2.o)
 .debug_abbrev  0x00000a33       0x14 /cygdrive/C/cygwin/GNUARM/bin/../lib/gcc/arm-elf/4.0.2/thumb/interwork/libgcc.a(_fixsfsi.o)
 .debug_abbrev  0x00000a47       0xec /cygdrive/C/cygwin/GNUARM/bin/../lib/gcc/arm-elf/4.0.2/thumb/interwork/libgcc.a(_muldi3.o)
 .debug_abbrev  0x00000b33      0x174 /cygdrive/C/cygwin/GNUARM/bin/../lib/gcc/arm-elf/4.0.2/thumb/interwork/libgcc.a(_divdi3.o)
 .debug_abbrev  0x00000ca7       0x61 /cygdrive/C/cygwin/GNUARM/bin/../lib/gcc/arm-elf/4.0.2/thumb/interwork/libgcc.a(_clz.o)
 .debug_abbrev  0x00000d08      0x15f /cygdrive/C/cygwin/GNUARM/bin/../lib/gcc/arm-elf/4.0.2/../../../../arm-elf/lib/thumb/interwork/libc.a(errno.o)
 .debug_abbrev  0x00000e67      0x157 /cygdrive/C/cygwin/GNUARM/bin/../lib/gcc/arm-elf/4.0.2/../../../../arm-elf/lib/thumb/interwork/libc.a(impure.o)
 .debug_abbrev  0x00000fbe       0x99 /cygdrive/C/cygwin/GNUARM/bin/../lib/gcc/arm-elf/4.0.2/../../../../arm-elf/lib/thumb/interwork/libc.a(memcpy.o)
 .debug_abbrev  0x00001057       0x9a /cygdrive/C/cygwin/GNUARM/bin/../lib/gcc/arm-elf/4.0.2/../../../../arm-elf/lib/thumb/interwork/libc.a(memset.o)
 .debug_abbrev  0x000010f1       0x71 /cygdrive/C/cygwin/GNUARM/bin/../lib/gcc/arm-elf/4.0.2/../../../../arm-elf/lib/thumb/interwork/libc.a(strcmp.o)
 .debug_abbrev  0x00001162       0x80 /cygdrive/C/cygwin/GNUARM/bin/../lib/gcc/arm-elf/4.0.2/../../../../arm-elf/lib/thumb/interwork/libc.a(strcpy.o)
 .debug_abbrev  0x000011e2       0x8b /cygdrive/C/cygwin/GNUARM/bin/../lib/gcc/arm-elf/4.0.2/../../../../arm-elf/lib/thumb/interwork/libc.a(strlen.o)
 .debug_abbrev  0x0000126d       0x8d /cygdrive/C/cygwin/GNUARM/bin/../lib/gcc/arm-elf/4.0.2/../../../../arm-elf/lib/thumb/interwork/libc.a(strncpy.o)

.debug_info     0x00000000     0x3d4c
 .debug_info    0x00000000      0x189 /cygdrive/C/cygwin/GNUARM/bin/../lib/gcc/arm-elf/4.0.2/../../../../arm-elf/lib/thumb/interwork/libm.a(wf_pow.o)
 .debug_info    0x00000189      0x17c /cygdrive/C/cygwin/GNUARM/bin/../lib/gcc/arm-elf/4.0.2/../../../../arm-elf/lib/thumb/interwork/libm.a(wf_sqrt.o)
 .debug_info    0x00000305      0x68b /cygdrive/C/cygwin/GNUARM/bin/../lib/gcc/arm-elf/4.0.2/../../../../arm-elf/lib/thumb/interwork/libm.a(ef_pow.o)
 .debug_info    0x00000990      0x1b1 /cygdrive/C/cygwin/GNUARM/bin/../lib/gcc/arm-elf/4.0.2/../../../../arm-elf/lib/thumb/interwork/libm.a(ef_sqrt.o)
 .debug_info    0x00000b41       0xcc /cygdrive/C/cygwin/GNUARM/bin/../lib/gcc/arm-elf/4.0.2/../../../../arm-elf/lib/thumb/interwork/libm.a(s_lib_ver.o)
 .debug_info    0x00000c0d      0x136 /cygdrive/C/cygwin/GNUARM/bin/../lib/gcc/arm-elf/4.0.2/../../../../arm-elf/lib/thumb/interwork/libm.a(s_matherr.o)
 .debug_info    0x00000d43      0x22e /cygdrive/C/cygwin/GNUARM/bin/../lib/gcc/arm-elf/4.0.2/../../../../arm-elf/lib/thumb/interwork/libm.a(s_rint.o)
 .debug_info    0x00000f71      0x10d /cygdrive/C/cygwin/GNUARM/bin/../lib/gcc/arm-elf/4.0.2/../../../../arm-elf/lib/thumb/interwork/libm.a(sf_fabs.o)
 .debug_info    0x0000107e      0x118 /cygdrive/C/cygwin/GNUARM/bin/../lib/gcc/arm-elf/4.0.2/../../../../arm-elf/lib/thumb/interwork/libm.a(sf_finite.o)
 .debug_info    0x00001196      0x118 /cygdrive/C/cygwin/GNUARM/bin/../lib/gcc/arm-elf/4.0.2/../../../../arm-elf/lib/thumb/interwork/libm.a(sf_isnan.o)
 .debug_info    0x000012ae      0x1a6 /cygdrive/C/cygwin/GNUARM/bin/../lib/gcc/arm-elf/4.0.2/../../../../arm-elf/lib/thumb/interwork/libm.a(sf_scalbn.o)
 .debug_info    0x00001454      0x13b /cygdrive/C/cygwin/GNUARM/bin/../lib/gcc/arm-elf/4.0.2/../../../../arm-elf/lib/thumb/interwork/libm.a(sf_copysign.o)
 .debug_info    0x0000158f       0x6a /cygdrive/C/cygwin/GNUARM/bin/../lib/gcc/arm-elf/4.0.2/thumb/interwork/libgcc.a(_udivsi3.o)
 .debug_info    0x000015f9       0x6a /cygdrive/C/cygwin/GNUARM/bin/../lib/gcc/arm-elf/4.0.2/thumb/interwork/libgcc.a(_divsi3.o)
 .debug_info    0x00001663       0x6a /cygdrive/C/cygwin/GNUARM/bin/../lib/gcc/arm-elf/4.0.2/thumb/interwork/libgcc.a(_umodsi3.o)
 .debug_info    0x000016cd       0x6a /cygdrive/C/cygwin/GNUARM/bin/../lib/gcc/arm-elf/4.0.2/thumb/interwork/libgcc.a(_modsi3.o)
 .debug_info    0x00001737       0x6a /cygdrive/C/cygwin/GNUARM/bin/../lib/gcc/arm-elf/4.0.2/thumb/interwork/libgcc.a(_dvmd_tls.o)
 .debug_info    0x000017a1       0x69 /cygdrive/C/cygwin/GNUARM/bin/../lib/gcc/arm-elf/4.0.2/thumb/interwork/libgcc.a(_addsubdf3.o)
 .debug_info    0x0000180a       0x69 /cygdrive/C/cygwin/GNUARM/bin/../lib/gcc/arm-elf/4.0.2/thumb/interwork/libgcc.a(_muldivdf3.o)
 .debug_info    0x00001873       0x69 /cygdrive/C/cygwin/GNUARM/bin/../lib/gcc/arm-elf/4.0.2/thumb/interwork/libgcc.a(_cmpdf2.o)
 .debug_info    0x000018dc       0x69 /cygdrive/C/cygwin/GNUARM/bin/../lib/gcc/arm-elf/4.0.2/thumb/interwork/libgcc.a(_truncdfsf2.o)
 .debug_info    0x00001945       0x69 /cygdrive/C/cygwin/GNUARM/bin/../lib/gcc/arm-elf/4.0.2/thumb/interwork/libgcc.a(_addsubsf3.o)
 .debug_info    0x000019ae       0x69 /cygdrive/C/cygwin/GNUARM/bin/../lib/gcc/arm-elf/4.0.2/thumb/interwork/libgcc.a(_muldivsf3.o)
 .debug_info    0x00001a17       0x69 /cygdrive/C/cygwin/GNUARM/bin/../lib/gcc/arm-elf/4.0.2/thumb/interwork/libgcc.a(_cmpsf2.o)
 .debug_info    0x00001a80       0x69 /cygdrive/C/cygwin/GNUARM/bin/../lib/gcc/arm-elf/4.0.2/thumb/interwork/libgcc.a(_fixsfsi.o)
 .debug_info    0x00001ae9      0x20e /cygdrive/C/cygwin/GNUARM/bin/../lib/gcc/arm-elf/4.0.2/thumb/interwork/libgcc.a(_muldi3.o)
 .debug_info    0x00001cf7      0x758 /cygdrive/C/cygwin/GNUARM/bin/../lib/gcc/arm-elf/4.0.2/thumb/interwork/libgcc.a(_divdi3.o)
 .debug_info    0x0000244f       0xc9 /cygdrive/C/cygwin/GNUARM/bin/../lib/gcc/arm-elf/4.0.2/thumb/interwork/libgcc.a(_clz.o)
 .debug_info    0x00002518      0x914 /cygdrive/C/cygwin/GNUARM/bin/../lib/gcc/arm-elf/4.0.2/../../../../arm-elf/lib/thumb/interwork/libc.a(errno.o)
 .debug_info    0x00002e2c      0x922 /cygdrive/C/cygwin/GNUARM/bin/../lib/gcc/arm-elf/4.0.2/../../../../arm-elf/lib/thumb/interwork/libc.a(impure.o)
 .debug_info    0x0000374e      0x10d /cygdrive/C/cygwin/GNUARM/bin/../lib/gcc/arm-elf/4.0.2/../../../../arm-elf/lib/thumb/interwork/libc.a(memcpy.o)
 .debug_info    0x0000385b      0x111 /cygdrive/C/cygwin/GNUARM/bin/../lib/gcc/arm-elf/4.0.2/../../../../arm-elf/lib/thumb/interwork/libc.a(memset.o)
 .debug_info    0x0000396c       0xd9 /cygdrive/C/cygwin/GNUARM/bin/../lib/gcc/arm-elf/4.0.2/../../../../arm-elf/lib/thumb/interwork/libc.a(strcmp.o)
 .debug_info    0x00003a45      0x10c /cygdrive/C/cygwin/GNUARM/bin/../lib/gcc/arm-elf/4.0.2/../../../../arm-elf/lib/thumb/interwork/libc.a(strcpy.o)
 .debug_info    0x00003b51       0xd5 /cygdrive/C/cygwin/GNUARM/bin/../lib/gcc/arm-elf/4.0.2/../../../../arm-elf/lib/thumb/interwork/libc.a(strlen.o)
 .debug_info    0x00003c26      0x126 /cygdrive/C/cygwin/GNUARM/bin/../lib/gcc/arm-elf/4.0.2/../../../../arm-elf/lib/thumb/interwork/libc.a(strncpy.o)

.debug_line     0x00000000     0x1c57
 .debug_line    0x00000000      0x12c /cygdrive/C/cygwin/GNUARM/bin/../lib/gcc/arm-elf/4.0.2/../../../../arm-elf/lib/thumb/interwork/libm.a(wf_pow.o)
 .debug_line    0x0000012c       0xb9 /cygdrive/C/cygwin/GNUARM/bin/../lib/gcc/arm-elf/4.0.2/../../../../arm-elf/lib/thumb/interwork/libm.a(wf_sqrt.o)
 .debug_line    0x000001e5      0x1fe /cygdrive/C/cygwin/GNUARM/bin/../lib/gcc/arm-elf/4.0.2/../../../../arm-elf/lib/thumb/interwork/libm.a(ef_pow.o)
 .debug_line    0x000003e3      0x12b /cygdrive/C/cygwin/GNUARM/bin/../lib/gcc/arm-elf/4.0.2/../../../../arm-elf/lib/thumb/interwork/libm.a(ef_sqrt.o)
 .debug_line    0x0000050e       0x92 /cygdrive/C/cygwin/GNUARM/bin/../lib/gcc/arm-elf/4.0.2/../../../../arm-elf/lib/thumb/interwork/libm.a(s_lib_ver.o)
 .debug_line    0x000005a0       0xa3 /cygdrive/C/cygwin/GNUARM/bin/../lib/gcc/arm-elf/4.0.2/../../../../arm-elf/lib/thumb/interwork/libm.a(s_matherr.o)
 .debug_line    0x00000643       0xe7 /cygdrive/C/cygwin/GNUARM/bin/../lib/gcc/arm-elf/4.0.2/../../../../arm-elf/lib/thumb/interwork/libm.a(s_rint.o)
 .debug_line    0x0000072a       0xf2 /cygdrive/C/cygwin/GNUARM/bin/../lib/gcc/arm-elf/4.0.2/../../../../arm-elf/lib/thumb/interwork/libm.a(sf_fabs.o)
 .debug_line    0x0000081c       0xb9 /cygdrive/C/cygwin/GNUARM/bin/../lib/gcc/arm-elf/4.0.2/../../../../arm-elf/lib/thumb/interwork/libm.a(sf_finite.o)
 .debug_line    0x000008d5       0xf4 /cygdrive/C/cygwin/GNUARM/bin/../lib/gcc/arm-elf/4.0.2/../../../../arm-elf/lib/thumb/interwork/libm.a(sf_isnan.o)
 .debug_line    0x000009c9       0xd5 /cygdrive/C/cygwin/GNUARM/bin/../lib/gcc/arm-elf/4.0.2/../../../../arm-elf/lib/thumb/interwork/libm.a(sf_scalbn.o)
 .debug_line    0x00000a9e       0xbc /cygdrive/C/cygwin/GNUARM/bin/../lib/gcc/arm-elf/4.0.2/../../../../arm-elf/lib/thumb/interwork/libm.a(sf_copysign.o)
 .debug_line    0x00000b5a       0x70 /cygdrive/C/cygwin/GNUARM/bin/../lib/gcc/arm-elf/4.0.2/thumb/interwork/libgcc.a(_udivsi3.o)
 .debug_line    0x00000bca       0x7c /cygdrive/C/cygwin/GNUARM/bin/../lib/gcc/arm-elf/4.0.2/thumb/interwork/libgcc.a(_divsi3.o)
 .debug_line    0x00000c46       0x68 /cygdrive/C/cygwin/GNUARM/bin/../lib/gcc/arm-elf/4.0.2/thumb/interwork/libgcc.a(_umodsi3.o)
 .debug_line    0x00000cae       0x71 /cygdrive/C/cygwin/GNUARM/bin/../lib/gcc/arm-elf/4.0.2/thumb/interwork/libgcc.a(_modsi3.o)
 .debug_line    0x00000d1f       0x5a /cygdrive/C/cygwin/GNUARM/bin/../lib/gcc/arm-elf/4.0.2/thumb/interwork/libgcc.a(_dvmd_tls.o)
 .debug_line    0x00000d79      0x162 /cygdrive/C/cygwin/GNUARM/bin/../lib/gcc/arm-elf/4.0.2/thumb/interwork/libgcc.a(_addsubdf3.o)
 .debug_line    0x00000edb      0x177 /cygdrive/C/cygwin/GNUARM/bin/../lib/gcc/arm-elf/4.0.2/thumb/interwork/libgcc.a(_muldivdf3.o)
 .debug_line    0x00001052       0xa4 /cygdrive/C/cygwin/GNUARM/bin/../lib/gcc/arm-elf/4.0.2/thumb/interwork/libgcc.a(_cmpdf2.o)
 .debug_line    0x000010f6       0x80 /cygdrive/C/cygwin/GNUARM/bin/../lib/gcc/arm-elf/4.0.2/thumb/interwork/libgcc.a(_truncdfsf2.o)
 .debug_line    0x00001176      0x110 /cygdrive/C/cygwin/GNUARM/bin/../lib/gcc/arm-elf/4.0.2/thumb/interwork/libgcc.a(_addsubsf3.o)
 .debug_line    0x00001286      0x11a /cygdrive/C/cygwin/GNUARM/bin/../lib/gcc/arm-elf/4.0.2/thumb/interwork/libgcc.a(_muldivsf3.o)
 .debug_line    0x000013a0       0x98 /cygdrive/C/cygwin/GNUARM/bin/../lib/gcc/arm-elf/4.0.2/thumb/interwork/libgcc.a(_cmpsf2.o)
 .debug_line    0x00001438       0x6f /cygdrive/C/cygwin/GNUARM/bin/../lib/gcc/arm-elf/4.0.2/thumb/interwork/libgcc.a(_fixsfsi.o)
 .debug_line    0x000014a7       0x61 /cygdrive/C/cygwin/GNUARM/bin/../lib/gcc/arm-elf/4.0.2/thumb/interwork/libgcc.a(_muldi3.o)
 .debug_line    0x00001508      0x122 /cygdrive/C/cygwin/GNUARM/bin/../lib/gcc/arm-elf/4.0.2/thumb/interwork/libgcc.a(_divdi3.o)
 .debug_line    0x0000162a       0x48 /cygdrive/C/cygwin/GNUARM/bin/../lib/gcc/arm-elf/4.0.2/thumb/interwork/libgcc.a(_clz.o)
 .debug_line    0x00001672       0xf2 /cygdrive/C/cygwin/GNUARM/bin/../lib/gcc/arm-elf/4.0.2/../../../../arm-elf/lib/thumb/interwork/libc.a(errno.o)
 .debug_line    0x00001764       0xe3 /cygdrive/C/cygwin/GNUARM/bin/../lib/gcc/arm-elf/4.0.2/../../../../arm-elf/lib/thumb/interwork/libc.a(impure.o)
 .debug_line    0x00001847       0xc3 /cygdrive/C/cygwin/GNUARM/bin/../lib/gcc/arm-elf/4.0.2/../../../../arm-elf/lib/thumb/interwork/libc.a(memcpy.o)
 .debug_line    0x0000190a       0xd4 /cygdrive/C/cygwin/GNUARM/bin/../lib/gcc/arm-elf/4.0.2/../../../../arm-elf/lib/thumb/interwork/libc.a(memset.o)
 .debug_line    0x000019de       0x88 /cygdrive/C/cygwin/GNUARM/bin/../lib/gcc/arm-elf/4.0.2/../../../../arm-elf/lib/thumb/interwork/libc.a(strcmp.o)
 .debug_line    0x00001a66       0x80 /cygdrive/C/cygwin/GNUARM/bin/../lib/gcc/arm-elf/4.0.2/../../../../arm-elf/lib/thumb/interwork/libc.a(strcpy.o)
 .debug_line    0x00001ae6       0xaf /cygdrive/C/cygwin/GNUARM/bin/../lib/gcc/arm-elf/4.0.2/../../../../arm-elf/lib/thumb/interwork/libc.a(strlen.o)
 .debug_line    0x00001b95       0xc2 /cygdrive/C/cygwin/GNUARM/bin/../lib/gcc/arm-elf/4.0.2/../../../../arm-elf/lib/thumb/interwork/libc.a(strncpy.o)

.debug_frame    0x00000000      0x374
 .debug_frame   0x00000000       0x38 /cygdrive/C/cygwin/GNUARM/bin/../lib/gcc/arm-elf/4.0.2/../../../../arm-elf/lib/thumb/interwork/libm.a(wf_pow.o)
 .debug_frame   0x00000038       0x30 /cygdrive/C/cygwin/GNUARM/bin/../lib/gcc/arm-elf/4.0.2/../../../../arm-elf/lib/thumb/interwork/libm.a(wf_sqrt.o)
 .debug_frame   0x00000068       0x3c /cygdrive/C/cygwin/GNUARM/bin/../lib/gcc/arm-elf/4.0.2/../../../../arm-elf/lib/thumb/interwork/libm.a(ef_pow.o)
 .debug_frame   0x000000a4       0x2c /cygdrive/C/cygwin/GNUARM/bin/../lib/gcc/arm-elf/4.0.2/../../../../arm-elf/lib/thumb/interwork/libm.a(ef_sqrt.o)
 .debug_frame   0x000000d0       0x20 /cygdrive/C/cygwin/GNUARM/bin/../lib/gcc/arm-elf/4.0.2/../../../../arm-elf/lib/thumb/interwork/libm.a(s_matherr.o)
 .debug_frame   0x000000f0       0x38 /cygdrive/C/cygwin/GNUARM/bin/../lib/gcc/arm-elf/4.0.2/../../../../arm-elf/lib/thumb/interwork/libm.a(s_rint.o)
 .debug_frame   0x00000128       0x20 /cygdrive/C/cygwin/GNUARM/bin/../lib/gcc/arm-elf/4.0.2/../../../../arm-elf/lib/thumb/interwork/libm.a(sf_fabs.o)
 .debug_frame   0x00000148       0x20 /cygdrive/C/cygwin/GNUARM/bin/../lib/gcc/arm-elf/4.0.2/../../../../arm-elf/lib/thumb/interwork/libm.a(sf_finite.o)
 .debug_frame   0x00000168       0x20 /cygdrive/C/cygwin/GNUARM/bin/../lib/gcc/arm-elf/4.0.2/../../../../arm-elf/lib/thumb/interwork/libm.a(sf_isnan.o)
 .debug_frame   0x00000188       0x2c /cygdrive/C/cygwin/GNUARM/bin/../lib/gcc/arm-elf/4.0.2/../../../../arm-elf/lib/thumb/interwork/libm.a(sf_scalbn.o)
 .debug_frame   0x000001b4       0x20 /cygdrive/C/cygwin/GNUARM/bin/../lib/gcc/arm-elf/4.0.2/../../../../arm-elf/lib/thumb/interwork/libm.a(sf_copysign.o)
 .debug_frame   0x000001d4       0x38 /cygdrive/C/cygwin/GNUARM/bin/../lib/gcc/arm-elf/4.0.2/thumb/interwork/libgcc.a(_muldi3.o)
 .debug_frame   0x0000020c       0x3c /cygdrive/C/cygwin/GNUARM/bin/../lib/gcc/arm-elf/4.0.2/thumb/interwork/libgcc.a(_divdi3.o)
 .debug_frame   0x00000248       0x20 /cygdrive/C/cygwin/GNUARM/bin/../lib/gcc/arm-elf/4.0.2/../../../../arm-elf/lib/thumb/interwork/libc.a(errno.o)
 .debug_frame   0x00000268       0x2c /cygdrive/C/cygwin/GNUARM/bin/../lib/gcc/arm-elf/4.0.2/../../../../arm-elf/lib/thumb/interwork/libc.a(memcpy.o)
 .debug_frame   0x00000294       0x2c /cygdrive/C/cygwin/GNUARM/bin/../lib/gcc/arm-elf/4.0.2/../../../../arm-elf/lib/thumb/interwork/libc.a(memset.o)
 .debug_frame   0x000002c0       0x2c /cygdrive/C/cygwin/GNUARM/bin/../lib/gcc/arm-elf/4.0.2/../../../../arm-elf/lib/thumb/interwork/libc.a(strcmp.o)
 .debug_frame   0x000002ec       0x2c /cygdrive/C/cygwin/GNUARM/bin/../lib/gcc/arm-elf/4.0.2/../../../../arm-elf/lib/thumb/interwork/libc.a(strcpy.o)
 .debug_frame   0x00000318       0x2c /cygdrive/C/cygwin/GNUARM/bin/../lib/gcc/arm-elf/4.0.2/../../../../arm-elf/lib/thumb/interwork/libc.a(strlen.o)
 .debug_frame   0x00000344       0x30 /cygdrive/C/cygwin/GNUARM/bin/../lib/gcc/arm-elf/4.0.2/../../../../arm-elf/lib/thumb/interwork/libc.a(strncpy.o)

.debug_loc      0x00000000     0x2776
 .debug_loc     0x00000000       0xd4 /cygdrive/C/cygwin/GNUARM/bin/../lib/gcc/arm-elf/4.0.2/../../../../arm-elf/lib/thumb/interwork/libm.a(wf_pow.o)
 .debug_loc     0x000000d4       0x7f /cygdrive/C/cygwin/GNUARM/bin/../lib/gcc/arm-elf/4.0.2/../../../../arm-elf/lib/thumb/interwork/libm.a(wf_sqrt.o)
 .debug_loc     0x00000153      0xc09 /cygdrive/C/cygwin/GNUARM/bin/../lib/gcc/arm-elf/4.0.2/../../../../arm-elf/lib/thumb/interwork/libm.a(ef_pow.o)
 .debug_loc     0x00000d5c      0x1f5 /cygdrive/C/cygwin/GNUARM/bin/../lib/gcc/arm-elf/4.0.2/../../../../arm-elf/lib/thumb/interwork/libm.a(ef_sqrt.o)
 .debug_loc     0x00000f51       0x13 /cygdrive/C/cygwin/GNUARM/bin/../lib/gcc/arm-elf/4.0.2/../../../../arm-elf/lib/thumb/interwork/libm.a(s_matherr.o)
 .debug_loc     0x00000f64      0x271 /cygdrive/C/cygwin/GNUARM/bin/../lib/gcc/arm-elf/4.0.2/../../../../arm-elf/lib/thumb/interwork/libm.a(s_rint.o)
 .debug_loc     0x000011d5       0x13 /cygdrive/C/cygwin/GNUARM/bin/../lib/gcc/arm-elf/4.0.2/../../../../arm-elf/lib/thumb/interwork/libm.a(sf_fabs.o)
 .debug_loc     0x000011e8       0x26 /cygdrive/C/cygwin/GNUARM/bin/../lib/gcc/arm-elf/4.0.2/../../../../arm-elf/lib/thumb/interwork/libm.a(sf_finite.o)
 .debug_loc     0x0000120e       0x26 /cygdrive/C/cygwin/GNUARM/bin/../lib/gcc/arm-elf/4.0.2/../../../../arm-elf/lib/thumb/interwork/libm.a(sf_isnan.o)
 .debug_loc     0x00001234      0x15c /cygdrive/C/cygwin/GNUARM/bin/../lib/gcc/arm-elf/4.0.2/../../../../arm-elf/lib/thumb/interwork/libm.a(sf_scalbn.o)
 .debug_loc     0x00001390       0x26 /cygdrive/C/cygwin/GNUARM/bin/../lib/gcc/arm-elf/4.0.2/../../../../arm-elf/lib/thumb/interwork/libm.a(sf_copysign.o)
 .debug_loc     0x000013b6      0x156 /cygdrive/C/cygwin/GNUARM/bin/../lib/gcc/arm-elf/4.0.2/thumb/interwork/libgcc.a(_muldi3.o)
 .debug_loc     0x0000150c      0xd45 /cygdrive/C/cygwin/GNUARM/bin/../lib/gcc/arm-elf/4.0.2/thumb/interwork/libgcc.a(_divdi3.o)
 .debug_loc     0x00002251      0x127 /cygdrive/C/cygwin/GNUARM/bin/../lib/gcc/arm-elf/4.0.2/../../../../arm-elf/lib/thumb/interwork/libc.a(memcpy.o)
 .debug_loc     0x00002378      0x12a /cygdrive/C/cygwin/GNUARM/bin/../lib/gcc/arm-elf/4.0.2/../../../../arm-elf/lib/thumb/interwork/libc.a(memset.o)
 .debug_loc     0x000024a2       0x8e /cygdrive/C/cygwin/GNUARM/bin/../lib/gcc/arm-elf/4.0.2/../../../../arm-elf/lib/thumb/interwork/libc.a(strcmp.o)
 .debug_loc     0x00002530       0xb4 /cygdrive/C/cygwin/GNUARM/bin/../lib/gcc/arm-elf/4.0.2/../../../../arm-elf/lib/thumb/interwork/libc.a(strcpy.o)
 .debug_loc     0x000025e4       0x3c /cygdrive/C/cygwin/GNUARM/bin/../lib/gcc/arm-elf/4.0.2/../../../../arm-elf/lib/thumb/interwork/libc.a(strlen.o)
 .debug_loc     0x00002620      0x156 /cygdrive/C/cygwin/GNUARM/bin/../lib/gcc/arm-elf/4.0.2/../../../../arm-elf/lib/thumb/interwork/libc.a(strncpy.o)

.debug_pubnames
                0x00000000      0x2da
 .debug_pubnames
                0x00000000       0x1b /cygdrive/C/cygwin/GNUARM/bin/../lib/gcc/arm-elf/4.0.2/../../../../arm-elf/lib/thumb/interwork/libm.a(wf_pow.o)
 .debug_pubnames
                0x0000001b       0x1c /cygdrive/C/cygwin/GNUARM/bin/../lib/gcc/arm-elf/4.0.2/../../../../arm-elf/lib/thumb/interwork/libm.a(wf_sqrt.o)
 .debug_pubnames
                0x00000037       0x25 /cygdrive/C/cygwin/GNUARM/bin/../lib/gcc/arm-elf/4.0.2/../../../../arm-elf/lib/thumb/interwork/libm.a(ef_pow.o)
 .debug_pubnames
                0x0000005c       0x26 /cygdrive/C/cygwin/GNUARM/bin/../lib/gcc/arm-elf/4.0.2/../../../../arm-elf/lib/thumb/interwork/libm.a(ef_sqrt.o)
 .debug_pubnames
                0x00000082       0x26 /cygdrive/C/cygwin/GNUARM/bin/../lib/gcc/arm-elf/4.0.2/../../../../arm-elf/lib/thumb/interwork/libm.a(s_lib_ver.o)
 .debug_pubnames
                0x000000a8       0x1e /cygdrive/C/cygwin/GNUARM/bin/../lib/gcc/arm-elf/4.0.2/../../../../arm-elf/lib/thumb/interwork/libm.a(s_matherr.o)
 .debug_pubnames
                0x000000c6       0x1b /cygdrive/C/cygwin/GNUARM/bin/../lib/gcc/arm-elf/4.0.2/../../../../arm-elf/lib/thumb/interwork/libm.a(s_rint.o)
 .debug_pubnames
                0x000000e1       0x1c /cygdrive/C/cygwin/GNUARM/bin/../lib/gcc/arm-elf/4.0.2/../../../../arm-elf/lib/thumb/interwork/libm.a(sf_fabs.o)
 .debug_pubnames
                0x000000fd       0x1e /cygdrive/C/cygwin/GNUARM/bin/../lib/gcc/arm-elf/4.0.2/../../../../arm-elf/lib/thumb/interwork/libm.a(sf_finite.o)
 .debug_pubnames
                0x0000011b       0x1d /cygdrive/C/cygwin/GNUARM/bin/../lib/gcc/arm-elf/4.0.2/../../../../arm-elf/lib/thumb/interwork/libm.a(sf_isnan.o)
 .debug_pubnames
                0x00000138       0x1e /cygdrive/C/cygwin/GNUARM/bin/../lib/gcc/arm-elf/4.0.2/../../../../arm-elf/lib/thumb/interwork/libm.a(sf_scalbn.o)
 .debug_pubnames
                0x00000156       0x20 /cygdrive/C/cygwin/GNUARM/bin/../lib/gcc/arm-elf/4.0.2/../../../../arm-elf/lib/thumb/interwork/libm.a(sf_copysign.o)
 .debug_pubnames
                0x00000176       0x1f /cygdrive/C/cygwin/GNUARM/bin/../lib/gcc/arm-elf/4.0.2/thumb/interwork/libgcc.a(_muldi3.o)
 .debug_pubnames
                0x00000195       0x1f /cygdrive/C/cygwin/GNUARM/bin/../lib/gcc/arm-elf/4.0.2/thumb/interwork/libgcc.a(_divdi3.o)
 .debug_pubnames
                0x000001b4       0x20 /cygdrive/C/cygwin/GNUARM/bin/../lib/gcc/arm-elf/4.0.2/thumb/interwork/libgcc.a(_clz.o)
 .debug_pubnames