Archive member included because of file (symbol)

../../ecrobot/../ecrobot/libecrobot.a(ecrobot_interface.o)
                              build/nxt_interface.o (ecrobot_set_light_sensor_active)
../../ecrobot/../ecrobot/libecrobot.a(colorsensor.o)
                              ../../ecrobot/../ecrobot/libecrobot.a(ecrobot_interface.o) (colorsensor_init)
../../ecrobot/../ecrobot/libecrobot.a(osek_hook.o)
                              build/kernel/osctl.o (StartupHook)
../../ecrobot/../ecrobot/libecrobot.a(uart.oram)
                              build/config/at91sam7s-gnu/irq.oram (uart_isr_C_0)
../../ecrobot/../ecrobot/libecrobot.a(systick.oram)
                              build/syslib/at91sam7s-gnu/lego_nxt/hw_sys_timer.oram (systick_low_priority_C)
../../ecrobot/../ecrobot/libecrobot.a(byte_fifo.oram)
                              ../../ecrobot/../ecrobot/libecrobot.a(uart.oram) (byte_fifo_put)
../../ecrobot/../ecrobot/libecrobot.a(aic.oram)
                              ../../ecrobot/../ecrobot/libecrobot.a(uart.oram) (aic_set_vector)
../../ecrobot/../ecrobot/libecrobot.a(udp.oram)
                              build/config/at91sam7s-gnu/irq.oram (udp_isr_C)
../../ecrobot/../ecrobot/libecrobot.a(twi.oram)
                              build/config/at91sam7s-gnu/irq.oram (twi_isr_C)
../../ecrobot/../ecrobot/libecrobot.a(nxt_spi.oram)
                              build/config/at91sam7s-gnu/irq.oram (spi_isr_C)
../../ecrobot/../ecrobot/libecrobot.a(nxt_motors.oram)
                              build/nxt_interface.o (nxt_motor_get_count)
../../ecrobot/../ecrobot/libecrobot.a(data_abort.oram)
                              build/ecrobot_init.o (data_abort_C)
../../ecrobot/../ecrobot/libecrobot.a(display.oram)
                              build/ecrobot_base.o (display_update)
../../ecrobot/../ecrobot/libecrobot.a(i2c.oram)
                              build/config/at91sam7s-gnu/irq.oram (i2c_timer_isr_C)
../../ecrobot/../ecrobot/libecrobot.a(sound.oram)
                              ../../ecrobot/../ecrobot/libecrobot.a(ecrobot_interface.o) (sound_get_time)
../../ecrobot/../ecrobot/libecrobot.a(bt.oram)
                              build/ecrobot_bluetooth.o (bt_send)
../../ecrobot/../ecrobot/libecrobot.a(nxt_avr.oram)
                              build/ecrobot_base.o (nxt_avr_power_down)
../../ecrobot/../ecrobot/libecrobot.a(sensors.oram)
                              ../../ecrobot/../ecrobot/libecrobot.a(ecrobot_interface.o) (unset_digi0)
../../ecrobot/../ecrobot/libecrobot.a(sensors1.oram)
                              ../../ecrobot/../ecrobot/libecrobot.a(colorsensor.o) (sensor_pins)
../../ecrobot/../ecrobot/libecrobot.a(nxt_lcd.oram)
                              ../../ecrobot/../ecrobot/libecrobot.a(display.oram) (nxt_lcd_force_update)
../../ecrobot/../ecrobot/libecrobot.a(flash_loader.oram)
                              build/ecrobot_base.o (set_flash_request)
../../ecrobot/../ecrobot/libecrobot.a(interrupts.oram)
                              ../../ecrobot/../ecrobot/libecrobot.a(uart.oram) (interrupts_get_and_disable)
../../ecrobot/../ecrobot/libecrobot.a(nxtosek_splash.obmp)
                              build/ecrobot_base.o (nxtosek_splash_bmp_start)
../../ecrobot/../ecrobot/libecrobot.a(ecrobot_usb.o)
                              ../../ecrobot/../ecrobot/libecrobot.a(flash_loader.oram) (ecrobot_init_usb)
../../ecrobot/../ecrobot/libecrobot.a(flashprog.oram)
                              ../../ecrobot/../ecrobot/libecrobot.a(flash_loader.oram) (flash_write_page)
/cygdrive/C/cygwin/GNUARM/bin/../lib/gcc/arm-elf/4.0.2/../../../../arm-elf/lib/thumb/interwork/libm.a(s_fabs.o)
                              build/controller.o (fabs)
/cygdrive/C/cygwin/GNUARM/bin/../lib/gcc/arm-elf/4.0.2/../../../../arm-elf/lib/thumb/interwork/libm.a(s_sin.o)
                              build/aeb.o (sin)
/cygdrive/C/cygwin/GNUARM/bin/../lib/gcc/arm-elf/4.0.2/../../../../arm-elf/lib/thumb/interwork/libm.a(w_acos.o)
                              build/aeb.o (acos)
/cygdrive/C/cygwin/GNUARM/bin/../lib/gcc/arm-elf/4.0.2/../../../../arm-elf/lib/thumb/interwork/libm.a(w_pow.o)
                              build/aeb.o (pow)
/cygdrive/C/cygwin/GNUARM/bin/../lib/gcc/arm-elf/4.0.2/../../../../arm-elf/lib/thumb/interwork/libm.a(w_sqrt.o)
                              build/aeb.o (sqrt)
/cygdrive/C/cygwin/GNUARM/bin/../lib/gcc/arm-elf/4.0.2/../../../../arm-elf/lib/thumb/interwork/libm.a(e_acos.o)
                              /cygdrive/C/cygwin/GNUARM/bin/../lib/gcc/arm-elf/4.0.2/../../../../arm-elf/lib/thumb/interwork/libm.a(w_acos.o) (__ieee754_acos)
/cygdrive/C/cygwin/GNUARM/bin/../lib/gcc/arm-elf/4.0.2/../../../../arm-elf/lib/thumb/interwork/libm.a(e_pow.o)
                              /cygdrive/C/cygwin/GNUARM/bin/../lib/gcc/arm-elf/4.0.2/../../../../arm-elf/lib/thumb/interwork/libm.a(w_pow.o) (__ieee754_pow)
[...]
Memory Configuration

Name             Origin             Length             Attributes
vector_ram       0x00200000         0x00000040
ram              0x00200040         0x0000ffc0
*default*        0x00000000         0xffffffff

Linker script and memory map

LOAD build/kernel/alarm.o
LOAD build/kernel/event.o
LOAD build/kernel/interrupt.o
LOAD build/kernel/osctl.o
LOAD build/kernel/resource.o
LOAD build/kernel/task.o
LOAD build/kernel/task_manage.o
LOAD build/config/at91sam7s-gnu/cpu_config.o
LOAD build/config/at91sam7s-gnu/lego_nxt/sys_config.o
LOAD build/./kernel_cfg.o
LOAD build/syscalls.o
LOAD build/ecrobot_bluetooth.o
LOAD build/ecrobot_base.o
LOAD build/ecrobot.o
LOAD build/main.o
LOAD build/nxt_interface.o
LOAD build/controller.o
LOAD build/abs.o
LOAD build/aeb.o
LOAD build/speedometer.o
LOAD build/datalog.o
LOAD build/laneControl.o
LOAD build/eaeb.o
LOAD build/syslib/at91sam7s-gnu/lego_nxt/hw_sys_timer.oram
LOAD build/nxtvm/platform/nxt/vectors.o
LOAD build/config/at91sam7s-gnu/debug.o
LOAD build/config/at91sam7s-gnu/lego_nxt/sys_support.o
LOAD build/nxt_binary_header.o
LOAD build/nxt_entry_point.o
LOAD build/ecrobot_init.o
LOAD build/config/at91sam7s-gnu/cpu_support.oram
LOAD build/config/at91sam7s-gnu/irq.oram
LOAD ../../ecrobot/../c++/liblejososek.a
LOAD ../../ecrobot/../ecrobot/libecrobot.a
LOAD /cygdrive/C/cygwin/GNUARM/bin/../lib/gcc/arm-elf/4.0.2/../../../../arm-elf/lib/thumb/interwork/libstdc++.a
LOAD /cygdrive/C/cygwin/GNUARM/bin/../lib/gcc/arm-elf/4.0.2/../../../../arm-elf/lib/thumb/interwork/libm.a
LOAD /cygdrive/C/cygwin/GNUARM/bin/../lib/gcc/arm-elf/4.0.2/thumb/interwork/libgcc.a
LOAD /cygdrive/C/cygwin/GNUARM/bin/../lib/gcc/arm-elf/4.0.2/../../../../arm-elf/lib/thumb/interwork/libc.a
LOAD /cygdrive/C/cygwin/GNUARM/bin/../lib/gcc/arm-elf/4.0.2/thumb/interwork/libgcc.a
                0x00200000                RAM_BASE = 0x200000
                0x00010000                RAM_SIZE = 0x10000

.samba_reserved
                0x00200040     0x1fc0
                0x00202000                . = 0x1fc0
 *fill*         0x00200040     0x1fc0 00
                0x00200040                __samba_ram_start__ = ADDR (.samba_reserved)
                0x00202000                __samba_ram_end__ = (__samba_ram_start__ + SIZEOF (.samba_reserved))

.vectors        0x00200000       0x40 load address 0x00202000
 vectors.o(*.text *.text.*)
 .text          0x00200000       0x38 build/nxtvm/platform/nxt/vectors.o
                0x00200040                . = ALIGN (0x10)
 *fill*         0x00200038        0x8 00
                0x00200000                __vectors_ram_start__ = ADDR (.vectors)
                0x00200040                __vectors_ram_end__ = (ADDR (.vectors) + SIZEOF (.vectors))
                0x00202000                __vectors_load_start__ = LOADADDR (.vectors)
                0x00202040                __vectors_load_end__ = (LOADADDR (.vectors) + SIZEOF (.vectors))

.init           0x00202040      0x280
 *ecrobot_init.o(*.text *.text.*)
 .text          0x00202040      0x280 build/ecrobot_init.o
                0x002021ac                undef_handler
                0x002021b4                prefetch_abort_handler
                0x002021b8                data_abort_handler
                0x002021b0                swi_handler
                0x00202040                start
                0x002021d4                reserved_handler
                0x002022c0                . = ALIGN (0x10)

.ram_text       0x002022c0     0x34a0
                0x002022c0                . = ALIGN (0x10)
 *.oram(*.text *.text.* *.glue*)
 .text.systick_isr_C1
                0x002022c0       0x28 build/syslib/at91sam7s-gnu/lego_nxt/hw_sys_timer.oram
                0x002022c0                systick_isr_C1
 *fill*         0x002022e8        0x8 00
 .text          0x002022f0      0x230 build/config/at91sam7s-gnu/cpu_support.oram
                0x002024d0                enable_int
                0x00202370                start_dispatch
                0x00202330                activate_r
                0x002024c8                disable_int
                0x002022f0                dispatch
                0x0020249c                int_return
                0x0020242c                _interrupt
                0x00202360                exit_and_dispatch
                0x002024d8                nop
 .text          0x00202520      0x2c0 build/config/at91sam7s-gnu/irq.oram
                0x00202520                default_isr
                0x002026ac                uart_isr_entry_0
                0x0020262c                twi_isr_entry
                0x002026ec                uart_isr_entry_1
                0x002025ec                spi_isr_entry
                0x0020256c                systick_low_priority_entry
                0x0020272c                nxt_motor_isr_entry
                0x0020276c                i2c_timer_isr_entry
                0x00202520                default_fiq
                0x00202524                systick_isr_entry
                0x00202520                spurious_isr
                0x0020266c                sound_isr_entry
                0x002025ac                udp_isr_entry
 .text.uart_process_isr
                0x002027e0       0x88 ../../ecrobot/../ecrobot/libecrobot.a(uart.oram)
 .text.uart_isr_C_0
                0x00202868        0xc ../../ecrobot/../ecrobot/libecrobot.a(uart.oram)
                0x00202868                uart_isr_C_0
 .text.uart_isr_C_1
                0x00202874        0xc ../../ecrobot/../ecrobot/libecrobot.a(uart.oram)
                0x00202874                uart_isr_C_1
 .text.systick_low_priority_C
                0x00202880       0x1c ../../ecrobot/../ecrobot/libecrobot.a(systick.oram)
                0x00202880                systick_low_priority_C
 .text.systick_isr_C
                0x0020289c       0x24 ../../ecrobot/../ecrobot/libecrobot.a(systick.oram)
                0x0020289c                systick_isr_C
 .text.systick_get_ms
                0x002028c0        0xc ../../ecrobot/../ecrobot/libecrobot.a(systick.oram)
                0x002028c0                systick_get_ms
 .text.systick_wait_ms
                0x002028cc       0x1c ../../ecrobot/../ecrobot/libecrobot.a(systick.oram)
                0x002028cc                systick_wait_ms
 .text.systick_wait_ns
                0x002028e8       0x1c ../../ecrobot/../ecrobot/libecrobot.a(systick.oram)
                0x002028e8                systick_wait_ns
 .text.systick_init
                0x00202904       0x58 ../../ecrobot/../ecrobot/libecrobot.a(systick.oram)
                0x00202904                systick_init
 .text.systick_suspend
                0x0020295c        0xc ../../ecrobot/../ecrobot/libecrobot.a(systick.oram)
                0x0020295c                systick_suspend
 .text.systick_resume
                0x00202968        0xc ../../ecrobot/../ecrobot/libecrobot.a(systick.oram)
                0x00202968                systick_resume
 .text.byte_fifo_put
                0x00202974       0x58 ../../ecrobot/../ecrobot/libecrobot.a(byte_fifo.oram)
                0x00202974                byte_fifo_put
 .text.byte_fifo_get
                0x002029cc       0x2c ../../ecrobot/../ecrobot/libecrobot.a(byte_fifo.oram)
                0x002029cc                byte_fifo_get
 .text.aic_initialise
                0x002029f8       0x5c ../../ecrobot/../ecrobot/libecrobot.a(aic.oram)
                0x002029f8                aic_initialise
 .text.aic_set_vector
                0x00202a54       0x30 ../../ecrobot/../ecrobot/libecrobot.a(aic.oram)
                0x00202a54                aic_set_vector
 .text.aic_mask_on
                0x00202a84       0x24 ../../ecrobot/../ecrobot/libecrobot.a(aic.oram)
                0x00202a84                aic_mask_on
 .text.aic_mask_off
                0x00202aa8       0x24 ../../ecrobot/../ecrobot/libecrobot.a(aic.oram)
                0x00202aa8                aic_mask_off
 .text.aic_clear
                0x00202acc       0x24 ../../ecrobot/../ecrobot/libecrobot.a(aic.oram)
                0x00202acc                aic_clear
 .text.reset    0x00202af0       0x4c ../../ecrobot/../ecrobot/libecrobot.a(udp.oram)
 .text.udp_send_null
                0x00202b3c       0x2c ../../ecrobot/../ecrobot/libecrobot.a(udp.oram)
 .text.udp_send_stall
                0x00202b68       0x2c ../../ecrobot/../ecrobot/libecrobot.a(udp.oram)
 .text.udp_send_control
                0x00202b94       0x60 ../../ecrobot/../ecrobot/libecrobot.a(udp.oram)
 .text.udp_isr_C
                0x00202bf4      0x7d0 ../../ecrobot/../ecrobot/libecrobot.a(udp.oram)
                0x00202bf4                udp_isr_C
 .text.twi_status
                0x002033c4       0x20 ../../ecrobot/../ecrobot/libecrobot.a(twi.oram)
                0x002033c4                twi_status
 .text.twi_isr_C
                0x002033e4       0xc4 ../../ecrobot/../ecrobot/libecrobot.a(twi.oram)
                0x002033e4                twi_isr_C
 .text.twi_reset
                0x002034a8       0xb4 ../../ecrobot/../ecrobot/libecrobot.a(twi.oram)
                0x002034a8                twi_reset
 .text.twi_init
                0x0020355c       0x4c ../../ecrobot/../ecrobot/libecrobot.a(twi.oram)
                0x0020355c                twi_init
 .text.twi_start_read
                0x002035a8       0x60 ../../ecrobot/../ecrobot/libecrobot.a(twi.oram)
                0x002035a8                twi_start_read
 .text.twi_start_write
                0x00203608       0x64 ../../ecrobot/../ecrobot/libecrobot.a(twi.oram)
                0x00203608                twi_start_write
 .text.spi_set_mode
                0x0020366c       0x40 ../../ecrobot/../ecrobot/libecrobot.a(nxt_spi.oram)
 .text.spi_isr_C
                0x002036ac       0x8c ../../ecrobot/../ecrobot/libecrobot.a(nxt_spi.oram)
                0x002036ac                spi_isr_C
 .text.nxt_spi_init
                0x00203738      0x12c ../../ecrobot/../ecrobot/libecrobot.a(nxt_spi.oram)
                0x00203738                nxt_spi_init
 .text.nxt_spi_write
                0x00203864       0x44 ../../ecrobot/../ecrobot/libecrobot.a(nxt_spi.oram)
                0x00203864                nxt_spi_write
 .text.nxt_spi_set_display
                0x002038a8       0x10 ../../ecrobot/../ecrobot/libecrobot.a(nxt_spi.oram)
                0x002038a8                nxt_spi_set_display
 .text.nxt_spi_refresh
                0x002038b8       0x24 ../../ecrobot/../ecrobot/libecrobot.a(nxt_spi.oram)
                0x002038b8                nxt_spi_refresh
 .text.nxt_motor_get_count
                0x002038dc       0x14 ../../ecrobot/../ecrobot/libecrobot.a(nxt_motors.oram)
                0x002038dc                nxt_motor_get_count
 .text.nxt_motor_set_count
                0x002038f0       0x10 ../../ecrobot/../ecrobot/libecrobot.a(nxt_motors.oram)
                0x002038f0                nxt_motor_set_count
 .text.nxt_motor_set_speed
                0x00203900       0x34 ../../ecrobot/../ecrobot/libecrobot.a(nxt_motors.oram)
                0x00203900                nxt_motor_set_speed
 .text.nxt_motor_1kHz_process
                0x00203934       0x28 ../../ecrobot/../ecrobot/libecrobot.a(nxt_motors.oram)
                0x00203934                nxt_motor_1kHz_process
 .text.nxt_motor_quad_decode
                0x0020395c       0x30 ../../ecrobot/../ecrobot/libecrobot.a(nxt_motors.oram)
                0x0020395c                nxt_motor_quad_decode
 .text.nxt_motor_isr_C
                0x0020398c       0x88 ../../ecrobot/../ecrobot/libecrobot.a(nxt_motors.oram)
                0x0020398c                nxt_motor_isr_C
 .text.nxt_motor_init
                0x00203a14       0x68 ../../ecrobot/../ecrobot/libecrobot.a(nxt_motors.oram)
                0x00203a14                nxt_motor_init
 .text.data_abort_C
                0x00203a7c       0x7c ../../ecrobot/../ecrobot/libecrobot.a(data_abort.oram)
                0x00203a7c                data_abort_C
 .text.display_update
                0x00203af8       0x14 ../../ecrobot/../ecrobot/libecrobot.a(display.oram)
                0x00203af8                display_update
 .text.display_force_update
                0x00203b0c        0xc ../../ecrobot/../ecrobot/libecrobot.a(display.oram)
                0x00203b0c                display_force_update
 .text.display_clear
                0x00203b18       0x24 ../../ecrobot/../ecrobot/libecrobot.a(display.oram)
                0x00203b18                display_clear
 .text.display_goto_xy
                0x00203b3c       0x14 ../../ecrobot/../ecrobot/libecrobot.a(display.oram)
                0x00203b3c                display_goto_xy
 .text.display_char
                0x00203b50       0x60 ../../ecrobot/../ecrobot/libecrobot.a(display.oram)
                0x00203b50                display_char
 .text.display_string
                0x00203bb0       0x3c ../../ecrobot/../ecrobot/libecrobot.a(display.oram)
                0x00203bb0                display_string
 .text.display_hex
                0x00203bec       0x50 ../../ecrobot/../ecrobot/libecrobot.a(display.oram)
                0x00203bec                display_hex
 .text.display_unsigned_worker
                0x00203c3c       0x70 ../../ecrobot/../ecrobot/libecrobot.a(display.oram)
 .text.display_unsigned
                0x00203cac        0xc ../../ecrobot/../ecrobot/libecrobot.a(display.oram)
                0x00203cac                display_unsigned
 .text.display_bitmap_copy
                0x00203cb8       0x5c ../../ecrobot/../ecrobot/libecrobot.a(display.oram)
                0x00203cb8                display_bitmap_copy
 .text.display_init
                0x00203d14       0x50 ../../ecrobot/../ecrobot/libecrobot.a(display.oram)
                0x00203d14                display_init
 .text.i2c_timer_isr_C
                0x00203d64      0x314 ../../ecrobot/../ecrobot/libecrobot.a(i2c.oram)
                0x00203d64                i2c_timer_isr_C
 .text.i2c_disable
                0x00204078       0x20 ../../ecrobot/../ecrobot/libecrobot.a(i2c.oram)
                0x00204078                i2c_disable
 .text.i2c_enable
                0x00204098       0x40 ../../ecrobot/../ecrobot/libecrobot.a(i2c.oram)
                0x00204098                i2c_enable
 .text.i2c_init
                0x002040d8       0xa4 ../../ecrobot/../ecrobot/libecrobot.a(i2c.oram)
                0x002040d8                i2c_init
 .text.i2c_busy
                0x0020417c       0x24 ../../ecrobot/../ecrobot/libecrobot.a(i2c.oram)
                0x0020417c                i2c_busy
 .text.i2c_start_transaction
                0x002041a0      0x108 ../../ecrobot/../ecrobot/libecrobot.a(i2c.oram)
                0x002041a0                i2c_start_transaction
 .text.sound_fill_sample_buffer
                0x002042a8       0xe4 ../../ecrobot/../ecrobot/libecrobot.a(sound.oram)
                0x002042a8                sound_fill_sample_buffer
 .text.sound_init
                0x0020438c       0xa0 ../../ecrobot/../ecrobot/libecrobot.a(sound.oram)
                0x0020438c                sound_init
 .text.sound_isr_C
                0x0020442c      0x180 ../../ecrobot/../ecrobot/libecrobot.a(sound.oram)
                0x0020442c                sound_isr_C
 .text.bt_init  0x002045ac      0x1c0 ../../ecrobot/../ecrobot/libecrobot.a(bt.oram)
                0x002045ac                bt_init
 .text.bt_send  0x0020476c       0x5c ../../ecrobot/../ecrobot/libecrobot.a(bt.oram)
                0x0020476c                bt_send
 .text.bt_write
                0x002047c8       0x70 ../../ecrobot/../ecrobot/libecrobot.a(bt.oram)
                0x002047c8                bt_write
 .text.bt_pending
                0x00204838       0x50 ../../ecrobot/../ecrobot/libecrobot.a(bt.oram)
                0x00204838                bt_pending
 .text.bt_clear_arm7_cmd
                0x00204888       0x10 ../../ecrobot/../ecrobot/libecrobot.a(bt.oram)
                0x00204888                bt_clear_arm7_cmd
 .text.bt_set_arm7_cmd
                0x00204898       0x10 ../../ecrobot/../ecrobot/libecrobot.a(bt.oram)
                0x00204898                bt_set_arm7_cmd
 .text.bt_receive
                0x002048a8      0x160 ../../ecrobot/../ecrobot/libecrobot.a(bt.oram)
                0x002048a8                bt_receive
 .text.bt_reset
                0x00204a08       0x84 ../../ecrobot/../ecrobot/libecrobot.a(bt.oram)
                0x00204a08                bt_reset
 .text.nxt_avr_power_down
                0x00204a8c       0x10 ../../ecrobot/../ecrobot/libecrobot.a(nxt_avr.oram)
                0x00204a8c                nxt_avr_power_down
 .text.nxt_avr_link_init
                0x00204a9c       0x20 ../../ecrobot/../ecrobot/libecrobot.a(nxt_avr.oram)
                0x00204a9c                nxt_avr_link_init
 .text.nxt_avr_init
                0x00204abc       0x6c ../../ecrobot/../ecrobot/libecrobot.a(nxt_avr.oram)
                0x00204abc                nxt_avr_init
 .text.nxt_avr_1kHz_update
                0x00204b28      0x1cc ../../ecrobot/../ecrobot/libecrobot.a(nxt_avr.oram)
                0x00204b28                nxt_avr_1kHz_update
 .text.buttons_get
                0x00204cf4        0xc ../../ecrobot/../ecrobot/libecrobot.a(nxt_avr.oram)
                0x00204cf4                buttons_get
 .text.battery_voltage
                0x00204d00       0x28 ../../ecrobot/../ecrobot/libecrobot.a(nxt_avr.oram)
                0x00204d00                battery_voltage
 .text.sensor_adc
                0x00204d28       0x20 ../../ecrobot/../ecrobot/libecrobot.a(nxt_avr.oram)
                0x00204d28                sensor_adc
 .text.nxt_avr_set_motor
                0x00204d48       0x34 ../../ecrobot/../ecrobot/libecrobot.a(nxt_avr.oram)
                0x00204d48                nxt_avr_set_motor
 .text.nxt_avr_set_input_power
                0x00204d7c       0x3c ../../ecrobot/../ecrobot/libecrobot.a(nxt_avr.oram)
                0x00204d7c                nxt_avr_set_input_power
 .text.unset_digi0
                0x00204db8       0x44 ../../ecrobot/../ecrobot/libecrobot.a(sensors.oram)
                0x00204db8                unset_digi0
 .text.unset_digi1
                0x00204dfc       0x44 ../../ecrobot/../ecrobot/libecrobot.a(sensors.oram)
                0x00204dfc                unset_digi1
 .text.init_sensors
                0x00204e40       0x4c ../../ecrobot/../ecrobot/libecrobot.a(sensors.oram)
                0x00204e40                init_sensors
 .text.set_digi0
                0x00204e8c       0x44 ../../ecrobot/../ecrobot/libecrobot.a(sensors.oram)
                0x00204e8c                set_digi0
 .text.nxt_lcd_command
                0x00204ed0       0x18 ../../ecrobot/../ecrobot/libecrobot.a(nxt_lcd.oram)
                0x00204ed0                nxt_lcd_command
 .text.nxt_lcd_set_col
                0x00204ee8       0x24 ../../ecrobot/../ecrobot/libecrobot.a(nxt_lcd.oram)
                0x00204ee8                nxt_lcd_set_col
 .text.nxt_lcd_set_multiplex_rate
                0x00204f0c       0x18 ../../ecrobot/../ecrobot/libecrobot.a(nxt_lcd.oram)
                0x00204f0c                nxt_lcd_set_multiplex_rate
 .text.nxt_lcd_set_page_address
                0x00204f24       0x18 ../../ecrobot/../ecrobot/libecrobot.a(nxt_lcd.oram)
                0x00204f24                nxt_lcd_set_page_address
 .text.nxt_lcd_set_pot
                0x00204f3c       0x1c ../../ecrobot/../ecrobot/libecrobot.a(nxt_lcd.oram)
                0x00204f3c                nxt_lcd_set_pot
 .text.nxt_lcd_set_ram_address_control
                0x00204f58       0x18 ../../ecrobot/../ecrobot/libecrobot.a(nxt_lcd.oram)
                0x00204f58                nxt_lcd_set_ram_address_control
 .text.nxt_lcd_enable
                0x00204f70       0x14 ../../ecrobot/../ecrobot/libecrobot.a(nxt_lcd.oram)
                0x00204f70                nxt_lcd_enable
 .text.nxt_lcd_set_map_control
                0x00204f84       0x18 ../../ecrobot/../ecrobot/libecrobot.a(nxt_lcd.oram)
                0x00204f84                nxt_lcd_set_map_control
 .text.nxt_lcd_reset
                0x00204f9c        0xc ../../ecrobot/../ecrobot/libecrobot.a(nxt_lcd.oram)
                0x00204f9c                nxt_lcd_reset
 .text.nxt_lcd_set_bias_ratio
                0x00204fa8       0x18 ../../ecrobot/../ecrobot/libecrobot.a(nxt_lcd.oram)
                0x00204fa8                nxt_lcd_set_bias_ratio
 .text.nxt_lcd_force_update
                0x00204fc0       0x30 ../../ecrobot/../ecrobot/libecrobot.a(nxt_lcd.oram)
                0x00204fc0                nxt_lcd_force_update
 .text.nxt_lcd_update
                0x00204ff0        0xc ../../ecrobot/../ecrobot/libecrobot.a(nxt_lcd.oram)
                0x00204ff0                nxt_lcd_update
 .text.nxt_lcd_power_up
                0x00204ffc       0x48 ../../ecrobot/../ecrobot/libecrobot.a(nxt_lcd.oram)
                0x00204ffc                nxt_lcd_power_up
 .text.nxt_lcd_power_down
                0x00205044        0xc ../../ecrobot/../ecrobot/libecrobot.a(nxt_lcd.oram)
                0x00205044                nxt_lcd_power_down
 .text.nxt_lcd_init
                0x00205050       0x18 ../../ecrobot/../ecrobot/libecrobot.a(nxt_lcd.oram)
                0x00205050                nxt_lcd_init
 .text.verify_flash_page
                0x00205068       0x34 ../../ecrobot/../ecrobot/libecrobot.a(flash_loader.oram)
 .text.set_flash_request
                0x0020509c       0x38 ../../ecrobot/../ecrobot/libecrobot.a(flash_loader.oram)
                0x0020509c                set_flash_request
 .text.nxt_device_init
                0x002050d4       0x38 ../../ecrobot/../ecrobot/libecrobot.a(flash_loader.oram)
                0x002050d4                nxt_device_init
 .text          0x0020510c       0x68 ../../ecrobot/../ecrobot/libecrobot.a(interrupts.oram)
                0x00205164                fiq_enable
                0x0020510c                interrupts_get_and_disable
                0x00205140                fiq_get_and_disable
                0x00205130                interrupts_enable
 .text.flash_write_page
                0x00205174       0xc0 ../../ecrobot/../ecrobot/libecrobot.a(flashprog.oram)
                0x00205174                flash_write_page
                0x00205240                . = ALIGN (0x10)
 *fill*         0x00205234        0xc 00
 *.oram(*.rodata *.rodata.*)
 .rodata.ld     0x00205240        0x4 ../../ecrobot/../ecrobot/libecrobot.a(udp.oram)
 .rodata.cfd    0x00205244       0x20 ../../ecrobot/../ecrobot/libecrobot.a(udp.oram)
 .rodata.dd     0x00205264       0x12 ../../ecrobot/../ecrobot/libecrobot.a(udp.oram)
 *fill*         0x00205276        0x2 00
 .rodata.str1.4
                0x00205278       0x22 ../../ecrobot/../ecrobot/libecrobot.a(data_abort.oram)
                                 0x24 (size before relaxing)
 .rodata.font   0x0020529a      0x280 ../../ecrobot/../ecrobot/libecrobot.a(display.oram)
 *fill*         0x0020551a        0x2 00
 .rodata.str1.4
                0x0020551c       0x76 ../../ecrobot/../ecrobot/libecrobot.a(display.oram)
                                 0x78 (size before relaxing)
 *fill*         0x00205592        0x2 00
 .rodata.i2c_pin
                0x00205594       0x20 ../../ecrobot/../ecrobot/libecrobot.a(i2c.oram)
 .rodata.i2c_timer_isr_C
                0x002055b4       0x38 ../../ecrobot/../ecrobot/libecrobot.a(i2c.oram)
 .rodata.silence
                0x002055ec       0x40 ../../ecrobot/../ecrobot/libecrobot.a(sound.oram)
                0x002055ec                silence
 .rodata.sample_pattern
                0x0020562c       0x84 ../../ecrobot/../ecrobot/libecrobot.a(sound.oram)
                0x0020562c                sample_pattern
 .rodata        0x002056b0        0xc ../../ecrobot/../ecrobot/libecrobot.a(sound.oram)
 .rodata.avr_brainwash_string
                0x002056bc       0x30 ../../ecrobot/../ecrobot/libecrobot.a(nxt_avr.oram)
                0x002056bc                avr_brainwash_string
 .rodata.nxt_avr_1kHz_update
                0x002056ec       0x14 ../../ecrobot/../ecrobot/libecrobot.a(nxt_avr.oram)
 .rodata.C.33.1823
                0x00205700       0x10 ../../ecrobot/../ecrobot/libecrobot.a(sensors.oram)
 .rodata.C.37.1857
                0x00205710       0x10 ../../ecrobot/../ecrobot/libecrobot.a(sensors.oram)
 .rodata.C.31.1806
                0x00205720       0x10 ../../ecrobot/../ecrobot/libecrobot.a(sensors.oram)
 .rodata.str1.4
                0x00205730       0x23 ../../ecrobot/../ecrobot/libecrobot.a(flash_loader.oram)
                                 0x24 (size before relaxing)
                0x00205760                . = ALIGN (0x10)
 *fill*         0x00205753        0xd 00
                0x002022c0                __ramtext_ram_start__ = ADDR (.ram_text)
                0x00205760                __ramtext_ram_end__ = (ADDR (.ram_text) + SIZEOF (.ram_text))
                0x002022c0                __ramtext_load_start__ = LOADADDR (.ram_text)
                0x00205760                __ramtext_load_end__ = (__ramtext_load_start__ + SIZEOF (.ram_text))

.wav_data       0x00205760        0x0
 *.owav(*.data *.data.*)
                0x00205760                . = ALIGN (0x10)

.bmp_data       0x00205760      0x440
 *.obmp(*.data *.data.*)
 .data          0x00205760      0x43e ../../ecrobot/../ecrobot/libecrobot.a(nxtosek_splash.obmp)
                0x00205760                nxtosek_splash_bmp_start
                0x00205b9e                nxtosek_splash_bmp_end
                0x00205ba0                . = ALIGN (0x10)
 *fill*         0x00205b9e        0x2 00

.spr_data       0x00205ba0        0x0
 *.ospr(*.data *.data.*)
                0x00205ba0                . = ALIGN (0x10)

.data           0x00205ba0      0x480
 *(*.data *.data.*)
 .data.bt_status
                0x00205ba0        0x1 build/ecrobot_bluetooth.o
 .data.drive    0x00205ba1        0x1 build/main.o
 *fill*         0x00205ba2        0x2 00
 .data.factor   0x00205ba4        0x4 build/controller.o
                0x00205ba4                factor
 .data.rev_pr_sec_right
                0x00205ba8        0x4 build/controller.o
                0x00205ba8                rev_pr_sec_right
 .data.rev_pr_sec_left
                0x00205bac        0x4 build/controller.o
                0x00205bac                rev_pr_sec_left
 .data.distance_state
                0x00205bb0       0x10 ../../ecrobot/../ecrobot/libecrobot.a(ecrobot_interface.o)
 .data.deviceStatus
                0x00205bc0        0x1 ../../ecrobot/../ecrobot/libecrobot.a(ecrobot_interface.o)
 .bss.data.2763
                0x00205bc1        0x4 ../../ecrobot/../ecrobot/libecrobot.a(ecrobot_interface.o)
 .data.named    0x00205bc5       0x22 ../../ecrobot/../ecrobot/libecrobot.a(udp.oram)
 .data.snd      0x00205be7       0x1a ../../ecrobot/../ecrobot/libecrobot.a(udp.oram)
 *fill*         0x00205c01        0x3 00
 .data.configured
                0x00205c04        0x4 ../../ecrobot/../ecrobot/libecrobot.a(udp.oram)
 .data.mode     0x00205c08        0x1 ../../ecrobot/../ecrobot/libecrobot.a(nxt_spi.oram)
                0x00205c08                mode
 *fill*         0x00205c09        0x3 00
 .bss.data      0x00205c0c        0x4 ../../ecrobot/../ecrobot/libecrobot.a(nxt_spi.oram)
                0x00205c0c                data
 .data.display_auto_update
                0x00205c10        0x4 ../../ecrobot/../ecrobot/libecrobot.a(display.oram)
                0x00205c10                display_auto_update
 .data.display_buffer
                0x00205c14        0x4 ../../ecrobot/../ecrobot/libecrobot.a(display.oram)
 .data          0x00205c18      0x404 /cygdrive/C/cygwin/GNUARM/bin/../lib/gcc/arm-elf/4.0.2/../../../../arm-elf/lib/thumb/interwork/libc.a(impure.o)
                0x00206018                _impure_ptr
                0x00206020                . = ALIGN (0x10)
 *fill*         0x0020601c        0x4 00
                0x00205ba0                __data_ram_start__ = ADDR (.data)
                0x00206020                __data_ram_end__ = (ADDR (.data) + SIZEOF (.data))
                0x00205ba0                __data_load_start__ = LOADADDR (.data)
                0x00206020                __data_load_end__ = (__data_load_start__ + SIZEOF (.data))

.text           0x00206020     0x6af0
                0x00206020                . = ALIGN (0x10)
 *(*.text *.text.* *.glue*)
 .text.enqueue_alarm
                0x00206020       0x90 build/kernel/alarm.o
 .text.alarm_initialize
                0x002060b0       0x98 build/kernel/alarm.o
                0x002060b0                alarm_initialize
 .text.SignalCounter
                0x00206148      0x134 build/kernel/alarm.o
                0x00206148                SignalCounter
 .text.StartOS  0x0020627c       0x58 build/kernel/osctl.o
                0x0020627c                StartOS
 .text.ShutdownOS
                0x002062d4       0x4c build/kernel/osctl.o
                0x002062d4                ShutdownOS
 .text.call_pretaskhook
                0x00206320       0x24 build/kernel/osctl.o
                0x00206320                call_pretaskhook
 .text.call_errorhook
                0x00206344       0x78 build/kernel/osctl.o
                0x00206344                call_errorhook
 .text.call_posttaskhook
                0x002063bc       0x24 build/kernel/osctl.o
                0x002063bc                call_posttaskhook
 .text.resource_initialize
                0x002063e0       0x2c build/kernel/resource.o
                0x002063e0                resource_initialize
 .text.ReleaseResource
                0x0020640c       0xf0 build/kernel/resource.o
                0x0020640c                ReleaseResource
 .text.GetResource
                0x002064fc       0xe0 build/kernel/resource.o
                0x002064fc                GetResource
 .text.search_schedtsk
                0x002065dc       0x94 build/kernel/task.o
                0x002065dc                search_schedtsk
 .text.preempt  0x00206670       0x4c build/kernel/task.o
                0x00206670                preempt
 .text.make_runnable
                0x002066bc       0xac build/kernel/task.o
                0x002066bc                make_runnable
 .text.make_active
                0x00206768       0x78 build/kernel/task.o
                0x00206768                make_active
 .text.task_initialize
                0x002067e0       0x90 build/kernel/task.o
                0x002067e0                task_initialize
 .text.ActivateTask
                0x00206870       0x8c build/kernel/task_manage.o
                0x00206870                ActivateTask
 .text.TerminateTask
                0x002068fc       0x74 build/kernel/task_manage.o
                0x002068fc                TerminateTask
 .text.cpu_initialize
                0x00206970        0x4 build/config/at91sam7s-gnu/cpu_config.o
                0x00206970                cpu_initialize
 .text.cpu_terminate
                0x00206974        0x4 build/config/at91sam7s-gnu/cpu_config.o
                0x00206974                cpu_terminate
 .text.sys_initialize
                0x00206978        0x4 build/config/at91sam7s-gnu/lego_nxt/sys_config.o
                0x00206978                sys_initialize
 .text.sys_exit
                0x0020697c        0x4 build/config/at91sam7s-gnu/lego_nxt/sys_config.o
                0x0020697c                sys_exit
 .text._activate_alarm_cyclic_alarm_ControllerTask
                0x00206980        0xc build/./kernel_cfg.o
 .text._activate_alarm_cyclic_alarm_ABSTask
                0x0020698c        0xc build/./kernel_cfg.o
 .text._activate_alarm_cyclic_alarm_DataloggingTask
                0x00206998        0xc build/./kernel_cfg.o
 .text._activate_alarm_cyclic_alarm_AEBTask
                0x002069a4        0xc build/./kernel_cfg.o
 .text._activate_alarm_cyclic_alarm_ReadRawDataTask
                0x002069b0        0xc build/./kernel_cfg.o
 .text._activate_alarm_cyclic_alarm_CalculateVehicleSpeedTask
                0x002069bc        0xc build/./kernel_cfg.o
 .text._activate_alarm_cyclic_alarm_LaneControlTask
                0x002069c8        0xc build/./kernel_cfg.o
 .text.object_initialize
                0x002069d4       0x14 build/./kernel_cfg.o
                0x002069d4                object_initialize
 .text.close_bt_stream
                0x002069e8       0x2c build/ecrobot_bluetooth.o
 .text.ecrobot_send_bt_packet
                0x00206a14       0x54 build/ecrobot_bluetooth.o
                0x00206a14                ecrobot_send_bt_packet
 .text.ecrobot_read_bt_packet
                0x00206a68       0x4c build/ecrobot_bluetooth.o
                0x00206a68                ecrobot_read_bt_packet
 .text.send_bt_command
                0x00206ab4       0x40 build/ecrobot_bluetooth.o
 .text.ecrobot_term_bt_connection
                0x00206af4       0x48 build/ecrobot_bluetooth.o
                0x00206af4                ecrobot_term_bt_connection
 .text.read_bt_command
                0x00206b3c       0x5c build/ecrobot_bluetooth.o
 .text.open_bt_stream
                0x00206b98       0x50 build/ecrobot_bluetooth.o
 .text.ecrobot_get_bt_device_address
                0x00206be8       0x6c build/ecrobot_bluetooth.o
                0x00206be8                ecrobot_get_bt_device_address
 .text.ecrobot_init_bt_slave
                0x00206c54      0x12c build/ecrobot_bluetooth.o
                0x00206c54                ecrobot_init_bt_slave
 .text.ecrobot_init_bt_connection
                0x00206d80       0x10 build/ecrobot_bluetooth.o
                0x00206d80                ecrobot_init_bt_connection
 .text.init_OS_flag
                0x00206d90        0xc build/ecrobot_base.o
                0x00206d90                init_OS_flag
 .text.set_OS_flag
                0x00206d9c        0xc build/ecrobot_base.o
                0x00206d9c                set_OS_flag
 .text.get_OS_flag
                0x00206da8        0xc build/ecrobot_base.o
                0x00206da8                get_OS_flag
 .text.cpp_constructor
                0x00206db4       0x28 build/ecrobot_base.o
                0x00206db4                cpp_constructor
 .text.cpp_destructor
                0x00206ddc       0x28 build/ecrobot_base.o
                0x00206ddc                cpp_destructor
 .text.execution_mode
                0x00206e04       0x24 build/ecrobot_base.o
                0x00206e04                execution_mode
 .text.show_main_screen
                0x00206e28       0x48 build/ecrobot_base.o
                0x00206e28                show_main_screen
 .text.display_status_bar
                0x00206e70       0x5c build/ecrobot_base.o
                0x00206e70                display_status_bar
 .text.restart_NXT
                0x00206ecc       0x2c build/ecrobot_base.o
                0x00206ecc                restart_NXT
 .text.shutdown_NXT
                0x00206ef8       0x2c build/ecrobot_base.o
                0x00206ef8                shutdown_NXT
 .text.check_NXT_buttons
                0x00206f24       0x38 build/ecrobot_base.o
                0x00206f24                check_NXT_buttons
 .text.show_bd_addr
                0x00206f5c       0x44 build/ecrobot_base.o
                0x00206f5c                show_bd_addr
 .text.show_bd_addr_err
                0x00206fa0       0x3c build/ecrobot_base.o
                0x00206fa0                show_bd_addr_err
 .text.add_status_info
                0x00206fdc       0x68 build/ecrobot_base.o
                0x00206fdc                add_status_info
 .text.show_splash_screen
                0x00207044       0x90 build/ecrobot_base.o
                0x00207044                show_splash_screen
 .text.main     0x002070d4      0x10c build/ecrobot.o
                0x002070d4                main
 .text.user_1ms_isr_type2
                0x002071e0       0x1c build/main.o
                0x002071e0                user_1ms_isr_type2
 .text.ecrobot_device_initialize
                0x002071fc       0x24 build/main.o
                0x002071fc                ecrobot_device_initialize
 .text.ecrobot_device_terminate
                0x00207220       0x34 build/main.o
                0x00207220                ecrobot_device_terminate
 .text.TaskMainInitializeTask
                0x00207254       0x40 build/main.o
                0x00207254                TaskMainInitializeTask
 .text.TaskMainControllerTask
                0x00207294       0x60 build/main.o
                0x00207294                TaskMainControllerTask
 .text.TaskMainABSTask
                0x002072f4       0x1c build/main.o
                0x002072f4                TaskMainABSTask
 .text.TaskMainDataLoggingTask
                0x00207310       0x10 build/main.o
                0x00207310                TaskMainDataLoggingTask
 .text.TaskMainAEBTask
                0x00207320       0x40 build/main.o
                0x00207320                TaskMainAEBTask
 .text.TaskMainCalculateVehicleSpeedTask
                0x00207360       0x10 build/main.o
                0x00207360                TaskMainCalculateVehicleSpeedTask
 .text.TaskMainReadRawDataTask
                0x00207370       0x10 build/main.o
                0x00207370                TaskMainReadRawDataTask
 .text.TaskMainLaneControlTask
                0x00207380        0xc build/main.o
                0x00207380                TaskMainLaneControlTask
 .text.motorGetCount
                0x0020738c       0x10 build/nxt_interface.o
                0x0020738c                motorGetCount
 .text.motorSetCount
                0x0020739c       0x10 build/nxt_interface.o
                0x0020739c                motorSetCount
 .text.motorSetSpeed
                0x002073ac       0x10 build/nxt_interface.o
                0x002073ac                motorSetSpeed
 .text.sendBtPacket
                0x002073bc        0xc build/nxt_interface.o
                0x002073bc                sendBtPacket
 .text.readBtPacket
                0x002073c8        0xc build/nxt_interface.o
                0x002073c8                readBtPacket
 .text.getSysTime
                0x002073d4        0xc build/nxt_interface.o
                0x002073d4                getSysTime
 .text.initBtConnection
                0x002073e0        0xc build/nxt_interface.o
                0x002073e0                initBtConnection
 .text.termBtConnection
                0x002073ec        0xc build/nxt_interface.o
                0x002073ec                termBtConnection
 .text.initSonarSensor
                0x002073f8        0xc build/nxt_interface.o
                0x002073f8                initSonarSensor
 .text.getSonarSensor
                0x00207404        0xc build/nxt_interface.o
                0x00207404                getSonarSensor
 .text.termSonarSensor
                0x00207410        0xc build/nxt_interface.o
                0x00207410                termSonarSensor
 .text.getRotationSensor
                0x0020741c       0x10 build/nxt_interface.o
                0x0020741c                getRotationSensor
 .text.termRotationSensor
                0x0020742c        0xc build/nxt_interface.o
                0x0020742c                termRotationSensor
 .text.initRotationSensor
                0x00207438       0x1c build/nxt_interface.o
                0x00207438                initRotationSensor
 .text.initLightSensor
                0x00207454       0x14 build/nxt_interface.o
                0x00207454                initLightSensor
 .text.termLightSensor
                0x00207468       0x14 build/nxt_interface.o
                0x00207468                termLightSensor
 .text.receiveBT
                0x0020747c       0x38 build/controller.o
                0x0020747c                receiveBT
 .text.controlMotors
                0x002074b4      0x140 build/controller.o
                0x002074b4                controlMotors
 .text.controlSteering
                0x002075f4       0x74 build/controller.o
                0x002075f4                controlSteering
 .text.getSteeringAmount
                0x00207668       0x10 build/controller.o
                0x00207668                getSteeringAmount
 .text.getButtonA
                0x00207678        0xc build/controller.o
                0x00207678                getButtonA
 .text.getButtonB
                0x00207684        0xc build/controller.o
                0x00207684                getButtonB
 .text.turnDegrees
                0x00207690       0x54 build/controller.o
                0x00207690                turnDegrees
 .text.initTurnStruct
                0x002076e4       0x10 build/controller.o
                0x002076e4                initTurnStruct
 .text.brake    0x002076f4       0x1c build/abs.o
                0x002076f4                brake
 .text.aebInitialise
                0x00207710       0x34 build/aeb.o
                0x00207710                aebInitialise
 .text.getBrakeDistance
                0x00207744       0x48 build/aeb.o
                0x00207744                getBrakeDistance
 .text.getDistanceTravelled
                0x0020778c       0x84 build/aeb.o
                0x0020778c                getDistanceTravelled
 .text.updateDistanceFromPath
                0x00207810      0x11c build/aeb.o
                0x00207810                updateDistanceFromPath
 .text.getDistanceToImpact
                0x0020792c       0x5c build/aeb.o
                0x0020792c                getDistanceToImpact
 .text.runAEB   0x00207988       0xc4 build/aeb.o
                0x00207988                runAEB
 .text.addDistanceToArray
                0x00207a4c       0x24 build/aeb.o
                0x00207a4c                addDistanceToArray
 .text.speedometerInitialise
                0x00207a70       0x68 build/speedometer.o
                0x00207a70                speedometerInitialise
 .text.convertRawDataToTicks
                0x00207ad8       0x58 build/speedometer.o
                0x00207ad8                convertRawDataToTicks
 .text.addToArrayFront
                0x00207b30       0x30 build/speedometer.o
                0x00207b30                addToArrayFront
 .text.addToArrayBack
                0x00207b60       0x30 build/speedometer.o
                0x00207b60                addToArrayBack
 .text.updateSpeedometerData
                0x00207b90       0xd4 build/speedometer.o
                0x00207b90                updateSpeedometerData
 .text.calculateVelocity
                0x00207c64      0x12c build/speedometer.o
                0x00207c64                calculateVelocity
 .text.createDatalogArray
                0x00207d90       0x88 build/datalog.o
                0x00207d90                createDatalogArray
 .text.sendData
                0x00207e18       0x10 build/datalog.o
                0x00207e18                sendData
 .text.runEAEB  0x00207e28       0xd8 build/eaeb.o
                0x00207e28                runEAEB
 .text.ecrobot_set_light_sensor_active
                0x00207f00       0x10 ../../ecrobot/../ecrobot/libecrobot.a(ecrobot_interface.o)
                0x00207f00                ecrobot_set_light_sensor_active
 .text.ecrobot_set_light_sensor_inactive
                0x00207f10       0x10 ../../ecrobot/../ecrobot/libecrobot.a(ecrobot_interface.o)
                0x00207f10                ecrobot_set_light_sensor_inactive
 .text.ecrobot_init_i2c
                0x00207f20       0x2c ../../ecrobot/../ecrobot/libecrobot.a(ecrobot_interface.o)
                0x00207f20                ecrobot_init_i2c
 .text.ecrobot_init_sonar_sensor
                0x00207f4c       0x10 ../../ecrobot/../ecrobot/libecrobot.a(ecrobot_interface.o)
                0x00207f4c                ecrobot_init_sonar_sensor
 .text.ecrobot_get_sonar_sensor
                0x00207f5c       0x48 ../../ecrobot/../ecrobot/libecrobot.a(ecrobot_interface.o)
                0x00207f5c                ecrobot_get_sonar_sensor
 .text.ecrobot_term_sonar_sensor
                0x00207fa4       0x20 ../../ecrobot/../ecrobot/libecrobot.a(ecrobot_interface.o)
                0x00207fa4                ecrobot_term_sonar_sensor
 .text.ecrobot_set_RCX_power_source
                0x00207fc4       0x20 ../../ecrobot/../ecrobot/libecrobot.a(ecrobot_interface.o)
                0x00207fc4                ecrobot_set_RCX_power_source
 .text.ecrobot_term_RCX_power_source
                0x00207fe4       0x10 ../../ecrobot/../ecrobot/libecrobot.a(ecrobot_interface.o)
                0x00207fe4                ecrobot_term_RCX_power_source
 .text.ecrobot_get_RCX_sensor
                0x00207ff4       0x14 ../../ecrobot/../ecrobot/libecrobot.a(ecrobot_interface.o)
                0x00207ff4                ecrobot_get_RCX_sensor
 .text.ecrobot_get_battery_voltage
                0x00208008        0xc ../../ecrobot/../ecrobot/libecrobot.a(ecrobot_interface.o)
                0x00208008                ecrobot_get_battery_voltage
 .text.ecrobot_get_button_state
                0x00208014        0xc ../../ecrobot/../ecrobot/libecrobot.a(ecrobot_interface.o)
                0x00208014                ecrobot_get_button_state
 .text.ecrobot_init_nxtstate
                0x00208020       0x28 ../../ecrobot/../ecrobot/libecrobot.a(ecrobot_interface.o)
                0x00208020                ecrobot_init_nxtstate
 .text.ecrobot_poll_nxtstate
                0x00208048       0x64 ../../ecrobot/../ecrobot/libecrobot.a(ecrobot_interface.o)
                0x00208048                ecrobot_poll_nxtstate
 .text.ecrobot_setDeviceInitialized
                0x002080ac       0x18 ../../ecrobot/../ecrobot/libecrobot.a(ecrobot_interface.o)
                0x002080ac                ecrobot_setDeviceInitialized
 .text.ecrobot_initDeviceStatus
                0x002080c4        0xc ../../ecrobot/../ecrobot/libecrobot.a(ecrobot_interface.o)
                0x002080c4                ecrobot_initDeviceStatus
 .text.ecrobot_bmp2lcd
                0x002080d0      0x1c8 ../../ecrobot/../ecrobot/libecrobot.a(ecrobot_interface.o)
                0x002080d0                ecrobot_bmp2lcd
 .text.StartupHook
                0x00208298        0x4 ../../ecrobot/../ecrobot/libecrobot.a(osek_hook.o)
                0x00208298                StartupHook
 .text.PreTaskHook
                0x0020829c        0x4 ../../ecrobot/../ecrobot/libecrobot.a(osek_hook.o)
                0x0020829c                PreTaskHook
 .text.PostTaskHook
                0x002082a0        0x4 ../../ecrobot/../ecrobot/libecrobot.a(osek_hook.o)
                0x002082a0                PostTaskHook
 .text.ErrorHook
                0x002082a4        0x4 ../../ecrobot/../ecrobot/libecrobot.a(osek_hook.o)
                0x002082a4                ErrorHook
 .text.ShutdownHook
                0x002082a8        0x4 ../../ecrobot/../ecrobot/libecrobot.a(osek_hook.o)
                0x002082a8                ShutdownHook
 .text          0x002082ac       0x14 /cygdrive/C/cygwin/GNUARM/bin/../lib/gcc/arm-elf/4.0.2/../../../../arm-elf/lib/thumb/interwork/libm.a(s_fabs.o)
                0x002082ac                fabs
 .text          0x002082c0       0xbc /cygdrive/C/cygwin/GNUARM/bin/../lib/gcc/arm-elf/4.0.2/../../../../arm-elf/lib/thumb/interwork/libm.a(s_sin.o)
                0x002082c0                sin
 .text          0x0020837c       0xb8 /cygdrive/C/cygwin/GNUARM/bin/../lib/gcc/arm-elf/4.0.2/../../../../arm-elf/lib/thumb/interwork/libm.a(w_acos.o)
                0x0020837c                acos
 .text          0x00208434      0x30c /cygdrive/C/cygwin/GNUARM/bin/../lib/gcc/arm-elf/4.0.2/../../../../arm-elf/lib/thumb/interwork/libm.a(w_pow.o)
                0x00208434                pow
 .text          0x00208740       0xc4 /cygdrive/C/cygwin/GNUARM/bin/../lib/gcc/arm-elf/4.0.2/../../../../arm-elf/lib/thumb/interwork/libm.a(w_sqrt.o)
                0x00208740                sqrt
 .text          0x00208804      0x4f8 /cygdrive/C/cygwin/GNUARM/bin/../lib/gcc/arm-elf/4.0.2/../../../../arm-elf/lib/thumb/interwork/libm.a(e_acos.o)
                0x00208804                __ieee754_acos
 .text          0x00208cfc      0xbc0 /cygdrive/C/cygwin/GNUARM/bin/../lib/gcc/arm-elf/4.0.2/../../../../arm-elf/lib/thumb/interwork/libm.a(e_pow.o)
                0x00208cfc                __ieee754_pow
 .text          0x002098bc      0x434 /cygdrive/C/cygwin/GNUARM/bin/../lib/gcc/arm-elf/4.0.2/../../../../arm-elf/lib/thumb/interwork/libm.a(e_rem_pio2.o)
                0x002098bc                __ieee754_rem_pio2
 .text          0x00209cf0      0x1e8 /cygdrive/C/cygwin/GNUARM/bin/../lib/gcc/arm-elf/4.0.2/../../../../arm-elf/lib/thumb/interwork/libm.a(e_sqrt.o)
                0x00209cf0                __ieee754_sqrt
 .text          0x00209ed8      0x20c /cygdrive/C/cygwin/GNUARM/bin/../lib/gcc/arm-elf/4.0.2/../../../../arm-elf/lib/thumb/interwork/libm.a(k_cos.o)
                0x00209ed8                __kernel_cos
 .text          0x0020a0e4      0x8d8 /cygdrive/C/cygwin/GNUARM/bin/../lib/gcc/arm-elf/4.0.2/../../../../arm-elf/lib/thumb/interwork/libm.a(k_rem_pio2.o)
                0x0020a0e4                __kernel_rem_pio2
 .text          0x0020a9bc      0x180 /cygdrive/C/cygwin/GNUARM/bin/../lib/gcc/arm-elf/4.0.2/../../../../arm-elf/lib/thumb/interwork/libm.a(k_sin.o)
                0x0020a9bc                __kernel_sin
 .text          0x0020ab3c       0x1c /cygdrive/C/cygwin/GNUARM/bin/../lib/gcc/arm-elf/4.0.2/../../../../arm-elf/lib/thumb/interwork/libm.a(s_finite.o)
                0x0020ab3c                finite
 .text          0x0020ab58      0x16c /cygdrive/C/cygwin/GNUARM/bin/../lib/gcc/arm-elf/4.0.2/../../../../arm-elf/lib/thumb/interwork/libm.a(s_floor.o)
                0x0020ab58                floor
 .text          0x0020acc4       0x1c /cygdrive/C/cygwin/GNUARM/bin/../lib/gcc/arm-elf/4.0.2/../../../../arm-elf/lib/thumb/interwork/libm.a(s_isnan.o)
                0x0020acc4                isnan
 .text          0x0020ace0        0x4 /cygdrive/C/cygwin/GNUARM/bin/../lib/gcc/arm-elf/4.0.2/../../../../arm-elf/lib/thumb/interwork/libm.a(s_matherr.o)
                0x0020ace0                matherr
 .text          0x0020ace4      0x16c /cygdrive/C/cygwin/GNUARM/bin/../lib/gcc/arm-elf/4.0.2/../../../../arm-elf/lib/thumb/interwork/libm.a(s_rint.o)
                0x0020ace4                rint
 .text          0x0020ae50      0x130 /cygdrive/C/cygwin/GNUARM/bin/../lib/gcc/arm-elf/4.0.2/../../../../arm-elf/lib/thumb/interwork/libm.a(s_scalbn.o)
                0x0020ae50                scalbn
 .text          0x0020af80       0x24 /cygdrive/C/cygwin/GNUARM/bin/../lib/gcc/arm-elf/4.0.2/../../../../arm-elf/lib/thumb/interwork/libm.a(s_copysign.o)
                0x0020af80                copysign
 .text          0x0020afa4       0x8c /cygdrive/C/cygwin/GNUARM/bin/../lib/gcc/arm-elf/4.0.2/thumb/interwork/libgcc.a(_udivsi3.o)
                0x0020afa4                __udivsi3
                0x0020b020                __aeabi_uidivmod
 .text          0x0020b030       0xa4 /cygdrive/C/cygwin/GNUARM/bin/../lib/gcc/arm-elf/4.0.2/thumb/interwork/libgcc.a(_divsi3.o)
                0x0020b030                __divsi3
                0x0020b0c4                __aeabi_idivmod
 .text          0x0020b0d4       0xc8 /cygdrive/C/cygwin/GNUARM/bin/../lib/gcc/arm-elf/4.0.2/thumb/interwork/libgcc.a(_umodsi3.o)
                0x0020b0d4                __umodsi3
 .text          0x0020b19c       0xd8 /cygdrive/C/cygwin/GNUARM/bin/../lib/gcc/arm-elf/4.0.2/thumb/interwork/libgcc.a(_modsi3.o)
                0x0020b19c                __modsi3
 .text          0x0020b274        0x4 /cygdrive/C/cygwin/GNUARM/bin/../lib/gcc/arm-elf/4.0.2/thumb/interwork/libgcc.a(_dvmd_tls.o)
                0x0020b274                __aeabi_ldiv0
                0x0020b274                __div0
                0x0020b274                __aeabi_idiv0
 .text          0x0020b278      0x430 /cygdrive/C/cygwin/GNUARM/bin/../lib/gcc/arm-elf/4.0.2/thumb/interwork/libgcc.a(_addsubdf3.o)
                0x0020b63c                __floatdidf
                0x0020b5bc                __floatsidf
                0x0020b594                __aeabi_ui2d
                0x0020b278                __aeabi_drsub
                0x0020b5e8                __extendsfdf2
                0x0020b284                __adddf3
                0x0020b594                __floatunsidf
                0x0020b284                __aeabi_dadd
                0x0020b628                __aeabi_ul2d
                0x0020b280                __aeabi_dsub
                0x0020b628                __floatundidf
                0x0020b5bc                __aeabi_i2d
                0x0020b63c                __aeabi_l2d
                0x0020b5e8                __aeabi_f2d
                0x0020b280                __subdf3
 .text          0x0020b6a8      0x49c /cygdrive/C/cygwin/GNUARM/bin/../lib/gcc/arm-elf/4.0.2/thumb/interwork/libgcc.a(_muldivdf3.o)
                0x0020b938                __aeabi_ddiv
                0x0020b6a8                __aeabi_dmul
                0x0020b938                __divdf3
                0x0020b6a8                __muldf3
 .text          0x0020bb44      0x140 /cygdrive/C/cygwin/GNUARM/bin/../lib/gcc/arm-elf/4.0.2/thumb/interwork/libgcc.a(_cmpdf2.o)
                0x0020bc3c                __aeabi_dcmple
                0x0020bb54                __cmpdf2
                0x0020bb54                __eqdf2
                0x0020bb44                __gtdf2
                0x0020bbf4                __aeabi_cdcmple
                0x0020bbd8                __aeabi_cdrcmple
                0x0020bb4c                __ltdf2
                0x0020bc24                __aeabi_dcmplt
                0x0020bb4c                __ledf2
                0x0020bc6c                __aeabi_dcmpgt
                0x0020bc54                __aeabi_dcmpge
                0x0020bb54                __nedf2
                0x0020bc0c                __aeabi_dcmpeq
                0x0020bbf4                __aeabi_cdcmpeq
                0x0020bb44                __gedf2
 .text          0x0020bc84       0x5c /cygdrive/C/cygwin/GNUARM/bin/../lib/gcc/arm-elf/4.0.2/thumb/interwork/libgcc.a(_fixdfsi.o)
                0x0020bc84                __fixdfsi
                0x0020bc84                __aeabi_d2iz
 .text          0x0020bce0       0xa0 /cygdrive/C/cygwin/GNUARM/bin/../lib/gcc/arm-elf/4.0.2/thumb/interwork/libgcc.a(_truncdfsf2.o)
                0x0020bce0                __aeabi_d2f
                0x0020bce0                __truncdfsf2
 .text          0x0020bd80      0x2ac /cygdrive/C/cygwin/GNUARM/bin/../lib/gcc/arm-elf/4.0.2/thumb/interwork/libgcc.a(_addsubsf3.o)
                0x0020bd8c                __aeabi_fadd
                0x0020bd88                __subsf3
                0x0020bf50                __aeabi_i2f
                0x0020bd88                __aeabi_fsub
                0x0020bf80                __floatdisf
                0x0020bf50                __floatsisf
                0x0020bf70                __floatundisf
                0x0020bf48                __aeabi_ui2f
                0x0020bf80                __aeabi_l2f
                0x0020bf70                __aeabi_ul2f
                0x0020bd80                __aeabi_frsub
                0x0020bf48                __floatunsisf
                0x0020bd8c                __addsf3
 .text          0x0020c02c      0x2f8 /cygdrive/C/cygwin/GNUARM/bin/../lib/gcc/arm-elf/4.0.2/thumb/interwork/libgcc.a(_muldivsf3.o)
                0x0020c1c4                __divsf3
                0x0020c1c4                __aeabi_fdiv
                0x0020c02c                __mulsf3
                0x0020c02c                __aeabi_fmul
 .text          0x0020c324      0x110 /cygdrive/C/cygwin/GNUARM/bin/../lib/gcc/arm-elf/4.0.2/thumb/interwork/libgcc.a(_cmpsf2.o)
                0x0020c41c                __aeabi_fcmpgt
                0x0020c32c                __lesf2
                0x0020c334                __nesf2
                0x0020c404                __aeabi_fcmpge
                0x0020c324                __gtsf2
                0x0020c3ec                __aeabi_fcmple
                0x0020c334                __eqsf2
                0x0020c334                __cmpsf2
                0x0020c32c                __ltsf2
                0x0020c3a4                __aeabi_cfcmple
                0x0020c324                __gesf2
                0x0020c3bc                __aeabi_fcmpeq
                0x0020c394                __aeabi_cfrcmple
                0x0020c3d4                __aeabi_fcmplt
                0x0020c3a4                __aeabi_cfcmpeq
 .text          0x0020c434       0x5c /cygdrive/C/cygwin/GNUARM/bin/../lib/gcc/arm-elf/4.0.2/thumb/interwork/libgcc.a(_fixsfsi.o)
                0x0020c434                __fixsfsi
                0x0020c434                __aeabi_f2iz
 .text          0x0020c490        0xc /cygdrive/C/cygwin/GNUARM/bin/../lib/gcc/arm-elf/4.0.2/../../../../arm-elf/lib/thumb/interwork/libc.a(errno.o)
                0x0020c490                __errno
 .text          0x0020c49c       0x68 /cygdrive/C/cygwin/GNUARM/bin/../lib/gcc/arm-elf/4.0.2/../../../../arm-elf/lib/thumb/interwork/libc.a(memcpy.o)
                0x0020c49c                memcpy
 .text          0x0020c504       0x68 /cygdrive/C/cygwin/GNUARM/bin/../lib/gcc/arm-elf/4.0.2/../../../../arm-elf/lib/thumb/interwork/libc.a(memset.o)
                0x0020c504                memset
 .text          0x0020c56c       0x60 /cygdrive/C/cygwin/GNUARM/bin/../lib/gcc/arm-elf/4.0.2/../../../../arm-elf/lib/thumb/interwork/libc.a(strcpy.o)
                0x0020c56c                strcpy
 .text          0x0020c5cc       0x48 /cygdrive/C/cygwin/GNUARM/bin/../lib/gcc/arm-elf/4.0.2/../../../../arm-elf/lib/thumb/interwork/libc.a(strlen.o)
                0x0020c5cc                strlen
 .glue_7        0x0020c614       0x30 /cygdrive/C/cygwin/GNUARM/bin/../lib/gcc/arm-elf/4.0.2/../../../../arm-elf/lib/thumb/interwork/libc.a(strncpy.o)
                0x0020c62c                __call_posttaskhook_from_arm
                0x0020c615                __ecrobot_debug1_from_arm
                0x0020c621                __ecrobot_debug2_from_arm
                0x0020c638                __call_pretaskhook_from_arm
 .glue_7t       0x0020c644      0x100 /cygdrive/C/cygwin/GNUARM/bin/../lib/gcc/arm-elf/4.0.2/../../../../arm-elf/lib/thumb/interwork/libc.a(strncpy.o)
                0x0020c670                __start_change_to_arm
                0x0020c70c                __interrupts_get_and_disable_from_thumb
                0x0020c6ec                ____lesf2_from_thumb
                0x0020c704                ____gtdf2_from_thumb
                0x0020c664                __exit_and_dispatch_from_thumb
                0x0020c69c                ____divsf3_from_thumb
                0x0020c6e4                ____subdf3_from_thumb
                0x0020c6f8                ____ltdf2_change_to_arm
                0x0020c680                ____fixsfsi_change_to_arm
                0x0020c734                ____ledf2_from_thumb
                0x0020c698                ____addsf3_change_to_arm
                0x0020c6e8                ____subdf3_change_to_arm
                0x0020c67c                ____fixsfsi_from_thumb
                0x0020c68c                ____floatsisf_from_thumb
                0x0020c6a4                ____extendsfdf2_from_thumb
                0x0020c740                ____gedf2_change_to_arm
                0x0020c668                __exit_and_dispatch_change_to_arm
                0x0020c724                ____eqdf2_from_thumb
                0x0020c644                __disable_int_from_thumb
                0x0020c65c                __start_dispatch_from_thumb
                0x0020c674                ____ltsf2_from_thumb
                0x0020c6cc                ____fixdfsi_from_thumb
                0x0020c6d8                ____divdf3_change_to_arm
                0x0020c6f0                ____lesf2_change_to_arm
                0x0020c73c                ____gedf2_from_thumb
                0x0020c66c                __start_from_thumb
                0x0020c6ac                ____truncdfsf2_from_thumb
                0x0020c6c8                ____muldf3_change_to_arm
                0x0020c6a0                ____divsf3_change_to_arm
                0x0020c6d0                ____fixdfsi_change_to_arm
                0x0020c6d4                ____divdf3_from_thumb
                0x0020c64c                __enable_int_from_thumb
                0x0020c654                __dispatch_from_thumb
                0x0020c718                __interrupts_enable_change_to_arm
                0x0020c6b4                ____gtsf2_from_thumb
                0x0020c710                __interrupts_get_and_disable_change_to_arm
                0x0020c658                __dispatch_change_to_arm
                0x0020c688                ____mulsf3_change_to_arm
                0x0020c6e0                ____adddf3_change_to_arm
                0x0020c708                ____gtdf2_change_to_arm
                0x0020c6b0                ____truncdfsf2_change_to_arm
                0x0020c6a8                ____extendsfdf2_change_to_arm
                0x0020c6bc                ____floatsidf_from_thumb
                0x0020c6f4                ____ltdf2_from_thumb
                0x0020c690                ____floatsisf_change_to_arm
                0x0020c71d                __display_bios_status_from_thumb
                0x0020c730                ____nedf2_change_to_arm
                0x0020c6fc                ____subsf3_from_thumb
                0x0020c6dc                ____adddf3_from_thumb
                0x0020c6b8                ____gtsf2_change_to_arm
                0x0020c728                ____eqdf2_change_to_arm
                0x0020c648                __disable_int_change_to_arm
                0x0020c678                ____ltsf2_change_to_arm
                0x0020c684                ____mulsf3_from_thumb
                0x0020c694                ____addsf3_from_thumb
                0x0020c6c4                ____muldf3_from_thumb
                0x0020c700                ____subsf3_change_to_arm
                0x0020c72c                ____nedf2_from_thumb
                0x0020c738                ____ledf2_change_to_arm
                0x0020c650                __enable_int_change_to_arm
                0x0020c6c0                ____floatsidf_change_to_arm
                0x0020c714                __interrupts_enable_from_thumb
                0x0020c720                __display_bios_status_change_to_arm
                0x0020c660                __start_dispatch_change_to_arm
                0x0020c750                . = ALIGN (0x10)
 *fill*         0x0020c744        0xc 00
 *(*.rodata *.rodata.*)
 .rodata.search_table.966
                0x0020c750        0xf build/kernel/task.o
 .rodata.isrinib_intpri
                0x0020c75f        0x1 build/./kernel_cfg.o
                0x0020c75f                isrinib_intpri
 .rodata.resinib_ceilpri
                0x0020c760        0x2 build/./kernel_cfg.o
                0x0020c760                resinib_ceilpri
 .rodata.RES_OVERRIDE_BT
                0x0020c762        0x1 build/./kernel_cfg.o
                0x0020c762                RES_OVERRIDE_BT
 .rodata.RES_STEERING_MOTOR
                0x0020c763        0x1 build/./kernel_cfg.o
                0x0020c763                RES_STEERING_MOTOR
 .rodata.alminib_cycle
                0x0020c764       0x1c build/./kernel_cfg.o
                0x0020c764                alminib_cycle
 .rodata.alminib_almval
                0x0020c780       0x1c build/./kernel_cfg.o
                0x0020c780                alminib_almval
 .rodata.alminib_autosta
                0x0020c79c        0x7 build/./kernel_cfg.o
                0x0020c79c                alminib_autosta
 *fill*         0x0020c7a3        0x1 00
 .rodata.alminib_cback
                0x0020c7a4       0x1c build/./kernel_cfg.o
                0x0020c7a4                alminib_cback
 .rodata.alminib_cntid
                0x0020c7c0        0x7 build/./kernel_cfg.o
                0x0020c7c0                alminib_cntid
 *fill*         0x0020c7c7        0x1 00
 .rodata.cntinib_tickbase
                0x0020c7c8        0x4 build/./kernel_cfg.o
                0x0020c7c8                cntinib_tickbase
 .rodata.cntinib_maxval2
                0x0020c7cc        0x4 build/./kernel_cfg.o
                0x0020c7cc                cntinib_maxval2
 .rodata.cntinib_maxval
                0x0020c7d0        0x4 build/./kernel_cfg.o
                0x0020c7d0                cntinib_maxval
 .rodata.SysTimerCnt
                0x0020c7d4        0x1 build/./kernel_cfg.o
                0x0020c7d4                SysTimerCnt
 *fill*         0x0020c7d5        0x1 00
 .rodata.tinib_stksz
                0x0020c7d6       0x10 build/./kernel_cfg.o
                0x0020c7d6                tinib_stksz
 *fill*         0x0020c7e6        0x2 00
 .rodata.tinib_stk
                0x0020c7e8       0x20 build/./kernel_cfg.o
                0x0020c7e8                tinib_stk
 .rodata.tinib_task
                0x0020c808       0x20 build/./kernel_cfg.o
                0x0020c808                tinib_task
 .rodata.tinib_autoact
                0x0020c828        0x8 build/./kernel_cfg.o
                0x0020c828                tinib_autoact
 .rodata.tinib_maxact
                0x0020c830        0x8 build/./kernel_cfg.o
                0x0020c830                tinib_maxact
 .rodata.tinib_exepri
                0x0020c838        0x8 build/./kernel_cfg.o
                0x0020c838                tinib_exepri
 .rodata.tinib_inipri
                0x0020c840        0x8 build/./kernel_cfg.o
                0x0020c840                tinib_inipri
 .rodata.tnum_exttask
                0x0020c848        0x1 build/./kernel_cfg.o
                0x0020c848                tnum_exttask
 .rodata.tnum_task
                0x0020c849        0x1 build/./kernel_cfg.o
                0x0020c849                tnum_task
 .rodata.tnum_resource
                0x0020c84a        0x1 build/./kernel_cfg.o
                0x0020c84a                tnum_resource
 .rodata.tnum_counter
                0x0020c84b        0x1 build/./kernel_cfg.o
                0x0020c84b                tnum_counter
 .rodata.tnum_alarm
                0x0020c84c        0x1 build/./kernel_cfg.o
                0x0020c84c                tnum_alarm
 *fill*         0x0020c84d        0x3 00
 .rodata.str1.4
                0x0020c850        0x7 build/ecrobot_bluetooth.o
                                  0x8 (size before relaxing)
 *fill*         0x0020c857        0x1 00
 .rodata.exec_addr
                0x0020c858        0x4 build/ecrobot_base.o
                0x0020c858                exec_addr
 .rodata.str1.4
                0x0020c85c       0x80 build/ecrobot_base.o
 .rodata.str1.4
                0x0020c8dc        0x5 /cygdrive/C/cygwin/GNUARM/bin/../lib/gcc/arm-elf/4.0.2/../../../../arm-elf/lib/thumb/interwork/libm.a(w_acos.o)
                                  0x8 (size before relaxing)
 *fill*         0x0020c8e1        0x3 00
 .rodata.str1.4
                0x0020c8e4        0x4 /cygdrive/C/cygwin/GNUARM/bin/../lib/gcc/arm-elf/4.0.2/../../../../arm-elf/lib/thumb/interwork/libm.a(w_pow.o)
 .rodata.str1.4
                0x0020c8e8        0x5 /cygdrive/C/cygwin/GNUARM/bin/../lib/gcc/arm-elf/4.0.2/../../../../arm-elf/lib/thumb/interwork/libm.a(w_sqrt.o)
                                  0x8 (size before relaxing)
 *fill*         0x0020c8ed        0x3 00
 .rodata        0x0020c8f0       0x30 /cygdrive/C/cygwin/GNUARM/bin/../lib/gcc/arm-elf/4.0.2/../../../../arm-elf/lib/thumb/interwork/libm.a(e_pow.o)
 .rodata        0x0020c920      0x188 /cygdrive/C/cygwin/GNUARM/bin/../lib/gcc/arm-elf/4.0.2/../../../../arm-elf/lib/thumb/interwork/libm.a(e_rem_pio2.o)
 .rodata        0x0020caa8       0x50 /cygdrive/C/cygwin/GNUARM/bin/../lib/gcc/arm-elf/4.0.2/../../../../arm-elf/lib/thumb/interwork/libm.a(k_rem_pio2.o)
 .rodata        0x0020caf8        0x4 /cygdrive/C/cygwin/GNUARM/bin/../lib/gcc/arm-elf/4.0.2/../../../../arm-elf/lib/thumb/interwork/libm.a(s_lib_ver.o)
                0x0020caf8                __fdlib_version
 .rodata        0x0020cafc       0x10 /cygdrive/C/cygwin/GNUARM/bin/../lib/gcc/arm-elf/4.0.2/../../../../arm-elf/lib/thumb/interwork/libm.a(s_rint.o)
 .rodata.str1.4
                0x0020cb0c        0x2 /cygdrive/C/cygwin/GNUARM/bin/../lib/gcc/arm-elf/4.0.2/../../../../arm-elf/lib/thumb/interwork/libc.a(impure.o)
                                  0x4 (size before relaxing)
                0x0020cb10                . = ALIGN (0x10)
 *fill*         0x0020cb0e        0x2 00
 *(*.gnu.linkonce.* .gcc_except_table)
                0x0020cb10                . = ALIGN (0x10)

.tors           0x0020cb10        0x0
                0x0020cb10                . = ALIGN (0x10)
                0x0020cb10                __ctor_begin = .
 *(*.ctors*)
                0x0020cb10                __ctor_end = .
                0x0020cb10                . = ALIGN (0x10)
                0x0020cb10                __dtor_begin = .
 *(*.dtors*)
                0x0020cb10                __dtor_end = .
                0x0020cb10                . = ALIGN (0x10)

.bss            0x0020cb10     0x2540
 *(*.bss *.bss.*)
 .bss.ready_primap
                0x0020cb10        0x2 build/kernel/task.o
 .bss.ready_queue_last
                0x0020cb12       0x10 build/kernel/task.o
 .bss.ready_queue_first
                0x0020cb22       0x10 build/kernel/task.o
 *fill*         0x0020cb32        0x2 00
 .bss._stack_priority_8
                0x0020cb34      0x200 build/./kernel_cfg.o
 .bss._stack_priority_2
                0x0020cd34      0x200 build/./kernel_cfg.o
 .bss._stack_priority_1
                0x0020cf34      0x200 build/./kernel_cfg.o
 .bss._stack_LaneControlTask
                0x0020d134      0x200 build/./kernel_cfg.o
 .bss._stack_AEBTask
                0x0020d334      0x200 build/./kernel_cfg.o
 .bss._stack_DataLoggingTask
                0x0020d534      0x200 build/./kernel_cfg.o
 .bss._stack_ABSTask
                0x0020d734      0x200 build/./kernel_cfg.o
 .bss._stack_ControllerTask
                0x0020d934      0x200 build/./kernel_cfg.o
 .bss.receiveBuf
                0x0020db34       0x80 build/ecrobot_bluetooth.o
 .bss.sendBuf   0x0020dbb4      0x100 build/ecrobot_bluetooth.o
 .bss.handle    0x0020dcb4        0x1 build/ecrobot_bluetooth.o
 *fill*         0x0020dcb5        0x3 00
 .bss.status_bar_position
                0x0020dcb8        0x4 build/ecrobot_base.o
 .bss.last_act_time.2753
                0x0020dcbc        0x4 build/ecrobot_base.o
 .bss.lcd.2682  0x0020dcc0      0x320 build/ecrobot_base.o
 .bss.OS_flag   0x0020dfe0        0x4 build/ecrobot_base.o
 .bss.status_bar
                0x0020dfe4       0x10 build/ecrobot_base.o
 .bss.brakeVelo
                0x0020dff4        0x4 build/main.o
                0x0020dff4                brakeVelo
 .bss.oldTime   0x0020dff8        0x4 build/controller.o
                0x0020dff8                oldTime
 .bss.btReceiveBuf.1315
                0x0020dffc        0x4 build/controller.o
 .bss.dataArray.1131
                0x0020e000        0xd build/datalog.o
 *fill*         0x0020e00d        0x3 00
 .bss.buttons_i
                0x0020e010        0x4 ../../ecrobot/../ecrobot/libecrobot.a(ecrobot_interface.o)
 .bss.buttons_states
                0x0020e014       0x14 ../../ecrobot/../ecrobot/libecrobot.a(ecrobot_interface.o)
 .bss.ecrobot_inputs
                0x0020e028        0x8 ../../ecrobot/../ecrobot/libecrobot.a(ecrobot_interface.o)
 .bss.systick_ms
                0x0020e030        0x4 ../../ecrobot/../ecrobot/libecrobot.a(systick.oram)
 .bss.delayedEnable
                0x0020e034        0x1 ../../ecrobot/../ecrobot/libecrobot.a(udp.oram)
 *fill*         0x0020e035        0x3 00
 .bss.outCnt    0x0020e038        0x4 ../../ecrobot/../ecrobot/libecrobot.a(udp.oram)
 .bss.outPtr    0x0020e03c        0x4 ../../ecrobot/../ecrobot/libecrobot.a(udp.oram)
 .bss.newAddress
                0x0020e040        0x4 ../../ecrobot/../ecrobot/libecrobot.a(udp.oram)
 .bss.currentRxBank
                0x0020e044        0x4 ../../ecrobot/../ecrobot/libecrobot.a(udp.oram)
 .bss.currentFeatures
                0x0020e048        0x4 ../../ecrobot/../ecrobot/libecrobot.a(udp.oram)
 .bss.currentConfig
                0x0020e04c        0x1 ../../ecrobot/../ecrobot/libecrobot.a(udp.oram)
 *fill*         0x0020e04d        0x3 00
 .bss.twi_mask  0x0020e050        0x4 ../../ecrobot/../ecrobot/libecrobot.a(twi.oram)
 .bss.twi_ptr   0x0020e054        0x4 ../../ecrobot/../ecrobot/libecrobot.a(twi.oram)
 .bss.twi_pending
                0x0020e058        0x4 ../../ecrobot/../ecrobot/libecrobot.a(twi.oram)
 .bss.twi_state
                0x0020e05c        0x4 ../../ecrobot/../ecrobot/libecrobot.a(twi.oram)
 .bss.page      0x0020e060        0x1 ../../ecrobot/../ecrobot/libecrobot.a(nxt_spi.oram)
                0x0020e060                page
 .bss.dirty     0x0020e061        0x1 ../../ecrobot/../ecrobot/libecrobot.a(nxt_spi.oram)
                0x0020e061                dirty
 *fill*         0x0020e062        0x2 00
 .bss.display   0x0020e064        0x4 ../../ecrobot/../ecrobot/libecrobot.a(nxt_spi.oram)
                0x0020e064                display
 .bss.interrupts_this_period
                0x0020e068        0x4 ../../ecrobot/../ecrobot/libecrobot.a(nxt_motors.oram)
 .bss.nxt_motor_initialised
                0x0020e06c        0x4 ../../ecrobot/../ecrobot/libecrobot.a(nxt_motors.oram)
 .bss.motor     0x0020e070       0x30 ../../ecrobot/../ecrobot/libecrobot.a(nxt_motors.oram)
 .bss.display_tick
                0x0020e0a0        0x4 ../../ecrobot/../ecrobot/libecrobot.a(display.oram)
                0x0020e0a0                display_tick
 .bss.display_array
                0x0020e0a4      0x388 ../../ecrobot/../ecrobot/libecrobot.a(display.oram)
 .bss.i2c_int_count
                0x0020e42c        0x4 ../../ecrobot/../ecrobot/libecrobot.a(i2c.oram)
 .bss.i2c_port  0x0020e430      0x170 ../../ecrobot/../ecrobot/libecrobot.a(i2c.oram)
 .bss.sound_mode
                0x0020e5a0        0x1 ../../ecrobot/../ecrobot/libecrobot.a(sound.oram)
                0x0020e5a0                sound_mode
 *fill*         0x0020e5a1        0x3 00
 .bss.in_buf_idx
                0x0020e5a4        0x4 ../../ecrobot/../ecrobot/libecrobot.a(bt.oram)
 .bss.buf_ptr   0x0020e5a8        0x4 ../../ecrobot/../ecrobot/libecrobot.a(bt.oram)
 .bss.out_buf   0x0020e5ac      0x200 ../../ecrobot/../ecrobot/libecrobot.a(bt.oram)
 .bss.out_buf_ptr
                0x0020e7ac        0x1 ../../ecrobot/../ecrobot/libecrobot.a(bt.oram)
 .bss.in_buf_in_ptr
                0x0020e7ad        0x1 ../../ecrobot/../ecrobot/libecrobot.a(bt.oram)
 .bss.in_buf    0x0020e7ae      0x100 ../../ecrobot/../ecrobot/libecrobot.a(bt.oram)
 *fill*         0x0020e8ae        0x2 00
 .bss.link_state
                0x0020e8b0        0x4 ../../ecrobot/../ecrobot/libecrobot.a(nxt_avr.oram)
 .bss.update_count
                0x0020e8b4        0x4 ../../ecrobot/../ecrobot/libecrobot.a(nxt_avr.oram)
 .bss.nxt_avr_stats
                0x0020e8b8       0x14 ../../ecrobot/../ecrobot/libecrobot.a(nxt_avr.oram)
 .bss.debounce_cnt
                0x0020e8cc        0x2 ../../ecrobot/../ecrobot/libecrobot.a(nxt_avr.oram)
 .bss.debounce_state
                0x0020e8ce        0x2 ../../ecrobot/../ecrobot/libecrobot.a(nxt_avr.oram)
 .bss.button_state
                0x0020e8d0        0x2 ../../ecrobot/../ecrobot/libecrobot.a(nxt_avr.oram)
 .bss.prev_buttons
                0x0020e8d2        0x2 ../../ecrobot/../ecrobot/libecrobot.a(nxt_avr.oram)
 .bss.from_buf  0x0020e8d4        0x4 ../../ecrobot/../ecrobot/libecrobot.a(nxt_avr.oram)
 .bss.io_from_avr
                0x0020e8d8        0x4 ../../ecrobot/../ecrobot/libecrobot.a(nxt_avr.oram)
 .bss.data_from_avr
                0x0020e8dc       0x1a ../../ecrobot/../ecrobot/libecrobot.a(nxt_avr.oram)
 .bss.data_to_avr
                0x0020e8f6        0x9 ../../ecrobot/../ecrobot/libecrobot.a(nxt_avr.oram)
 .bss.io_to_avr
                0x0020e8ff        0x8 ../../ecrobot/../ecrobot/libecrobot.a(nxt_avr.oram)
 *fill*         0x0020e907        0x1 00
 .bss.display   0x0020e908        0x4 ../../ecrobot/../ecrobot/libecrobot.a(nxt_lcd.oram)
                0x0020e910                . = ALIGN (0x10)
 *fill*         0x0020e90c        0x4 00
                0x0020e910                __bss_end__ = .
 COMMON         0x0020e910        0x2 build/kernel/interrupt.o
                0x0020e910                runisr
                0x0020e911                sus_all_cnt
 *fill*         0x0020e912        0x2 00
 COMMON         0x0020e914       0x10 build/kernel/osctl.o
                0x0020e914                callevel
                0x0020e915                _errorhook_svcid
                0x0020e916                appmode
                0x0020e918                _errorhook_par1
                0x0020e91c                _errorhook_par3
                0x0020e920                _errorhook_par2
 COMMON         0x0020e924        0x3 build/kernel/task.o
                0x0020e924                runtsk
                0x0020e925                schedtsk
                0x0020e926                nextpri
 *fill*         0x0020e927        0x1 00
 COMMON         0x0020e928       0xc4 build/./kernel_cfg.o
                0x0020e928                tcb_waievt
                0x0020e92c                rescb_prevpri
                0x0020e92e                almcb_prev
                0x0020e935                tcb_lastres
                0x0020e940                almcb_almval
                0x0020e95c                tcxb_pc
                0x0020e97c                tcb_next
                0x0020e984                tcb_curpri
                0x0020e98c                tcb_tstat
                0x0020e994                isrcb_lastres
                0x0020e995                cntcb_almque
                0x0020e996                rescb_prevres
                0x0020e998                tcb_actcnt
                0x0020e9a0                tcb_curevt
                0x0020e9a4                almcb_cycle
                0x0020e9c0                tcxb_sp
                0x0020e9e0                almcb_next
                0x0020e9e8                cntcb_curval
 COMMON         0x0020e9ec      0x2f0 build/main.o
                0x0020e9ec                colour
                0x0020e9f4                vehicle
                0x0020ea24                aeb
                0x0020ea54                tickCounter
                0x0020ecb0                appliedSteering
                0x0020ecb4                appliedPower
                0x0020ecb8                rotationSensor
                0x0020ecc0                appliedMode
                0x0020ecc4                btReceiveBuf
                0x0020ecc8                controller
                0x0020ecd4                steer
 COMMON         0x0020ecdc       0x44 ../../ecrobot/../ecrobot/libecrobot.a(uart.oram)
                0x0020ecdc                uart
 COMMON         0x0020ed20        0x4 ../../ecrobot/../ecrobot/libecrobot.a(data_abort.oram)
                0x0020ed20                data_abort_pc
 COMMON         0x0020ed24        0x8 ../../ecrobot/../ecrobot/libecrobot.a(display.oram)
                0x0020ed24                display_x
                0x0020ed28                display_y
 COMMON         0x0020ed2c      0x324 ../../ecrobot/../ecrobot/libecrobot.a(sound.oram)
                0x0020ed2c                sample
                0x0020cb10                __bss_start__ = ADDR (.bss)
                0x0020f050                __bss_end__ = (ADDR (.bss) + SIZEOF (.bss))
                0x0020f050                PROVIDE (end, .)

.heap_area      0x0020f050      0xb28
                0x0020fb78                . = (. + (0x20fb78 - end))
 *fill*         0x0020f050      0xb28 00

.stack          0x0020fb78      0x488
                0x0020fbf8                . = (. + 0x80)
 *fill*         0x0020fb78       0x80 00
                0x0020fc00                . = ALIGN (0x10)
 *fill*         0x0020fbf8        0x8 00
                0x0020fc00                __irq_stack__ = .
                0x0020fc00                __system_stack_bottom__ = .
                0x00210000                . = (. + 0x400)
 *fill*         0x0020fc00      0x400 00
                0x00210000                . = ALIGN (0x10)
                0x00210000                __system_stack__ = .
                0x00210000                __system_stack_top__ = .
                0x0020fb78                __stack_start__ = ADDR (.stack)
                0x00210000                __stack_end__ = (ADDR (.stack) + SIZEOF (.stack))
OUTPUT(mainSW502E13_ram.elf elf32-littlearm)

.comment        0x00000000      0x57c
 .comment       0x00000000       0x12 build/kernel/alarm.o
 .comment       0x00000012       0x12 build/kernel/event.o
 .comment       0x00000024       0x12 build/kernel/interrupt.o
 .comment       0x00000036       0x12 build/kernel/osctl.o
 .comment       0x00000048       0x12 build/kernel/resource.o
 .comment       0x0000005a       0x12 build/kernel/task.o
 .comment       0x0000006c       0x12 build/kernel/task_manage.o
 .comment       0x0000007e       0x12 build/config/at91sam7s-gnu/cpu_config.o
 .comment       0x00000090       0x12 build/config/at91sam7s-gnu/lego_nxt/sys_config.o
 .comment       0x000000a2       0x12 build/./kernel_cfg.o
 .comment       0x000000b4       0x12 build/syscalls.o
 .comment       0x000000c6       0x12 build/ecrobot_bluetooth.o
 .comment       0x000000d8       0x12 build/ecrobot_base.o
 .comment       0x000000ea       0x12 build/ecrobot.o
 .comment       0x000000fc       0x12 build/main.o
 .comment       0x0000010e       0x12 build/nxt_interface.o
 .comment       0x00000120       0x12 build/controller.o
 .comment       0x00000132       0x12 build/abs.o
 .comment       0x00000144       0x12 build/aeb.o
 .comment       0x00000156       0x12 build/speedometer.o
 .comment       0x00000168       0x12 build/datalog.o
 .comment       0x0000017a       0x12 build/laneControl.o
 .comment       0x0000018c       0x12 build/eaeb.o
 .comment       0x0000019e       0x12 build/syslib/at91sam7s-gnu/lego_nxt/hw_sys_timer.oram
 .comment       0x000001b0       0x12 ../../ecrobot/../ecrobot/libecrobot.a(ecrobot_interface.o)
 .comment       0x000001c2       0x12 ../../ecrobot/../ecrobot/libecrobot.a(colorsensor.o)
 .comment       0x000001d4       0x12 ../../ecrobot/../ecrobot/libecrobot.a(osek_hook.o)
 .comment       0x000001e6       0x12 ../../ecrobot/../ecrobot/libecrobot.a(uart.oram)
 .comment       0x000001f8       0x12 ../../ecrobot/../ecrobot/libecrobot.a(systick.oram)
 .comment       0x0000020a       0x12 ../../ecrobot/../ecrobot/libecrobot.a(byte_fifo.oram)
 .comment       0x0000021c       0x12 ../../ecrobot/../ecrobot/libecrobot.a(aic.oram)
 .comment       0x0000022e       0x12 ../../ecrobot/../ecrobot/libecrobot.a(udp.oram)
 .comment       0x00000240       0x12 ../../ecrobot/../ecrobot/libecrobot.a(twi.oram)
 .comment       0x00000252       0x12 ../../ecrobot/../ecrobot/libecrobot.a(nxt_spi.oram)
 .comment       0x00000264       0x12 ../../ecrobot/../ecrobot/libecrobot.a(nxt_motors.oram)
 .comment       0x00000276       0x12 ../../ecrobot/../ecrobot/libecrobot.a(data_abort.oram)
 .comment       0x00000288       0x12 ../../ecrobot/../ecrobot/libecrobot.a(display.oram)
 .comment       0x0000029a       0x12 ../../ecrobot/../ecrobot/libecrobot.a(i2c.oram)
 .comment       0x000002ac       0x12 ../../ecrobot/../ecrobot/libecrobot.a(sound.oram)
 .comment       0x000002be       0x12 ../../ecrobot/../ecrobot/libecrobot.a(bt.oram)
 .comment       0x000002d0       0x12 ../../ecrobot/../ecrobot/libecrobot.a(nxt_avr.oram)
 .comment       0x000002e2       0x12 ../../ecrobot/../ecrobot/libecrobot.a(sensors.oram)
 .comment       0x000002f4       0x12 ../../ecrobot/../ecrobot/libecrobot.a(sensors1.oram)
 .comment       0x00000306       0x12 ../../ecrobot/../ecrobot/libecrobot.a(nxt_lcd.oram)
 .comment       0x00000318       0x12 ../../ecrobot/../ecrobot/libecrobot.a(flash_loader.oram)
 .comment       0x0000032a       0x12 ../../ecrobot/../ecrobot/libecrobot.a(ecrobot_usb.o)
 .comment       0x0000033c       0x12 ../../ecrobot/../ecrobot/libecrobot.a(flashprog.oram)
 .comment       0x0000034e       0x12 /cygdrive/C/cygwin/GNUARM/bin/../lib/gcc/arm-elf/4.0.2/../../../../arm-elf/lib/thumb/interwork/libm.a(s_fabs.o)
 .comment       0x00000360       0x12 /cygdrive/C/cygwin/GNUARM/bin/../lib/gcc/arm-elf/4.0.2/../../../../arm-elf/lib/thumb/interwork/libm.a(s_sin.o)
 .comment       0x00000372       0x12 /cygdrive/C/cygwin/GNUARM/bin/../lib/gcc/arm-elf/4.0.2/../../../../arm-elf/lib/thumb/interwork/libm.a(w_acos.o)
 .comment       0x00000384       0x12 /cygdrive/C/cygwin/GNUARM/bin/../lib/gcc/arm-elf/4.0.2/../../../../arm-elf/lib/thumb/interwork/libm.a(w_pow.o)
 .comment       0x00000396       0x12 /cygdrive/C/cygwin/GNUARM/bin/../lib/gcc/arm-elf/4.0.2/../../../../arm-elf/lib/thumb/interwork/libm.a(w_sqrt.o)
 .comment       0x000003a8       0x12 /cygdrive/C/cygwin/GNUARM/bin/../lib/gcc/arm-elf/4.0.2/../../../../arm-elf/lib/thumb/interwork/libm.a(e_acos.o)
 .comment       0x000003ba       0x12 /cygdrive/C/cygwin/GNUARM/bin/../lib/gcc/arm-elf/4.0.2/../../../../arm-elf/lib/thumb/interwork/libm.a(e_pow.o)
 .comment       0x000003cc       0x12 /cygdrive/C/cygwin/GNUARM/bin/../lib/gcc/arm-elf/4.0.2/../../../../arm-elf/lib/thumb/interwork/libm.a(e_rem_pio2.o)
 .comment       0x000003de       0x12 /cygdrive/C/cygwin/GNUARM/bin/../lib/gcc/arm-elf/4.0.2/../../../../arm-elf/lib/thumb/interwork/libm.a(e_sqrt.o)
 .comment       0x000003f0       0x12 /cygdrive/C/cygwin/GNUARM/bin/../lib/gcc/arm-elf/4.0.2/../../../../arm-elf/lib/thumb/interwork/libm.a(k_cos.o)
 .comment       0x00000402       0x12 /cygdrive/C/cygwin/GNUARM/bin/../lib/gcc/arm-elf/4.0.2/../../../../arm-elf/lib/thumb/interwork/libm.a(k_rem_pio2.o)
 .comment       0x00000414       0x12 /cygdrive/C/cygwin/GNUARM/bin/../lib/gcc/arm-elf/4.0.2/../../../../arm-elf/lib/thumb/interwork/libm.a(k_sin.o)
 .comment       0x00000426       0x12 /cygdrive/C/cygwin/GNUARM/bin/../lib/gcc/arm-elf/4.0.2/../../../../arm-elf/lib/thumb/interwork/libm.a(s_finite.o)
 .comment       0x00000438       0x12 /cygdrive/C/cygwin/GNUARM/bin/../lib/gcc/arm-elf/4.0.2/../../../../arm-elf/lib/thumb/interwork/libm.a(s_floor.o)
 .comment       0x0000044a       0x12 /cygdrive/C/cygwin/GNUARM/bin/../lib/gcc/arm-elf/4.0.2/../../../../arm-elf/lib/thumb/interwork/libm.a(s_isnan.o)
 .comment       0x0000045c       0x12 /cygdrive/C/cygwin/GNUARM/bin/../lib/gcc/arm-elf/4.0.2/../../../../arm-elf/lib/thumb/interwork/libm.a(s_lib_ver.o)
 .comment       0x0000046e       0x12 /cygdrive/C/cygwin/GNUARM/bin/../lib/gcc/arm-elf/4.0.2/../../../../arm-elf/lib/thumb/interwork/libm.a(s_matherr.o)
 .comment       0x00000480       0x12 /cygdrive/C/cygwin/GNUARM/bin/../lib/gcc/arm-elf/4.0.2/../../../../arm-elf/lib/thumb/interwork/libm.a(s_rint.o)
 .comment       0x00000492       0x12 /cygdrive/C/cygwin/GNUARM/bin/../lib/gcc/arm-elf/4.0.2/../../../../arm-elf/lib/thumb/interwork/libm.a(s_scalbn.o)
 .comment       0x000004a4       0x12 /cygdrive/C/cygwin/GNUARM/bin/../lib/gcc/arm-elf/4.0.2/../../../../arm-elf/lib/thumb/interwork/libm.a(s_copysign.o)
 .comment       0x000004b6       0x12 /cygdrive/C/cygwin/GNUARM/bin/../lib/gcc/arm-elf/4.0.2/thumb/interwork/libgcc.a(_muldi3.o)
 .comment       0x000004c8       0x12 /cygdrive/C/cygwin/GNUARM/bin/../lib/gcc/arm-elf/4.0.2/thumb/interwork/libgcc.a(_divdi3.o)
 .comment       0x000004da       0x12 /cygdrive/C/cygwin/GNUARM/bin/../lib/gcc/arm-elf/4.0.2/thumb/interwork/libgcc.a(_clz.o)
 .comment       0x000004ec       0x12 /cygdrive/C/cygwin/GNUARM/bin/../lib/gcc/arm-elf/4.0.2/../../../../arm-elf/lib/thumb/interwork/libc.a(errno.o)
 .comment       0x000004fe       0x12 /cygdrive/C/cygwin/GNUARM/bin/../lib/gcc/arm-elf/4.0.2/../../../../arm-elf/lib/thumb/interwork/libc.a(impure.o)
 .comment       0x00000510       0x12 /cygdrive/C/cygwin/GNUARM/bin/../lib/gcc/arm-elf/4.0.2/../../../../arm-elf/lib/thumb/interwork/libc.a(memcpy.o)
 .comment       0x00000522       0x12 /cygdrive/C/cygwin/GNUARM/bin/../lib/gcc/arm-elf/4.0.2/../../../../arm-elf/lib/thumb/interwork/libc.a(memset.o)
 .comment       0x00000534       0x12 /cygdrive/C/cygwin/GNUARM/bin/../lib/gcc/arm-elf/4.0.2/../../../../arm-elf/lib/thumb/interwork/libc.a(strcmp.o)
 .comment       0x00000546       0x12 /cygdrive/C/cygwin/GNUARM/bin/../lib/gcc/arm-elf/4.0.2/../../../../arm-elf/lib/thumb/interwork/libc.a(strcpy.o)
 .comment       0x00000558       0x12 /cygdrive/C/cygwin/GNUARM/bin/../lib/gcc/arm-elf/4.0.2/../../../../arm-elf/lib/thumb/interwork/libc.a(strlen.o)
 .comment       0x0000056a       0x12 /cygdrive/C/cygwin/GNUARM/bin/../lib/gcc/arm-elf/4.0.2/../../../../arm-elf/lib/thumb/interwork/libc.a(strncpy.o)

.debug_abbrev   0x00000000     0x1b14
 .debug_abbrev  0x00000000       0xc5 /cygdrive/C/cygwin/GNUARM/bin/../lib/gcc/arm-elf/4.0.2/../../../../arm-elf/lib/thumb/interwork/libm.a(s_fabs.o)
 .debug_abbrev  0x000000c5       0x9a /cygdrive/C/cygwin/GNUARM/bin/../lib/gcc/arm-elf/4.0.2/../../../../arm-elf/lib/thumb/interwork/libm.a(s_sin.o)
 .debug_abbrev  0x0000015f       0xd6 /cygdrive/C/cygwin/GNUARM/bin/../lib/gcc/arm-elf/4.0.2/../../../../arm-elf/lib/thumb/interwork/libm.a(w_acos.o)
 .debug_abbrev  0x00000235       0xc7 /cygdrive/C/cygwin/GNUARM/bin/../lib/gcc/arm-elf/4.0.2/../../../../arm-elf/lib/thumb/interwork/libm.a(w_pow.o)
 .debug_abbrev  0x000002fc       0xd6 /cygdrive/C/cygwin/GNUARM/bin/../lib/gcc/arm-elf/4.0.2/../../../../arm-elf/lib/thumb/interwork/libm.a(w_sqrt.o)
 .debug_abbrev  0x000003d2      0x102 /cygdrive/C/cygwin/GNUARM/bin/../lib/gcc/arm-elf/4.0.2/../../../../arm-elf/lib/thumb/interwork/libm.a(e_acos.o)
 .debug_abbrev  0x000004d4      0x15d /cygdrive/C/cygwin/GNUARM/bin/../lib/gcc/arm-elf/4.0.2/../../../../arm-elf/lib/thumb/interwork/libm.a(e_pow.o)
 .debug_abbrev  0x00000631      0x144 /cygdrive/C/cygwin/GNUARM/bin/../lib/gcc/arm-elf/4.0.2/../../../../arm-elf/lib/thumb/interwork/libm.a(e_rem_pio2.o)
 .debug_abbrev  0x00000775      0x122 /cygdrive/C/cygwin/GNUARM/bin/../lib/gcc/arm-elf/4.0.2/../../../../arm-elf/lib/thumb/interwork/libm.a(e_sqrt.o)
 .debug_abbrev  0x00000897       0xec /cygdrive/C/cygwin/GNUARM/bin/../lib/gcc/arm-elf/4.0.2/../../../../arm-elf/lib/thumb/interwork/libm.a(k_cos.o)
 .debug_abbrev  0x00000983      0x104 /cygdrive/C/cygwin/GNUARM/bin/../lib/gcc/arm-elf/4.0.2/../../../../arm-elf/lib/thumb/interwork/libm.a(k_rem_pio2.o)
 .debug_abbrev  0x00000a87       0xaf /cygdrive/C/cygwin/GNUARM/bin/../lib/gcc/arm-elf/4.0.2/../../../../arm-elf/lib/thumb/interwork/libm.a(k_sin.o)
 .debug_abbrev  0x00000b36       0xc5 /cygdrive/C/cygwin/GNUARM/bin/../lib/gcc/arm-elf/4.0.2/../../../../arm-elf/lib/thumb/interwork/libm.a(s_finite.o)
 .debug_abbrev  0x00000bfb       0xf9 /cygdrive/C/cygwin/GNUARM/bin/../lib/gcc/arm-elf/4.0.2/../../../../arm-elf/lib/thumb/interwork/libm.a(s_floor.o)
 .debug_abbrev  0x00000cf4       0x79 /cygdrive/C/cygwin/GNUARM/bin/../lib/gcc/arm-elf/4.0.2/../../../../arm-elf/lib/thumb/interwork/libm.a(s_isnan.o)
 .debug_abbrev  0x00000d6d       0x5a /cygdrive/C/cygwin/GNUARM/bin/../lib/gcc/arm-elf/4.0.2/../../../../arm-elf/lib/thumb/interwork/libm.a(s_lib_ver.o)
 .debug_abbrev  0x00000dc7       0x95 /cygdrive/C/cygwin/GNUARM/bin/../lib/gcc/arm-elf/4.0.2/../../../../arm-elf/lib/thumb/interwork/libm.a(s_matherr.o)
 .debug_abbrev  0x00000e5c      0x10e /cygdrive/C/cygwin/GNUARM/bin/../lib/gcc/arm-elf/4.0.2/../../../../arm-elf/lib/thumb/interwork/libm.a(s_rint.o)
 .debug_abbrev  0x00000f6a       0xf7 /cygdrive/C/cygwin/GNUARM/bin/../lib/gcc/arm-elf/4.0.2/../../../../arm-elf/lib/thumb/interwork/libm.a(s_scalbn.o)
 .debug_abbrev  0x00001061       0xe8 /cygdrive/C/cygwin/GNUARM/bin/../lib/gcc/arm-elf/4.0.2/../../../../arm-elf/lib/thumb/interwork/libm.a(s_copysign.o)
 .debug_abbrev  0x00001149       0x14 /cygdrive/C/cygwin/GNUARM/bin/../lib/gcc/arm-elf/4.0.2/thumb/interwork/libgcc.a(_udivsi3.o)
 .debug_abbrev  0x0000115d       0x14 /cygdrive/C/cygwin/GNUARM/bin/../lib/gcc/arm-elf/4.0.2/thumb/interwork/libgcc.a(_divsi3.o)
 .debug_abbrev  0x00001171       0x14 /cygdrive/C/cygwin/GNUARM/bin/../lib/gcc/arm-elf/4.0.2/thumb/interwork/libgcc.a(_umodsi3.o)
 .debug_abbrev  0x00001185       0x14 /cygdrive/C/cygwin/GNUARM/bin/../lib/gcc/arm-elf/4.0.2/thumb/interwork/libgcc.a(_modsi3.o)
 .debug_abbrev  0x00001199       0x14 /cygdrive/C/cygwin/GNUARM/bin/../lib/gcc/arm-elf/4.0.2/thumb/interwork/libgcc.a(_dvmd_tls.o)
 .debug_abbrev  0x000011ad       0x14 /cygdrive/C/cygwin/GNUARM/bin/../lib/gcc/arm-elf/4.0.2/thumb/interwork/libgcc.a(_addsubdf3.o)
 .debug_abbrev  0x000011c1       0x14 /cygdrive/C/cygwin/GNUARM/bin/../lib/gcc/arm-elf/4.0.2/thumb/interwork/libgcc.a(_muldivdf3.o)
 .debug_abbrev  0x000011d5       0x14 /cygdrive/C/cygwin/GNUARM/bin/../lib/gcc/arm-elf/4.0.2/thumb/interwork/libgcc.a(_cmpdf2.o)
 .debug_abbrev  0x000011e9       0x14 /cygdrive/C/cygwin/GNUARM/bin/../lib/gcc/arm-elf/4.0.2/thumb/interwork/libgcc.a(_fixdfsi.o)
 .debug_abbrev  0x000011fd       0x14 /cygdrive/C/cygwin/GNUARM/bin/../lib/gcc/arm-elf/4.0.2/thumb/interwork/libgcc.a(_truncdfsf2.o)
 .debug_abbrev  0x00001211       0x14 /cygdrive/C/cygwin/GNUARM/bin/../lib/gcc/arm-elf/4.0.2/thumb/interwork/libgcc.a(_addsubsf3.o)
 .debug_abbrev  0x00001225       0x14 /cygdrive/C/cygwin/GNUARM/bin/../lib/gcc/arm-elf/4.0.2/thumb/interwork/libgcc.a(_muldivsf3.o)
 .debug_abbrev  0x00001239       0x14 /cygdrive/C/cygwin/GNUARM/bin/../lib/gcc/arm-elf/4.0.2/thumb/interwork/libgcc.a(_cmpsf2.o)
 .debug_abbrev  0x0000124d       0x14 /cygdrive/C/cygwin/GNUARM/bin/../lib/gcc/arm-elf/4.0.2/thumb/interwork/libgcc.a(_fixsfsi.o)
 .debug_abbrev  0x00001261       0xec /cygdrive/C/cygwin/GNUARM/bin/../lib/gcc/arm-elf/4.0.2/thumb/interwork/libgcc.a(_muldi3.o)
 .debug_abbrev  0x0000134d      0x174 /cygdrive/C/cygwin/GNUARM/bin/../lib/gcc/arm-elf/4.0.2/thumb/interwork/libgcc.a(_divdi3.o)
 .debug_abbrev  0x000014c1       0x61 /cygdrive/C/cygwin/GNUARM/bin/../lib/gcc/arm-elf/4.0.2/thumb/interwork/libgcc.a(_clz.o)
 .debug_abbrev  0x00001522      0x15f /cygdrive/C/cygwin/GNUARM/bin/../lib/gcc/arm-elf/4.0.2/../../../../arm-elf/lib/thumb/interwork/libc.a(errno.o)